Archive member included to satisfy reference by file (symbol)

c:/st/stm32cubeide_1.7.0/stm32cubeide/plugins/com.st.stm32cube.ide.mcu.externaltools.gnu-tools-for-stm32.9-2020-q2-update.win32_2.0.0.202105311346/tools/bin/../lib/gcc/arm-none-eabi/9.3.1/../../../../arm-none-eabi/lib/thumb/v7e-m+fp/hard\libc_nano.a(lib_a-errno.o)
                              ./Core/Src/syscalls.o (__errno)
c:/st/stm32cubeide_1.7.0/stm32cubeide/plugins/com.st.stm32cube.ide.mcu.externaltools.gnu-tools-for-stm32.9-2020-q2-update.win32_2.0.0.202105311346/tools/bin/../lib/gcc/arm-none-eabi/9.3.1/../../../../arm-none-eabi/lib/thumb/v7e-m+fp/hard\libc_nano.a(lib_a-exit.o)
                              c:/st/stm32cubeide_1.7.0/stm32cubeide/plugins/com.st.stm32cube.ide.mcu.externaltools.gnu-tools-for-stm32.9-2020-q2-update.win32_2.0.0.202105311346/tools/bin/../lib/gcc/arm-none-eabi/9.3.1/../../../../arm-none-eabi/lib/thumb/v7e-m+fp/hard/crt0.o (exit)
c:/st/stm32cubeide_1.7.0/stm32cubeide/plugins/com.st.stm32cube.ide.mcu.externaltools.gnu-tools-for-stm32.9-2020-q2-update.win32_2.0.0.202105311346/tools/bin/../lib/gcc/arm-none-eabi/9.3.1/../../../../arm-none-eabi/lib/thumb/v7e-m+fp/hard\libc_nano.a(lib_a-impure.o)
                              c:/st/stm32cubeide_1.7.0/stm32cubeide/plugins/com.st.stm32cube.ide.mcu.externaltools.gnu-tools-for-stm32.9-2020-q2-update.win32_2.0.0.202105311346/tools/bin/../lib/gcc/arm-none-eabi/9.3.1/../../../../arm-none-eabi/lib/thumb/v7e-m+fp/hard\libc_nano.a(lib_a-exit.o) (_global_impure_ptr)
c:/st/stm32cubeide_1.7.0/stm32cubeide/plugins/com.st.stm32cube.ide.mcu.externaltools.gnu-tools-for-stm32.9-2020-q2-update.win32_2.0.0.202105311346/tools/bin/../lib/gcc/arm-none-eabi/9.3.1/../../../../arm-none-eabi/lib/thumb/v7e-m+fp/hard\libc_nano.a(lib_a-init.o)
                              c:/st/stm32cubeide_1.7.0/stm32cubeide/plugins/com.st.stm32cube.ide.mcu.externaltools.gnu-tools-for-stm32.9-2020-q2-update.win32_2.0.0.202105311346/tools/bin/../lib/gcc/arm-none-eabi/9.3.1/../../../../arm-none-eabi/lib/thumb/v7e-m+fp/hard/crt0.o (__libc_init_array)
c:/st/stm32cubeide_1.7.0/stm32cubeide/plugins/com.st.stm32cube.ide.mcu.externaltools.gnu-tools-for-stm32.9-2020-q2-update.win32_2.0.0.202105311346/tools/bin/../lib/gcc/arm-none-eabi/9.3.1/../../../../arm-none-eabi/lib/thumb/v7e-m+fp/hard\libc_nano.a(lib_a-memset.o)
                              c:/st/stm32cubeide_1.7.0/stm32cubeide/plugins/com.st.stm32cube.ide.mcu.externaltools.gnu-tools-for-stm32.9-2020-q2-update.win32_2.0.0.202105311346/tools/bin/../lib/gcc/arm-none-eabi/9.3.1/../../../../arm-none-eabi/lib/thumb/v7e-m+fp/hard/crt0.o (memset)
c:/st/stm32cubeide_1.7.0/stm32cubeide/plugins/com.st.stm32cube.ide.mcu.externaltools.gnu-tools-for-stm32.9-2020-q2-update.win32_2.0.0.202105311346/tools/bin/../lib/gcc/arm-none-eabi/9.3.1/thumb/v7e-m+fp/hard\libgcc.a(_aeabi_uldivmod.o)
                              ./Drivers/STM32F4xx_HAL_Driver/Src/stm32f4xx_hal_rcc.o (__aeabi_uldivmod)
c:/st/stm32cubeide_1.7.0/stm32cubeide/plugins/com.st.stm32cube.ide.mcu.externaltools.gnu-tools-for-stm32.9-2020-q2-update.win32_2.0.0.202105311346/tools/bin/../lib/gcc/arm-none-eabi/9.3.1/thumb/v7e-m+fp/hard\libgcc.a(_udivmoddi4.o)
                              c:/st/stm32cubeide_1.7.0/stm32cubeide/plugins/com.st.stm32cube.ide.mcu.externaltools.gnu-tools-for-stm32.9-2020-q2-update.win32_2.0.0.202105311346/tools/bin/../lib/gcc/arm-none-eabi/9.3.1/thumb/v7e-m+fp/hard\libgcc.a(_aeabi_uldivmod.o) (__udivmoddi4)
c:/st/stm32cubeide_1.7.0/stm32cubeide/plugins/com.st.stm32cube.ide.mcu.externaltools.gnu-tools-for-stm32.9-2020-q2-update.win32_2.0.0.202105311346/tools/bin/../lib/gcc/arm-none-eabi/9.3.1/thumb/v7e-m+fp/hard\libgcc.a(_dvmd_tls.o)
                              c:/st/stm32cubeide_1.7.0/stm32cubeide/plugins/com.st.stm32cube.ide.mcu.externaltools.gnu-tools-for-stm32.9-2020-q2-update.win32_2.0.0.202105311346/tools/bin/../lib/gcc/arm-none-eabi/9.3.1/thumb/v7e-m+fp/hard\libgcc.a(_aeabi_uldivmod.o) (__aeabi_ldiv0)

Allocating common symbols
Common symbol       size              file

hUsbDeviceFS        0x2d0             ./USB_DEVICE/App/usb_device.o
hi2c3               0x54              ./Core/Src/main.o
hpcd_USB_OTG_FS     0x408             ./USB_DEVICE/Target/usbd_conf.o
uwTick              0x4               ./Drivers/STM32F4xx_HAL_Driver/Src/stm32f4xx_hal.o
ppg_config          0xc               ./Core/Src/MAX86916/MAX86916.o
pFlash              0x20              ./Drivers/STM32F4xx_HAL_Driver/Src/stm32f4xx_hal_flash.o
UserRxBufferFS      0x800             ./USB_DEVICE/App/usbd_cdc_if.o
UserTxBufferFS      0x800             ./USB_DEVICE/App/usbd_cdc_if.o
USBD_StrDesc        0x200             ./USB_DEVICE/App/usbd_desc.o

Discarded input sections

[...]
Memory Configuration

Name             Origin             Length             Attributes
CCMRAM           0x0000000010000000 0x0000000000010000 xrw
RAM              0x0000000020000000 0x0000000000020000 xrw
FLASH            0x0000000008000000 0x0000000000100000 xr
*default*        0x0000000000000000 0xffffffffffffffff

Linker script and memory map

LOAD c:/st/stm32cubeide_1.7.0/stm32cubeide/plugins/com.st.stm32cube.ide.mcu.externaltools.gnu-tools-for-stm32.9-2020-q2-update.win32_2.0.0.202105311346/tools/bin/../lib/gcc/arm-none-eabi/9.3.1/thumb/v7e-m+fp/hard/crti.o
LOAD c:/st/stm32cubeide_1.7.0/stm32cubeide/plugins/com.st.stm32cube.ide.mcu.externaltools.gnu-tools-for-stm32.9-2020-q2-update.win32_2.0.0.202105311346/tools/bin/../lib/gcc/arm-none-eabi/9.3.1/thumb/v7e-m+fp/hard/crtbegin.o
LOAD c:/st/stm32cubeide_1.7.0/stm32cubeide/plugins/com.st.stm32cube.ide.mcu.externaltools.gnu-tools-for-stm32.9-2020-q2-update.win32_2.0.0.202105311346/tools/bin/../lib/gcc/arm-none-eabi/9.3.1/../../../../arm-none-eabi/lib/thumb/v7e-m+fp/hard/crt0.o
LOAD ./Core/Src/MAX86916/MAX86916.o
LOAD ./Core/Src/main.o
LOAD ./Core/Src/stm32f4xx_hal_msp.o
LOAD ./Core/Src/stm32f4xx_it.o
LOAD ./Core/Src/syscalls.o
LOAD ./Core/Src/sysmem.o
LOAD ./Core/Src/system_stm32f4xx.o
LOAD ./Core/Startup/startup_stm32f407vgtx.o
LOAD ./Drivers/STM32F4xx_HAL_Driver/Src/stm32f4xx_hal.o
LOAD ./Drivers/STM32F4xx_HAL_Driver/Src/stm32f4xx_hal_cortex.o
LOAD ./Drivers/STM32F4xx_HAL_Driver/Src/stm32f4xx_hal_dma.o
LOAD ./Drivers/STM32F4xx_HAL_Driver/Src/stm32f4xx_hal_dma_ex.o
LOAD ./Drivers/STM32F4xx_HAL_Driver/Src/stm32f4xx_hal_exti.o
LOAD ./Drivers/STM32F4xx_HAL_Driver/Src/stm32f4xx_hal_flash.o
LOAD ./Drivers/STM32F4xx_HAL_Driver/Src/stm32f4xx_hal_flash_ex.o
LOAD ./Drivers/STM32F4xx_HAL_Driver/Src/stm32f4xx_hal_flash_ramfunc.o
LOAD ./Drivers/STM32F4xx_HAL_Driver/Src/stm32f4xx_hal_gpio.o
LOAD ./Drivers/STM32F4xx_HAL_Driver/Src/stm32f4xx_hal_i2c.o
LOAD ./Drivers/STM32F4xx_HAL_Driver/Src/stm32f4xx_hal_i2c_ex.o
LOAD ./Drivers/STM32F4xx_HAL_Driver/Src/stm32f4xx_hal_pcd.o
LOAD ./Drivers/STM32F4xx_HAL_Driver/Src/stm32f4xx_hal_pcd_ex.o
LOAD ./Drivers/STM32F4xx_HAL_Driver/Src/stm32f4xx_hal_pwr.o
LOAD ./Drivers/STM32F4xx_HAL_Driver/Src/stm32f4xx_hal_pwr_ex.o
LOAD ./Drivers/STM32F4xx_HAL_Driver/Src/stm32f4xx_hal_rcc.o
LOAD ./Drivers/STM32F4xx_HAL_Driver/Src/stm32f4xx_hal_rcc_ex.o
LOAD ./Drivers/STM32F4xx_HAL_Driver/Src/stm32f4xx_hal_tim.o
LOAD ./Drivers/STM32F4xx_HAL_Driver/Src/stm32f4xx_hal_tim_ex.o
LOAD ./Drivers/STM32F4xx_HAL_Driver/Src/stm32f4xx_ll_usb.o
LOAD ./Middlewares/ST/STM32_USB_Device_Library/Class/CDC/Src/usbd_cdc.o
LOAD ./Middlewares/ST/STM32_USB_Device_Library/Core/Src/usbd_core.o
LOAD ./Middlewares/ST/STM32_USB_Device_Library/Core/Src/usbd_ctlreq.o
LOAD ./Middlewares/ST/STM32_USB_Device_Library/Core/Src/usbd_ioreq.o
LOAD ./USB_DEVICE/App/usb_device.o
LOAD ./USB_DEVICE/App/usbd_cdc_if.o
LOAD ./USB_DEVICE/App/usbd_desc.o
LOAD ./USB_DEVICE/Target/usbd_conf.o
START GROUP
LOAD c:/st/stm32cubeide_1.7.0/stm32cubeide/plugins/com.st.stm32cube.ide.mcu.externaltools.gnu-tools-for-stm32.9-2020-q2-update.win32_2.0.0.202105311346/tools/bin/../lib/gcc/arm-none-eabi/9.3.1/../../../../arm-none-eabi/lib/thumb/v7e-m+fp/hard\libc_nano.a
LOAD c:/st/stm32cubeide_1.7.0/stm32cubeide/plugins/com.st.stm32cube.ide.mcu.externaltools.gnu-tools-for-stm32.9-2020-q2-update.win32_2.0.0.202105311346/tools/bin/../lib/gcc/arm-none-eabi/9.3.1/../../../../arm-none-eabi/lib/thumb/v7e-m+fp/hard\libm.a
END GROUP
START GROUP
LOAD c:/st/stm32cubeide_1.7.0/stm32cubeide/plugins/com.st.stm32cube.ide.mcu.externaltools.gnu-tools-for-stm32.9-2020-q2-update.win32_2.0.0.202105311346/tools/bin/../lib/gcc/arm-none-eabi/9.3.1/thumb/v7e-m+fp/hard\libgcc.a
LOAD c:/st/stm32cubeide_1.7.0/stm32cubeide/plugins/com.st.stm32cube.ide.mcu.externaltools.gnu-tools-for-stm32.9-2020-q2-update.win32_2.0.0.202105311346/tools/bin/../lib/gcc/arm-none-eabi/9.3.1/../../../../arm-none-eabi/lib/thumb/v7e-m+fp/hard\libc_nano.a
END GROUP
START GROUP
LOAD c:/st/stm32cubeide_1.7.0/stm32cubeide/plugins/com.st.stm32cube.ide.mcu.externaltools.gnu-tools-for-stm32.9-2020-q2-update.win32_2.0.0.202105311346/tools/bin/../lib/gcc/arm-none-eabi/9.3.1/thumb/v7e-m+fp/hard\libgcc.a
LOAD c:/st/stm32cubeide_1.7.0/stm32cubeide/plugins/com.st.stm32cube.ide.mcu.externaltools.gnu-tools-for-stm32.9-2020-q2-update.win32_2.0.0.202105311346/tools/bin/../lib/gcc/arm-none-eabi/9.3.1/../../../../arm-none-eabi/lib/thumb/v7e-m+fp/hard\libc_nano.a
LOAD c:/st/stm32cubeide_1.7.0/stm32cubeide/plugins/com.st.stm32cube.ide.mcu.externaltools.gnu-tools-for-stm32.9-2020-q2-update.win32_2.0.0.202105311346/tools/bin/../lib/gcc/arm-none-eabi/9.3.1/../../../../arm-none-eabi/lib/thumb/v7e-m+fp/hard\libnosys.a
END GROUP
START GROUP
LOAD c:/st/stm32cubeide_1.7.0/stm32cubeide/plugins/com.st.stm32cube.ide.mcu.externaltools.gnu-tools-for-stm32.9-2020-q2-update.win32_2.0.0.202105311346/tools/bin/../lib/gcc/arm-none-eabi/9.3.1/thumb/v7e-m+fp/hard\libgcc.a
LOAD c:/st/stm32cubeide_1.7.0/stm32cubeide/plugins/com.st.stm32cube.ide.mcu.externaltools.gnu-tools-for-stm32.9-2020-q2-update.win32_2.0.0.202105311346/tools/bin/../lib/gcc/arm-none-eabi/9.3.1/../../../../arm-none-eabi/lib/thumb/v7e-m+fp/hard\libc_nano.a
LOAD c:/st/stm32cubeide_1.7.0/stm32cubeide/plugins/com.st.stm32cube.ide.mcu.externaltools.gnu-tools-for-stm32.9-2020-q2-update.win32_2.0.0.202105311346/tools/bin/../lib/gcc/arm-none-eabi/9.3.1/../../../../arm-none-eabi/lib/thumb/v7e-m+fp/hard\libnosys.a
END GROUP
LOAD c:/st/stm32cubeide_1.7.0/stm32cubeide/plugins/com.st.stm32cube.ide.mcu.externaltools.gnu-tools-for-stm32.9-2020-q2-update.win32_2.0.0.202105311346/tools/bin/../lib/gcc/arm-none-eabi/9.3.1/thumb/v7e-m+fp/hard/crtend.o
LOAD c:/st/stm32cubeide_1.7.0/stm32cubeide/plugins/com.st.stm32cube.ide.mcu.externaltools.gnu-tools-for-stm32.9-2020-q2-update.win32_2.0.0.202105311346/tools/bin/../lib/gcc/arm-none-eabi/9.3.1/thumb/v7e-m+fp/hard/crtn.o
                0x0000000020020000                _estack = (ORIGIN (RAM) + LENGTH (RAM))
                0x0000000000000200                _Min_Heap_Size = 0x200
                0x0000000000000400                _Min_Stack_Size = 0x400

.isr_vector     0x0000000008000000      0x188
                0x0000000008000000                . = ALIGN (0x4)
 *(.isr_vector)
 .isr_vector    0x0000000008000000      0x188 ./Core/Startup/startup_stm32f407vgtx.o
                0x0000000008000000                g_pfnVectors
                0x0000000008000188                . = ALIGN (0x4)

.text           0x0000000008000188     0x7cac
                0x0000000008000188                . = ALIGN (0x4)
 *(.text)
 .text          0x0000000008000188       0x40 c:/st/stm32cubeide_1.7.0/stm32cubeide/plugins/com.st.stm32cube.ide.mcu.externaltools.gnu-tools-for-stm32.9-2020-q2-update.win32_2.0.0.202105311346/tools/bin/../lib/gcc/arm-none-eabi/9.3.1/thumb/v7e-m+fp/hard/crtbegin.o
 .text          0x00000000080001c8       0x30 c:/st/stm32cubeide_1.7.0/stm32cubeide/plugins/com.st.stm32cube.ide.mcu.externaltools.gnu-tools-for-stm32.9-2020-q2-update.win32_2.0.0.202105311346/tools/bin/../lib/gcc/arm-none-eabi/9.3.1/thumb/v7e-m+fp/hard\libgcc.a(_aeabi_uldivmod.o)
                0x00000000080001c8                __aeabi_uldivmod
 .text          0x00000000080001f8      0x2c4 c:/st/stm32cubeide_1.7.0/stm32cubeide/plugins/com.st.stm32cube.ide.mcu.externaltools.gnu-tools-for-stm32.9-2020-q2-update.win32_2.0.0.202105311346/tools/bin/../lib/gcc/arm-none-eabi/9.3.1/thumb/v7e-m+fp/hard\libgcc.a(_udivmoddi4.o)
                0x00000000080001f8                __udivmoddi4
 .text          0x00000000080004bc        0x4 c:/st/stm32cubeide_1.7.0/stm32cubeide/plugins/com.st.stm32cube.ide.mcu.externaltools.gnu-tools-for-stm32.9-2020-q2-update.win32_2.0.0.202105311346/tools/bin/../lib/gcc/arm-none-eabi/9.3.1/thumb/v7e-m+fp/hard\libgcc.a(_dvmd_tls.o)
                0x00000000080004bc                __aeabi_idiv0
                0x00000000080004bc                __aeabi_ldiv0
 *(.text*)
 .text.MAX86916_I2C_Write
                0x00000000080004c0       0xb8 ./Core/Src/MAX86916/MAX86916.o
                0x00000000080004c0                MAX86916_I2C_Write
 .text.MAX86916_I2C_Read
                0x0000000008000578       0x7c ./Core/Src/MAX86916/MAX86916.o
                0x0000000008000578                MAX86916_I2C_Read
 .text.MAX86916_Read_Part_ID
                0x00000000080005f4       0x1c ./Core/Src/MAX86916/MAX86916.o
                0x00000000080005f4                MAX86916_Read_Part_ID
 .text.MAX86916_Check
                0x0000000008000610      0x164 ./Core/Src/MAX86916/MAX86916.o
                0x0000000008000610                MAX86916_Check
 .text.MAX86916_Config
                0x0000000008000774      0x2a0 ./Core/Src/MAX86916/MAX86916.o
                0x0000000008000774                MAX86916_Config
 .text.MAX86916_Read_Sample_Flex_Mode
                0x0000000008000a14       0xb4 ./Core/Src/MAX86916/MAX86916.o
                0x0000000008000a14                MAX86916_Read_Sample_Flex_Mode
 .text.MAX86916_Clear_Fifo
                0x0000000008000ac8       0x72 ./Core/Src/MAX86916/MAX86916.o
                0x0000000008000ac8                MAX86916_Clear_Fifo
 .text.main     0x0000000008000b3a       0xb6 ./Core/Src/main.o
                0x0000000008000b3a                main
 .text.SystemClock_Config
                0x0000000008000bf0       0xd8 ./Core/Src/main.o
                0x0000000008000bf0                SystemClock_Config
 .text.MX_I2C3_Init
                0x0000000008000cc8       0x5c ./Core/Src/main.o
 .text.MX_GPIO_Init
                0x0000000008000d24      0x280 ./Core/Src/main.o
 .text.Error_Handler
                0x0000000008000fa4        0xa ./Core/Src/main.o
                0x0000000008000fa4                Error_Handler
 *fill*         0x0000000008000fae        0x2 
 .text.HAL_MspInit
                0x0000000008000fb0       0x50 ./Core/Src/stm32f4xx_hal_msp.o
                0x0000000008000fb0                HAL_MspInit
 .text.HAL_I2C_MspInit
                0x0000000008001000       0xd4 ./Core/Src/stm32f4xx_hal_msp.o
                0x0000000008001000                HAL_I2C_MspInit
 .text.NMI_Handler
                0x00000000080010d4        0x6 ./Core/Src/stm32f4xx_it.o
                0x00000000080010d4                NMI_Handler
 .text.HardFault_Handler
                0x00000000080010da        0x6 ./Core/Src/stm32f4xx_it.o
                0x00000000080010da                HardFault_Handler
 .text.MemManage_Handler
                0x00000000080010e0        0x6 ./Core/Src/stm32f4xx_it.o
                0x00000000080010e0                MemManage_Handler
 .text.BusFault_Handler
                0x00000000080010e6        0x6 ./Core/Src/stm32f4xx_it.o
                0x00000000080010e6                BusFault_Handler
 .text.UsageFault_Handler
                0x00000000080010ec        0x6 ./Core/Src/stm32f4xx_it.o
                0x00000000080010ec                UsageFault_Handler
 .text.SVC_Handler
                0x00000000080010f2        0xe ./Core/Src/stm32f4xx_it.o
                0x00000000080010f2                SVC_Handler
 .text.DebugMon_Handler
                0x0000000008001100        0xe ./Core/Src/stm32f4xx_it.o
                0x0000000008001100                DebugMon_Handler
 .text.PendSV_Handler
                0x000000000800110e        0xe ./Core/Src/stm32f4xx_it.o
                0x000000000800110e                PendSV_Handler
 .text.SysTick_Handler
                0x000000000800111c        0xc ./Core/Src/stm32f4xx_it.o
                0x000000000800111c                SysTick_Handler
 .text.OTG_FS_IRQHandler
                0x0000000008001128       0x14 ./Core/Src/stm32f4xx_it.o
                0x0000000008001128                OTG_FS_IRQHandler
 .text.SystemInit
                0x000000000800113c       0x24 ./Core/Src/system_stm32f4xx.o
                0x000000000800113c                SystemInit
 .text.Reset_Handler
                0x0000000008001160       0x50 ./Core/Startup/startup_stm32f407vgtx.o
                0x0000000008001160                Reset_Handler
 .text.Default_Handler
                0x00000000080011b0        0x2 ./Core/Startup/startup_stm32f407vgtx.o
                0x00000000080011b0                RTC_Alarm_IRQHandler
                0x00000000080011b0                HASH_RNG_IRQHandler
                0x00000000080011b0                EXTI2_IRQHandler
                0x00000000080011b0                TIM8_CC_IRQHandler
                0x00000000080011b0                TIM1_CC_IRQHandler
                0x00000000080011b0                DMA2_Stream5_IRQHandler
                0x00000000080011b0                DMA1_Stream5_IRQHandler
                0x00000000080011b0                PVD_IRQHandler
                0x00000000080011b0                SDIO_IRQHandler
                0x00000000080011b0                TAMP_STAMP_IRQHandler
                0x00000000080011b0                CAN2_RX1_IRQHandler
                0x00000000080011b0                EXTI3_IRQHandler
                0x00000000080011b0                TIM8_TRG_COM_TIM14_IRQHandler
                0x00000000080011b0                TIM1_UP_TIM10_IRQHandler
                0x00000000080011b0                TIM8_UP_TIM13_IRQHandler
                0x00000000080011b0                I2C3_ER_IRQHandler
                0x00000000080011b0                EXTI0_IRQHandler
                0x00000000080011b0                I2C2_EV_IRQHandler
                0x00000000080011b0                DMA1_Stream2_IRQHandler
                0x00000000080011b0                CAN1_RX0_IRQHandler
                0x00000000080011b0                FPU_IRQHandler
                0x00000000080011b0                OTG_HS_WKUP_IRQHandler
                0x00000000080011b0                CAN2_SCE_IRQHandler
                0x00000000080011b0                DMA2_Stream2_IRQHandler
                0x00000000080011b0                SPI1_IRQHandler
                0x00000000080011b0                TIM6_DAC_IRQHandler
                0x00000000080011b0                TIM1_BRK_TIM9_IRQHandler
                0x00000000080011b0                DCMI_IRQHandler
                0x00000000080011b0                CAN2_RX0_IRQHandler
                0x00000000080011b0                DMA2_Stream3_IRQHandler
                0x00000000080011b0                USART6_IRQHandler
                0x00000000080011b0                USART3_IRQHandler
                0x00000000080011b0                CAN1_RX1_IRQHandler
                0x00000000080011b0                UART5_IRQHandler
                0x00000000080011b0                DMA2_Stream0_IRQHandler
                0x00000000080011b0                TIM4_IRQHandler
                0x00000000080011b0                I2C1_EV_IRQHandler
                0x00000000080011b0                DMA1_Stream6_IRQHandler
                0x00000000080011b0                DMA1_Stream1_IRQHandler
                0x00000000080011b0                UART4_IRQHandler
                0x00000000080011b0                TIM3_IRQHandler
                0x00000000080011b0                RCC_IRQHandler
                0x00000000080011b0                TIM8_BRK_TIM12_IRQHandler
                0x00000000080011b0                Default_Handler
                0x00000000080011b0                EXTI15_10_IRQHandler
                0x00000000080011b0                ADC_IRQHandler
                0x00000000080011b0                DMA1_Stream7_IRQHandler
                0x00000000080011b0                TIM7_IRQHandler
                0x00000000080011b0                CAN2_TX_IRQHandler
                0x00000000080011b0                TIM5_IRQHandler
                0x00000000080011b0                DMA2_Stream7_IRQHandler
                0x00000000080011b0                I2C3_EV_IRQHandler
                0x00000000080011b0                EXTI9_5_IRQHandler
                0x00000000080011b0                RTC_WKUP_IRQHandler
                0x00000000080011b0                ETH_WKUP_IRQHandler
                0x00000000080011b0                SPI2_IRQHandler
                0x00000000080011b0                OTG_HS_EP1_IN_IRQHandler
                0x00000000080011b0                DMA1_Stream0_IRQHandler
                0x00000000080011b0                CAN1_TX_IRQHandler
                0x00000000080011b0                EXTI4_IRQHandler
                0x00000000080011b0                FSMC_IRQHandler
                0x00000000080011b0                ETH_IRQHandler
                0x00000000080011b0                OTG_HS_EP1_OUT_IRQHandler
                0x00000000080011b0                WWDG_IRQHandler
                0x00000000080011b0                TIM2_IRQHandler
                0x00000000080011b0                OTG_FS_WKUP_IRQHandler
                0x00000000080011b0                TIM1_TRG_COM_TIM11_IRQHandler
                0x00000000080011b0                OTG_HS_IRQHandler
                0x00000000080011b0                EXTI1_IRQHandler
                0x00000000080011b0                USART2_IRQHandler
                0x00000000080011b0                I2C2_ER_IRQHandler
                0x00000000080011b0                DMA2_Stream1_IRQHandler
                0x00000000080011b0                CAN1_SCE_IRQHandler
                0x00000000080011b0                FLASH_IRQHandler
                0x00000000080011b0                DMA2_Stream4_IRQHandler
                0x00000000080011b0                USART1_IRQHandler
                0x00000000080011b0                SPI3_IRQHandler
                0x00000000080011b0                DMA1_Stream4_IRQHandler
                0x00000000080011b0                I2C1_ER_IRQHandler
                0x00000000080011b0                DMA2_Stream6_IRQHandler
                0x00000000080011b0                DMA1_Stream3_IRQHandler
 *fill*         0x00000000080011b2        0x2 
 .text.HAL_Init
                0x00000000080011b4       0x44 ./Drivers/STM32F4xx_HAL_Driver/Src/stm32f4xx_hal.o
                0x00000000080011b4                HAL_Init
 .text.HAL_InitTick
                0x00000000080011f8       0x60 ./Drivers/STM32F4xx_HAL_Driver/Src/stm32f4xx_hal.o
                0x00000000080011f8                HAL_InitTick
 .text.HAL_IncTick
                0x0000000008001258       0x28 ./Drivers/STM32F4xx_HAL_Driver/Src/stm32f4xx_hal.o
                0x0000000008001258                HAL_IncTick
 .text.HAL_GetTick
                0x0000000008001280       0x18 ./Drivers/STM32F4xx_HAL_Driver/Src/stm32f4xx_hal.o
                0x0000000008001280                HAL_GetTick
 .text.HAL_Delay
                0x0000000008001298       0x48 ./Drivers/STM32F4xx_HAL_Driver/Src/stm32f4xx_hal.o
                0x0000000008001298                HAL_Delay
 .text.__NVIC_SetPriorityGrouping
                0x00000000080012e0       0x48 ./Drivers/STM32F4xx_HAL_Driver/Src/stm32f4xx_hal_cortex.o
 .text.__NVIC_GetPriorityGrouping
                0x0000000008001328       0x1c ./Drivers/STM32F4xx_HAL_Driver/Src/stm32f4xx_hal_cortex.o
 .text.__NVIC_EnableIRQ
                0x0000000008001344       0x3c ./Drivers/STM32F4xx_HAL_Driver/Src/stm32f4xx_hal_cortex.o
 .text.__NVIC_SetPriority
                0x0000000008001380       0x54 ./Drivers/STM32F4xx_HAL_Driver/Src/stm32f4xx_hal_cortex.o
 .text.NVIC_EncodePriority
                0x00000000080013d4       0x66 ./Drivers/STM32F4xx_HAL_Driver/Src/stm32f4xx_hal_cortex.o
 *fill*         0x000000000800143a        0x2 
 .text.SysTick_Config
                0x000000000800143c       0x44 ./Drivers/STM32F4xx_HAL_Driver/Src/stm32f4xx_hal_cortex.o
 .text.HAL_NVIC_SetPriorityGrouping
                0x0000000008001480       0x16 ./Drivers/STM32F4xx_HAL_Driver/Src/stm32f4xx_hal_cortex.o
                0x0000000008001480                HAL_NVIC_SetPriorityGrouping
 .text.HAL_NVIC_SetPriority
                0x0000000008001496       0x38 ./Drivers/STM32F4xx_HAL_Driver/Src/stm32f4xx_hal_cortex.o
                0x0000000008001496                HAL_NVIC_SetPriority
 .text.HAL_NVIC_EnableIRQ
                0x00000000080014ce       0x1c ./Drivers/STM32F4xx_HAL_Driver/Src/stm32f4xx_hal_cortex.o
                0x00000000080014ce                HAL_NVIC_EnableIRQ
 .text.HAL_SYSTICK_Config
                0x00000000080014ea       0x18 ./Drivers/STM32F4xx_HAL_Driver/Src/stm32f4xx_hal_cortex.o
                0x00000000080014ea                HAL_SYSTICK_Config
 *fill*         0x0000000008001502        0x2 
 .text.HAL_GPIO_Init
                0x0000000008001504      0x338 ./Drivers/STM32F4xx_HAL_Driver/Src/stm32f4xx_hal_gpio.o
                0x0000000008001504                HAL_GPIO_Init
 .text.HAL_GPIO_WritePin
                0x000000000800183c       0x32 ./Drivers/STM32F4xx_HAL_Driver/Src/stm32f4xx_hal_gpio.o
                0x000000000800183c                HAL_GPIO_WritePin
 *fill*         0x000000000800186e        0x2 
 .text.HAL_I2C_Init
                0x0000000008001870      0x288 ./Drivers/STM32F4xx_HAL_Driver/Src/stm32f4xx_hal_i2c.o
                0x0000000008001870                HAL_I2C_Init
 .text.HAL_I2C_Master_Transmit
                0x0000000008001af8      0x1fc ./Drivers/STM32F4xx_HAL_Driver/Src/stm32f4xx_hal_i2c.o
                0x0000000008001af8                HAL_I2C_Master_Transmit
 .text.HAL_I2C_Master_Receive
                0x0000000008001cf4      0x44c ./Drivers/STM32F4xx_HAL_Driver/Src/stm32f4xx_hal_i2c.o
                0x0000000008001cf4                HAL_I2C_Master_Receive
 .text.I2C_MasterRequestWrite
                0x0000000008002140      0x104 ./Drivers/STM32F4xx_HAL_Driver/Src/stm32f4xx_hal_i2c.o
 .text.I2C_MasterRequestRead
                0x0000000008002244      0x19c ./Drivers/STM32F4xx_HAL_Driver/Src/stm32f4xx_hal_i2c.o
 .text.I2C_WaitOnFlagUntilTimeout
                0x00000000080023e0       0xae ./Drivers/STM32F4xx_HAL_Driver/Src/stm32f4xx_hal_i2c.o
 .text.I2C_WaitOnMasterAddressFlagUntilTimeout
                0x000000000800248e       0xfe ./Drivers/STM32F4xx_HAL_Driver/Src/stm32f4xx_hal_i2c.o
 .text.I2C_WaitOnTXEFlagUntilTimeout
                0x000000000800258c       0x82 ./Drivers/STM32F4xx_HAL_Driver/Src/stm32f4xx_hal_i2c.o
 .text.I2C_WaitOnBTFFlagUntilTimeout
                0x000000000800260e       0x82 ./Drivers/STM32F4xx_HAL_Driver/Src/stm32f4xx_hal_i2c.o
 .text.I2C_WaitOnRXNEFlagUntilTimeout
                0x0000000008002690       0xac ./Drivers/STM32F4xx_HAL_Driver/Src/stm32f4xx_hal_i2c.o
 .text.I2C_IsAcknowledgeFailed
                0x000000000800273c       0x5e ./Drivers/STM32F4xx_HAL_Driver/Src/stm32f4xx_hal_i2c.o
 .text.HAL_PCD_Init
                0x000000000800279a      0x23a ./Drivers/STM32F4xx_HAL_Driver/Src/stm32f4xx_hal_pcd.o
                0x000000000800279a                HAL_PCD_Init
 .text.HAL_PCD_Start
                0x00000000080029d4       0x66 ./Drivers/STM32F4xx_HAL_Driver/Src/stm32f4xx_hal_pcd.o
                0x00000000080029d4                HAL_PCD_Start
 .text.HAL_PCD_IRQHandler
                0x0000000008002a3a      0x764 ./Drivers/STM32F4xx_HAL_Driver/Src/stm32f4xx_hal_pcd.o
                0x0000000008002a3a                HAL_PCD_IRQHandler
 .text.HAL_PCD_SetAddress
                0x000000000800319e       0x4a ./Drivers/STM32F4xx_HAL_Driver/Src/stm32f4xx_hal_pcd.o
                0x000000000800319e                HAL_PCD_SetAddress
 .text.HAL_PCD_EP_Open
                0x00000000080031e8       0xd0 ./Drivers/STM32F4xx_HAL_Driver/Src/stm32f4xx_hal_pcd.o
                0x00000000080031e8                HAL_PCD_EP_Open
 .text.HAL_PCD_EP_Close
                0x00000000080032b8       0x94 ./Drivers/STM32F4xx_HAL_Driver/Src/stm32f4xx_hal_pcd.o
                0x00000000080032b8                HAL_PCD_EP_Close
 .text.HAL_PCD_EP_Receive
                0x000000000800334c       0x96 ./Drivers/STM32F4xx_HAL_Driver/Src/stm32f4xx_hal_pcd.o
                0x000000000800334c                HAL_PCD_EP_Receive
 .text.HAL_PCD_EP_GetRxCount
                0x00000000080033e2       0x30 ./Drivers/STM32F4xx_HAL_Driver/Src/stm32f4xx_hal_pcd.o
                0x00000000080033e2                HAL_PCD_EP_GetRxCount
 .text.HAL_PCD_EP_Transmit
                0x0000000008003412       0x94 ./Drivers/STM32F4xx_HAL_Driver/Src/stm32f4xx_hal_pcd.o
                0x0000000008003412                HAL_PCD_EP_Transmit
 .text.HAL_PCD_EP_SetStall
                0x00000000080034a6       0xc8 ./Drivers/STM32F4xx_HAL_Driver/Src/stm32f4xx_hal_pcd.o
                0x00000000080034a6                HAL_PCD_EP_SetStall
 .text.HAL_PCD_EP_ClrStall
                0x000000000800356e       0xac ./Drivers/STM32F4xx_HAL_Driver/Src/stm32f4xx_hal_pcd.o
                0x000000000800356e                HAL_PCD_EP_ClrStall
 .text.PCD_WriteEmptyTxFifo
                0x000000000800361a      0x11a ./Drivers/STM32F4xx_HAL_Driver/Src/stm32f4xx_hal_pcd.o
 .text.PCD_EP_OutXfrComplete_int
                0x0000000008003734      0x218 ./Drivers/STM32F4xx_HAL_Driver/Src/stm32f4xx_hal_pcd.o
 .text.PCD_EP_OutSetupPacket_int
                0x000000000800394c       0x8c ./Drivers/STM32F4xx_HAL_Driver/Src/stm32f4xx_hal_pcd.o
 .text.HAL_PCDEx_SetTxFiFo
                0x00000000080039d8       0x8e ./Drivers/STM32F4xx_HAL_Driver/Src/stm32f4xx_hal_pcd_ex.o
                0x00000000080039d8                HAL_PCDEx_SetTxFiFo
 .text.HAL_PCDEx_SetRxFiFo
                0x0000000008003a66       0x22 ./Drivers/STM32F4xx_HAL_Driver/Src/stm32f4xx_hal_pcd_ex.o
                0x0000000008003a66                HAL_PCDEx_SetRxFiFo
 .text.HAL_PCDEx_LPM_Callback
                0x0000000008003a88       0x18 ./Drivers/STM32F4xx_HAL_Driver/Src/stm32f4xx_hal_pcd_ex.o
                0x0000000008003a88                HAL_PCDEx_LPM_Callback
 .text.HAL_RCC_OscConfig
                0x0000000008003aa0      0x4f0 ./Drivers/STM32F4xx_HAL_Driver/Src/stm32f4xx_hal_rcc.o
                0x0000000008003aa0                HAL_RCC_OscConfig
 .text.HAL_RCC_ClockConfig
                0x0000000008003f90      0x1cc ./Drivers/STM32F4xx_HAL_Driver/Src/stm32f4xx_hal_rcc.o
                0x0000000008003f90                HAL_RCC_ClockConfig
 .text.HAL_RCC_GetSysClockFreq
                0x000000000800415c      0x1c4 ./Drivers/STM32F4xx_HAL_Driver/Src/stm32f4xx_hal_rcc.o
                0x000000000800415c                HAL_RCC_GetSysClockFreq
 .text.HAL_RCC_GetHCLKFreq
                0x0000000008004320       0x18 ./Drivers/STM32F4xx_HAL_Driver/Src/stm32f4xx_hal_rcc.o
                0x0000000008004320                HAL_RCC_GetHCLKFreq
 .text.HAL_RCC_GetPCLK1Freq
                0x0000000008004338       0x28 ./Drivers/STM32F4xx_HAL_Driver/Src/stm32f4xx_hal_rcc.o
                0x0000000008004338                HAL_RCC_GetPCLK1Freq
 .text.USB_CoreInit
                0x0000000008004360       0xc2 ./Drivers/STM32F4xx_HAL_Driver/Src/stm32f4xx_ll_usb.o
                0x0000000008004360                USB_CoreInit
 *fill*         0x0000000008004422        0x2 
 .text.USB_SetTurnaroundTime
                0x0000000008004424      0x144 ./Drivers/STM32F4xx_HAL_Driver/Src/stm32f4xx_ll_usb.o
                0x0000000008004424                USB_SetTurnaroundTime
 .text.USB_EnableGlobalInt
                0x0000000008004568       0x22 ./Drivers/STM32F4xx_HAL_Driver/Src/stm32f4xx_ll_usb.o
                0x0000000008004568                USB_EnableGlobalInt
 .text.USB_DisableGlobalInt
                0x000000000800458a       0x22 ./Drivers/STM32F4xx_HAL_Driver/Src/stm32f4xx_ll_usb.o
                0x000000000800458a                USB_DisableGlobalInt
 .text.USB_SetCurrentMode
                0x00000000080045ac       0x98 ./Drivers/STM32F4xx_HAL_Driver/Src/stm32f4xx_ll_usb.o
                0x00000000080045ac                USB_SetCurrentMode
 .text.USB_DevInit
                0x0000000008004644      0x2c8 ./Drivers/STM32F4xx_HAL_Driver/Src/stm32f4xx_ll_usb.o
                0x0000000008004644                USB_DevInit
 .text.USB_FlushTxFifo
                0x000000000800490c       0x48 ./Drivers/STM32F4xx_HAL_Driver/Src/stm32f4xx_ll_usb.o
                0x000000000800490c                USB_FlushTxFifo
 .text.USB_FlushRxFifo
                0x0000000008004954       0x40 ./Drivers/STM32F4xx_HAL_Driver/Src/stm32f4xx_ll_usb.o
                0x0000000008004954                USB_FlushRxFifo
 .text.USB_SetDevSpeed
                0x0000000008004994       0x32 ./Drivers/STM32F4xx_HAL_Driver/Src/stm32f4xx_ll_usb.o
                0x0000000008004994                USB_SetDevSpeed
 .text.USB_GetDevSpeed
                0x00000000080049c6       0x4a ./Drivers/STM32F4xx_HAL_Driver/Src/stm32f4xx_ll_usb.o
                0x00000000080049c6                USB_GetDevSpeed
 .text.USB_ActivateEndpoint
                0x0000000008004a10      0x10e ./Drivers/STM32F4xx_HAL_Driver/Src/stm32f4xx_ll_usb.o
                0x0000000008004a10                USB_ActivateEndpoint
 *fill*         0x0000000008004b1e        0x2 
 .text.USB_DeactivateEndpoint
                0x0000000008004b20      0x1b8 ./Drivers/STM32F4xx_HAL_Driver/Src/stm32f4xx_ll_usb.o
                0x0000000008004b20                USB_DeactivateEndpoint
 .text.USB_EPStartXfer
                0x0000000008004cd8      0x488 ./Drivers/STM32F4xx_HAL_Driver/Src/stm32f4xx_ll_usb.o
                0x0000000008004cd8                USB_EPStartXfer
 .text.USB_EP0StartXfer
                0x0000000008005160      0x2a6 ./Drivers/STM32F4xx_HAL_Driver/Src/stm32f4xx_ll_usb.o
                0x0000000008005160                USB_EP0StartXfer
 .text.USB_WritePacket
                0x0000000008005406       0x7c ./Drivers/STM32F4xx_HAL_Driver/Src/stm32f4xx_ll_usb.o
                0x0000000008005406                USB_WritePacket
 .text.USB_ReadPacket
                0x0000000008005482       0xb0 ./Drivers/STM32F4xx_HAL_Driver/Src/stm32f4xx_ll_usb.o
                0x0000000008005482                USB_ReadPacket
 .text.USB_EPSetStall
                0x0000000008005532       0xdc ./Drivers/STM32F4xx_HAL_Driver/Src/stm32f4xx_ll_usb.o
                0x0000000008005532                USB_EPSetStall
 .text.USB_EPClearStall
                0x000000000800560e       0xcc ./Drivers/STM32F4xx_HAL_Driver/Src/stm32f4xx_ll_usb.o
                0x000000000800560e                USB_EPClearStall
 .text.USB_SetDevAddress
                0x00000000080056da       0x4c ./Drivers/STM32F4xx_HAL_Driver/Src/stm32f4xx_ll_usb.o
                0x00000000080056da                USB_SetDevAddress
 .text.USB_DevConnect
                0x0000000008005726       0x42 ./Drivers/STM32F4xx_HAL_Driver/Src/stm32f4xx_ll_usb.o
                0x0000000008005726                USB_DevConnect
 .text.USB_DevDisconnect
                0x0000000008005768       0x42 ./Drivers/STM32F4xx_HAL_Driver/Src/stm32f4xx_ll_usb.o
                0x0000000008005768                USB_DevDisconnect
 .text.USB_ReadInterrupts
                0x00000000080057aa       0x26 ./Drivers/STM32F4xx_HAL_Driver/Src/stm32f4xx_ll_usb.o
                0x00000000080057aa                USB_ReadInterrupts
 .text.USB_ReadDevAllOutEpInterrupt
                0x00000000080057d0       0x34 ./Drivers/STM32F4xx_HAL_Driver/Src/stm32f4xx_ll_usb.o
                0x00000000080057d0                USB_ReadDevAllOutEpInterrupt
 .text.USB_ReadDevAllInEpInterrupt
                0x0000000008005804       0x34 ./Drivers/STM32F4xx_HAL_Driver/Src/stm32f4xx_ll_usb.o
                0x0000000008005804                USB_ReadDevAllInEpInterrupt
 .text.USB_ReadDevOutEPInterrupt
                0x0000000008005838       0x3c ./Drivers/STM32F4xx_HAL_Driver/Src/stm32f4xx_ll_usb.o
                0x0000000008005838                USB_ReadDevOutEPInterrupt
 .text.USB_ReadDevInEPInterrupt
                0x0000000008005874       0x5c ./Drivers/STM32F4xx_HAL_Driver/Src/stm32f4xx_ll_usb.o
                0x0000000008005874                USB_ReadDevInEPInterrupt
 .text.USB_GetMode
                0x00000000080058d0       0x1c ./Drivers/STM32F4xx_HAL_Driver/Src/stm32f4xx_ll_usb.o
                0x00000000080058d0                USB_GetMode
 .text.USB_ActivateSetup
                0x00000000080058ec       0x46 ./Drivers/STM32F4xx_HAL_Driver/Src/stm32f4xx_ll_usb.o
                0x00000000080058ec                USB_ActivateSetup
 *fill*         0x0000000008005932        0x2 
 .text.USB_EP0_OutStart
                0x0000000008005934       0xbc ./Drivers/STM32F4xx_HAL_Driver/Src/stm32f4xx_ll_usb.o
                0x0000000008005934                USB_EP0_OutStart
 .text.USB_CoreReset
                0x00000000080059f0       0x64 ./Drivers/STM32F4xx_HAL_Driver/Src/stm32f4xx_ll_usb.o
 .text.USBD_CDC_Init
                0x0000000008005a54       0xfe ./Middlewares/ST/STM32_USB_Device_Library/Class/CDC/Src/usbd_cdc.o
 .text.USBD_CDC_DeInit
                0x0000000008005b52       0x74 ./Middlewares/ST/STM32_USB_Device_Library/Class/CDC/Src/usbd_cdc.o
 *fill*         0x0000000008005bc6        0x2 
 .text.USBD_CDC_Setup
                0x0000000008005bc8      0x190 ./Middlewares/ST/STM32_USB_Device_Library/Class/CDC/Src/usbd_cdc.o
 .text.USBD_CDC_DataIn
                0x0000000008005d58       0xca ./Middlewares/ST/STM32_USB_Device_Library/Class/CDC/Src/usbd_cdc.o
 .text.USBD_CDC_DataOut
                0x0000000008005e22       0x56 ./Middlewares/ST/STM32_USB_Device_Library/Class/CDC/Src/usbd_cdc.o
 .text.USBD_CDC_EP0_RxReady
                0x0000000008005e78       0x5a ./Middlewares/ST/STM32_USB_Device_Library/Class/CDC/Src/usbd_cdc.o
 *fill*         0x0000000008005ed2        0x2 
 .text.USBD_CDC_GetFSCfgDesc
                0x0000000008005ed4       0x20 ./Middlewares/ST/STM32_USB_Device_Library/Class/CDC/Src/usbd_cdc.o
 .text.USBD_CDC_GetHSCfgDesc
                0x0000000008005ef4       0x20 ./Middlewares/ST/STM32_USB_Device_Library/Class/CDC/Src/usbd_cdc.o
 .text.USBD_CDC_GetOtherSpeedCfgDesc
                0x0000000008005f14       0x20 ./Middlewares/ST/STM32_USB_Device_Library/Class/CDC/Src/usbd_cdc.o
 .text.USBD_CDC_GetDeviceQualifierDescriptor
                0x0000000008005f34       0x20 ./Middlewares/ST/STM32_USB_Device_Library/Class/CDC/Src/usbd_cdc.o
                0x0000000008005f34                USBD_CDC_GetDeviceQualifierDescriptor
 .text.USBD_CDC_RegisterInterface
                0x0000000008005f54       0x2a ./Middlewares/ST/STM32_USB_Device_Library/Class/CDC/Src/usbd_cdc.o
                0x0000000008005f54                USBD_CDC_RegisterInterface
 .text.USBD_CDC_SetTxBuffer
                0x0000000008005f7e       0x3c ./Middlewares/ST/STM32_USB_Device_Library/Class/CDC/Src/usbd_cdc.o
                0x0000000008005f7e                USBD_CDC_SetTxBuffer
 .text.USBD_CDC_SetRxBuffer
                0x0000000008005fba       0x32 ./Middlewares/ST/STM32_USB_Device_Library/Class/CDC/Src/usbd_cdc.o
                0x0000000008005fba                USBD_CDC_SetRxBuffer
 .text.USBD_CDC_TransmitPacket
                0x0000000008005fec       0x60 ./Middlewares/ST/STM32_USB_Device_Library/Class/CDC/Src/usbd_cdc.o
                0x0000000008005fec                USBD_CDC_TransmitPacket
 .text.USBD_CDC_ReceivePacket
                0x000000000800604c       0x54 ./Middlewares/ST/STM32_USB_Device_Library/Class/CDC/Src/usbd_cdc.o
                0x000000000800604c                USBD_CDC_ReceivePacket
 .text.USBD_Init
                0x00000000080060a0       0x60 ./Middlewares/ST/STM32_USB_Device_Library/Core/Src/usbd_core.o
                0x00000000080060a0                USBD_Init
 .text.USBD_RegisterClass
                0x0000000008006100       0x4e ./Middlewares/ST/STM32_USB_Device_Library/Core/Src/usbd_core.o
                0x0000000008006100                USBD_RegisterClass
 .text.USBD_Start
                0x000000000800614e       0x18 ./Middlewares/ST/STM32_USB_Device_Library/Core/Src/usbd_core.o
                0x000000000800614e                USBD_Start
 .text.USBD_RunTestMode
                0x0000000008006166       0x16 ./Middlewares/ST/STM32_USB_Device_Library/Core/Src/usbd_core.o
                0x0000000008006166                USBD_RunTestMode
 .text.USBD_SetClassConfig
                0x000000000800617c       0x38 ./Middlewares/ST/STM32_USB_Device_Library/Core/Src/usbd_core.o
                0x000000000800617c                USBD_SetClassConfig
 .text.USBD_ClrClassConfig
                0x00000000080061b4       0x30 ./Middlewares/ST/STM32_USB_Device_Library/Core/Src/usbd_core.o
                0x00000000080061b4                USBD_ClrClassConfig
 .text.USBD_LL_SetupStage
                0x00000000080061e4       0xaa ./Middlewares/ST/STM32_USB_Device_Library/Core/Src/usbd_core.o
                0x00000000080061e4                USBD_LL_SetupStage
 .text.USBD_LL_DataOutStage
                0x000000000800628e       0xc6 ./Middlewares/ST/STM32_USB_Device_Library/Core/Src/usbd_core.o
                0x000000000800628e                USBD_LL_DataOutStage
 .text.USBD_LL_DataInStage
                0x0000000008006354      0x12c ./Middlewares/ST/STM32_USB_Device_Library/Core/Src/usbd_core.o
                0x0000000008006354                USBD_LL_DataInStage
 .text.USBD_LL_Reset
                0x0000000008006480       0x9c ./Middlewares/ST/STM32_USB_Device_Library/Core/Src/usbd_core.o
                0x0000000008006480                USBD_LL_Reset
 .text.USBD_LL_SetSpeed
                0x000000000800651c       0x20 ./Middlewares/ST/STM32_USB_Device_Library/Core/Src/usbd_core.o
                0x000000000800651c                USBD_LL_SetSpeed
 .text.USBD_LL_Suspend
                0x000000000800653c       0x2c ./Middlewares/ST/STM32_USB_Device_Library/Core/Src/usbd_core.o
                0x000000000800653c                USBD_LL_Suspend
 .text.USBD_LL_Resume
                0x0000000008006568       0x30 ./Middlewares/ST/STM32_USB_Device_Library/Core/Src/usbd_core.o
                0x0000000008006568                USBD_LL_Resume
 .text.USBD_LL_SOF
                0x0000000008006598       0x44 ./Middlewares/ST/STM32_USB_Device_Library/Core/Src/usbd_core.o
                0x0000000008006598                USBD_LL_SOF
 .text.USBD_LL_IsoINIncomplete
                0x00000000080065dc       0x4c ./Middlewares/ST/STM32_USB_Device_Library/Core/Src/usbd_core.o
                0x00000000080065dc                USBD_LL_IsoINIncomplete
 .text.USBD_LL_IsoOUTIncomplete
                0x0000000008006628       0x4c ./Middlewares/ST/STM32_USB_Device_Library/Core/Src/usbd_core.o
                0x0000000008006628                USBD_LL_IsoOUTIncomplete
 .text.USBD_LL_DevConnected
                0x0000000008006674       0x16 ./Middlewares/ST/STM32_USB_Device_Library/Core/Src/usbd_core.o
                0x0000000008006674                USBD_LL_DevConnected
 .text.USBD_LL_DevDisconnected
                0x000000000800668a       0x38 ./Middlewares/ST/STM32_USB_Device_Library/Core/Src/usbd_core.o
                0x000000000800668a                USBD_LL_DevDisconnected
 .text.SWAPBYTE
                0x00000000080066c2       0x3c ./Middlewares/ST/STM32_USB_Device_Library/Core/Src/usbd_ctlreq.o
 *fill*         0x00000000080066fe        0x2 
 .text.USBD_StdDevReq
                0x0000000008006700       0xdc ./Middlewares/ST/STM32_USB_Device_Library/Core/Src/usbd_ctlreq.o
                0x0000000008006700                USBD_StdDevReq
 .text.USBD_StdItfReq
                0x00000000080067dc       0x92 ./Middlewares/ST/STM32_USB_Device_Library/Core/Src/usbd_ctlreq.o
                0x00000000080067dc                USBD_StdItfReq
 .text.USBD_StdEPReq
                0x000000000800686e      0x2c4 ./Middlewares/ST/STM32_USB_Device_Library/Core/Src/usbd_ctlreq.o
                0x000000000800686e                USBD_StdEPReq
 *fill*         0x0000000008006b32        0x2 
 .text.USBD_GetDescriptor
                0x0000000008006b34      0x2d4 ./Middlewares/ST/STM32_USB_Device_Library/Core/Src/usbd_ctlreq.o
 .text.USBD_SetAddress
                0x0000000008006e08       0x88 ./Middlewares/ST/STM32_USB_Device_Library/Core/Src/usbd_ctlreq.o
 .text.USBD_SetConfig
                0x0000000008006e90      0x14c ./Middlewares/ST/STM32_USB_Device_Library/Core/Src/usbd_ctlreq.o
 .text.USBD_GetConfig
                0x0000000008006fdc       0x6c ./Middlewares/ST/STM32_USB_Device_Library/Core/Src/usbd_ctlreq.o
 .text.USBD_GetStatus
                0x0000000008007048       0x68 ./Middlewares/ST/STM32_USB_Device_Library/Core/Src/usbd_ctlreq.o
 .text.USBD_SetFeature
                0x00000000080070b0       0x28 ./Middlewares/ST/STM32_USB_Device_Library/Core/Src/usbd_ctlreq.o
 .text.USBD_ClrFeature
                0x00000000080070d8       0x44 ./Middlewares/ST/STM32_USB_Device_Library/Core/Src/usbd_ctlreq.o
 .text.USBD_ParseSetupRequest
                0x000000000800711c       0x74 ./Middlewares/ST/STM32_USB_Device_Library/Core/Src/usbd_ctlreq.o
                0x000000000800711c                USBD_ParseSetupRequest
 .text.USBD_CtlError
                0x0000000008007190       0x22 ./Middlewares/ST/STM32_USB_Device_Library/Core/Src/usbd_ctlreq.o
                0x0000000008007190                USBD_CtlError
 .text.USBD_GetString
                0x00000000080071b2       0x8c ./Middlewares/ST/STM32_USB_Device_Library/Core/Src/usbd_ctlreq.o
                0x00000000080071b2                USBD_GetString
 .text.USBD_GetLen
                0x000000000800723e       0x34 ./Middlewares/ST/STM32_USB_Device_Library/Core/Src/usbd_ctlreq.o
 .text.USBD_CtlSendData
                0x0000000008007272       0x36 ./Middlewares/ST/STM32_USB_Device_Library/Core/Src/usbd_ioreq.o
                0x0000000008007272                USBD_CtlSendData
 .text.USBD_CtlContinueSendData
                0x00000000080072a8       0x22 ./Middlewares/ST/STM32_USB_Device_Library/Core/Src/usbd_ioreq.o
                0x00000000080072a8                USBD_CtlContinueSendData
 .text.USBD_CtlPrepareRx
                0x00000000080072ca       0x3a ./Middlewares/ST/STM32_USB_Device_Library/Core/Src/usbd_ioreq.o
                0x00000000080072ca                USBD_CtlPrepareRx
 .text.USBD_CtlContinueRx
                0x0000000008007304       0x22 ./Middlewares/ST/STM32_USB_Device_Library/Core/Src/usbd_ioreq.o
                0x0000000008007304                USBD_CtlContinueRx
 .text.USBD_CtlSendStatus
                0x0000000008007326       0x26 ./Middlewares/ST/STM32_USB_Device_Library/Core/Src/usbd_ioreq.o
                0x0000000008007326                USBD_CtlSendStatus
 .text.USBD_CtlReceiveStatus
                0x000000000800734c       0x26 ./Middlewares/ST/STM32_USB_Device_Library/Core/Src/usbd_ioreq.o
                0x000000000800734c                USBD_CtlReceiveStatus
 *fill*         0x0000000008007372        0x2 
 .text.MX_USB_DEVICE_Init
                0x0000000008007374       0x60 ./USB_DEVICE/App/usb_device.o
                0x0000000008007374                MX_USB_DEVICE_Init
 .text.CDC_Init_FS
                0x00000000080073d4       0x28 ./USB_DEVICE/App/usbd_cdc_if.o
 .text.CDC_DeInit_FS
                0x00000000080073fc       0x10 ./USB_DEVICE/App/usbd_cdc_if.o
 .text.CDC_Control_FS
                0x000000000800740c       0xbc ./USB_DEVICE/App/usbd_cdc_if.o
 .text.CDC_Receive_FS
                0x00000000080074c8       0x28 ./USB_DEVICE/App/usbd_cdc_if.o
 .text.CDC_Transmit_FS
                0x00000000080074f0       0x4c ./USB_DEVICE/App/usbd_cdc_if.o
                0x00000000080074f0                CDC_Transmit_FS
 .text.CDC_TransmitCplt_FS
                0x000000000800753c       0x22 ./USB_DEVICE/App/usbd_cdc_if.o
 *fill*         0x000000000800755e        0x2 
 .text.USBD_FS_DeviceDescriptor
                0x0000000008007560       0x24 ./USB_DEVICE/App/usbd_desc.o
                0x0000000008007560                USBD_FS_DeviceDescriptor
 .text.USBD_FS_LangIDStrDescriptor
                0x0000000008007584       0x24 ./USB_DEVICE/App/usbd_desc.o
                0x0000000008007584                USBD_FS_LangIDStrDescriptor
 .text.USBD_FS_ProductStrDescriptor
                0x00000000080075a8       0x3c ./USB_DEVICE/App/usbd_desc.o
                0x00000000080075a8                USBD_FS_ProductStrDescriptor
 .text.USBD_FS_ManufacturerStrDescriptor
                0x00000000080075e4       0x28 ./USB_DEVICE/App/usbd_desc.o
                0x00000000080075e4                USBD_FS_ManufacturerStrDescriptor
 .text.USBD_FS_SerialStrDescriptor
                0x000000000800760c       0x24 ./USB_DEVICE/App/usbd_desc.o
                0x000000000800760c                USBD_FS_SerialStrDescriptor
 .text.USBD_FS_ConfigStrDescriptor
                0x0000000008007630       0x3c ./USB_DEVICE/App/usbd_desc.o
                0x0000000008007630                USBD_FS_ConfigStrDescriptor
 .text.USBD_FS_InterfaceStrDescriptor
                0x000000000800766c       0x3c ./USB_DEVICE/App/usbd_desc.o
                0x000000000800766c                USBD_FS_InterfaceStrDescriptor
 .text.Get_SerialNum
                0x00000000080076a8       0x58 ./USB_DEVICE/App/usbd_desc.o
 .text.IntToUnicode
                0x0000000008007700       0x7e ./USB_DEVICE/App/usbd_desc.o
 *fill*         0x000000000800777e        0x2 
 .text.HAL_PCD_MspInit
                0x0000000008007780       0xc4 ./USB_DEVICE/Target/usbd_conf.o
                0x0000000008007780                HAL_PCD_MspInit
 .text.HAL_PCD_SetupStageCallback
                0x0000000008007844       0x24 ./USB_DEVICE/Target/usbd_conf.o
                0x0000000008007844                HAL_PCD_SetupStageCallback
 .text.HAL_PCD_DataOutStageCallback
                0x0000000008007868       0x36 ./USB_DEVICE/Target/usbd_conf.o
                0x0000000008007868                HAL_PCD_DataOutStageCallback
 .text.HAL_PCD_DataInStageCallback
                0x000000000800789e       0x34 ./USB_DEVICE/Target/usbd_conf.o
                0x000000000800789e                HAL_PCD_DataInStageCallback
 .text.HAL_PCD_SOFCallback
                0x00000000080078d2       0x1c ./USB_DEVICE/Target/usbd_conf.o
                0x00000000080078d2                HAL_PCD_SOFCallback
 .text.HAL_PCD_ResetCallback
                0x00000000080078ee       0x50 ./USB_DEVICE/Target/usbd_conf.o
                0x00000000080078ee                HAL_PCD_ResetCallback
 *fill*         0x000000000800793e        0x2 
 .text.HAL_PCD_SuspendCallback
                0x0000000008007940       0x4c ./USB_DEVICE/Target/usbd_conf.o
                0x0000000008007940                HAL_PCD_SuspendCallback
 .text.HAL_PCD_ResumeCallback
                0x000000000800798c       0x1c ./USB_DEVICE/Target/usbd_conf.o
                0x000000000800798c                HAL_PCD_ResumeCallback
 .text.HAL_PCD_ISOOUTIncompleteCallback
                0x00000000080079a8       0x24 ./USB_DEVICE/Target/usbd_conf.o
                0x00000000080079a8                HAL_PCD_ISOOUTIncompleteCallback
 .text.HAL_PCD_ISOINIncompleteCallback
                0x00000000080079cc       0x24 ./USB_DEVICE/Target/usbd_conf.o
                0x00000000080079cc                HAL_PCD_ISOINIncompleteCallback
 .text.HAL_PCD_ConnectCallback
                0x00000000080079f0       0x1c ./USB_DEVICE/Target/usbd_conf.o
                0x00000000080079f0                HAL_PCD_ConnectCallback
 .text.HAL_PCD_DisconnectCallback
                0x0000000008007a0c       0x1c ./USB_DEVICE/Target/usbd_conf.o
                0x0000000008007a0c                HAL_PCD_DisconnectCallback
 .text.USBD_LL_Init
                0x0000000008007a28       0x98 ./USB_DEVICE/Target/usbd_conf.o
                0x0000000008007a28                USBD_LL_Init
 .text.USBD_LL_Start
                0x0000000008007ac0       0x36 ./USB_DEVICE/Target/usbd_conf.o
                0x0000000008007ac0                USBD_LL_Start
 .text.USBD_LL_OpenEP
                0x0000000008007af6       0x4c ./USB_DEVICE/Target/usbd_conf.o
                0x0000000008007af6                USBD_LL_OpenEP
 .text.USBD_LL_CloseEP
                0x0000000008007b42       0x3e ./USB_DEVICE/Target/usbd_conf.o
                0x0000000008007b42                USBD_LL_CloseEP
 .text.USBD_LL_StallEP
                0x0000000008007b80       0x3e ./USB_DEVICE/Target/usbd_conf.o
                0x0000000008007b80                USBD_LL_StallEP
 .text.USBD_LL_ClearStallEP
                0x0000000008007bbe       0x3e ./USB_DEVICE/Target/usbd_conf.o
                0x0000000008007bbe                USBD_LL_ClearStallEP
 .text.USBD_LL_IsStallEP
                0x0000000008007bfc       0x58 ./USB_DEVICE/Target/usbd_conf.o
                0x0000000008007bfc                USBD_LL_IsStallEP
 .text.USBD_LL_SetUSBAddress
                0x0000000008007c54       0x3e ./USB_DEVICE/Target/usbd_conf.o
                0x0000000008007c54                USBD_LL_SetUSBAddress
 .text.USBD_LL_Transmit
                0x0000000008007c92       0x42 ./USB_DEVICE/Target/usbd_conf.o
                0x0000000008007c92                USBD_LL_Transmit
 .text.USBD_LL_PrepareReceive
                0x0000000008007cd4       0x42 ./USB_DEVICE/Target/usbd_conf.o
                0x0000000008007cd4                USBD_LL_PrepareReceive
 .text.USBD_LL_GetRxDataSize
                0x0000000008007d16       0x26 ./USB_DEVICE/Target/usbd_conf.o
                0x0000000008007d16                USBD_LL_GetRxDataSize
 .text.USBD_static_malloc
                0x0000000008007d3c       0x1c ./USB_DEVICE/Target/usbd_conf.o
                0x0000000008007d3c                USBD_static_malloc
 .text.USBD_static_free
                0x0000000008007d58       0x14 ./USB_DEVICE/Target/usbd_conf.o
                0x0000000008007d58                USBD_static_free
 .text.USBD_Get_USB_Status
                0x0000000008007d6c       0x58 ./USB_DEVICE/Target/usbd_conf.o
                0x0000000008007d6c                USBD_Get_USB_Status
 .text.__libc_init_array
                0x0000000008007dc4       0x48 c:/st/stm32cubeide_1.7.0/stm32cubeide/plugins/com.st.stm32cube.ide.mcu.externaltools.gnu-tools-for-stm32.9-2020-q2-update.win32_2.0.0.202105311346/tools/bin/../lib/gcc/arm-none-eabi/9.3.1/../../../../arm-none-eabi/lib/thumb/v7e-m+fp/hard\libc_nano.a(lib_a-init.o)
                0x0000000008007dc4                __libc_init_array
 .text.memset   0x0000000008007e0c       0x10 c:/st/stm32cubeide_1.7.0/stm32cubeide/plugins/com.st.stm32cube.ide.mcu.externaltools.gnu-tools-for-stm32.9-2020-q2-update.win32_2.0.0.202105311346/tools/bin/../lib/gcc/arm-none-eabi/9.3.1/../../../../arm-none-eabi/lib/thumb/v7e-m+fp/hard\libc_nano.a(lib_a-memset.o)
                0x0000000008007e0c                memset
 *(.glue_7)
 .glue_7        0x0000000008007e1c        0x0 linker stubs
 *(.glue_7t)
 .glue_7t       0x0000000008007e1c        0x0 linker stubs
 *(.eh_frame)
 .eh_frame      0x0000000008007e1c        0x0 c:/st/stm32cubeide_1.7.0/stm32cubeide/plugins/com.st.stm32cube.ide.mcu.externaltools.gnu-tools-for-stm32.9-2020-q2-update.win32_2.0.0.202105311346/tools/bin/../lib/gcc/arm-none-eabi/9.3.1/thumb/v7e-m+fp/hard/crtbegin.o
 *(.init)
 .init          0x0000000008007e1c        0x4 c:/st/stm32cubeide_1.7.0/stm32cubeide/plugins/com.st.stm32cube.ide.mcu.externaltools.gnu-tools-for-stm32.9-2020-q2-update.win32_2.0.0.202105311346/tools/bin/../lib/gcc/arm-none-eabi/9.3.1/thumb/v7e-m+fp/hard/crti.o
                0x0000000008007e1c                _init
 .init          0x0000000008007e20        0x8 c:/st/stm32cubeide_1.7.0/stm32cubeide/plugins/com.st.stm32cube.ide.mcu.externaltools.gnu-tools-for-stm32.9-2020-q2-update.win32_2.0.0.202105311346/tools/bin/../lib/gcc/arm-none-eabi/9.3.1/thumb/v7e-m+fp/hard/crtn.o
 *(.fini)
 .fini          0x0000000008007e28        0x4 c:/st/stm32cubeide_1.7.0/stm32cubeide/plugins/com.st.stm32cube.ide.mcu.externaltools.gnu-tools-for-stm32.9-2020-q2-update.win32_2.0.0.202105311346/tools/bin/../lib/gcc/arm-none-eabi/9.3.1/thumb/v7e-m+fp/hard/crti.o
                0x0000000008007e28                _fini
 .fini          0x0000000008007e2c        0x8 c:/st/stm32cubeide_1.7.0/stm32cubeide/plugins/com.st.stm32cube.ide.mcu.externaltools.gnu-tools-for-stm32.9-2020-q2-update.win32_2.0.0.202105311346/tools/bin/../lib/gcc/arm-none-eabi/9.3.1/thumb/v7e-m+fp/hard/crtn.o
                0x0000000008007e34                . = ALIGN (0x4)
                0x0000000008007e34                _etext = .

.vfp11_veneer   0x0000000008007e34        0x0
 .vfp11_veneer  0x0000000008007e34        0x0 linker stubs

.v4_bx          0x0000000008007e34        0x0
 .v4_bx         0x0000000008007e34        0x0 linker stubs

.iplt           0x0000000008007e34        0x0
 .iplt          0x0000000008007e34        0x0 c:/st/stm32cubeide_1.7.0/stm32cubeide/plugins/com.st.stm32cube.ide.mcu.externaltools.gnu-tools-for-stm32.9-2020-q2-update.win32_2.0.0.202105311346/tools/bin/../lib/gcc/arm-none-eabi/9.3.1/thumb/v7e-m+fp/hard/crtbegin.o

.rodata         0x0000000008007e34       0x60
                0x0000000008007e34                . = ALIGN (0x4)
 *(.rodata)
 .rodata        0x0000000008007e34       0x46 ./USB_DEVICE/App/usbd_desc.o
 *(.rodata*)
 *fill*         0x0000000008007e7a        0x2 
 .rodata.AHBPrescTable
                0x0000000008007e7c       0x10 ./Core/Src/system_stm32f4xx.o
                0x0000000008007e7c                AHBPrescTable
 .rodata.APBPrescTable
                0x0000000008007e8c        0x8 ./Core/Src/system_stm32f4xx.o
                0x0000000008007e8c                APBPrescTable
                0x0000000008007e94                . = ALIGN (0x4)

.ARM.extab      0x0000000008007e94        0x0
                0x0000000008007e94                . = ALIGN (0x4)
 *(.ARM.extab* .gnu.linkonce.armextab.*)
                0x0000000008007e94                . = ALIGN (0x4)

.ARM            0x0000000008007e94        0x8
                0x0000000008007e94                . = ALIGN (0x4)
                0x0000000008007e94                __exidx_start = .
 *(.ARM.exidx*)
 .ARM.exidx     0x0000000008007e94        0x8 c:/st/stm32cubeide_1.7.0/stm32cubeide/plugins/com.st.stm32cube.ide.mcu.externaltools.gnu-tools-for-stm32.9-2020-q2-update.win32_2.0.0.202105311346/tools/bin/../lib/gcc/arm-none-eabi/9.3.1/thumb/v7e-m+fp/hard\libgcc.a(_udivmoddi4.o)
                0x0000000008007e9c                __exidx_end = .
                0x0000000008007e9c                . = ALIGN (0x4)

.rel.dyn        0x0000000008007e9c        0x0
 .rel.iplt      0x0000000008007e9c        0x0 c:/st/stm32cubeide_1.7.0/stm32cubeide/plugins/com.st.stm32cube.ide.mcu.externaltools.gnu-tools-for-stm32.9-2020-q2-update.win32_2.0.0.202105311346/tools/bin/../lib/gcc/arm-none-eabi/9.3.1/thumb/v7e-m+fp/hard/crtbegin.o

.preinit_array  0x0000000008007e9c        0x0
                0x0000000008007e9c                . = ALIGN (0x4)
                0x0000000008007e9c                PROVIDE (__preinit_array_start = .)
 *(.preinit_array*)
                0x0000000008007e9c                PROVIDE (__preinit_array_end = .)
                0x0000000008007e9c                . = ALIGN (0x4)

.init_array     0x0000000008007e9c        0x4
                0x0000000008007e9c                . = ALIGN (0x4)
                0x0000000008007e9c                PROVIDE (__init_array_start = .)
 *(SORT_BY_NAME(.init_array.*))
 *(.init_array*)
 .init_array    0x0000000008007e9c        0x4 c:/st/stm32cubeide_1.7.0/stm32cubeide/plugins/com.st.stm32cube.ide.mcu.externaltools.gnu-tools-for-stm32.9-2020-q2-update.win32_2.0.0.202105311346/tools/bin/../lib/gcc/arm-none-eabi/9.3.1/thumb/v7e-m+fp/hard/crtbegin.o
                0x0000000008007ea0                PROVIDE (__init_array_end = .)
                0x0000000008007ea0                . = ALIGN (0x4)

.fini_array     0x0000000008007ea0        0x4
                0x0000000008007ea0                . = ALIGN (0x4)
                [!provide]                        PROVIDE (__fini_array_start = .)
 *(SORT_BY_NAME(.fini_array.*))
 *(.fini_array*)
 .fini_array    0x0000000008007ea0        0x4 c:/st/stm32cubeide_1.7.0/stm32cubeide/plugins/com.st.stm32cube.ide.mcu.externaltools.gnu-tools-for-stm32.9-2020-q2-update.win32_2.0.0.202105311346/tools/bin/../lib/gcc/arm-none-eabi/9.3.1/thumb/v7e-m+fp/hard/crtbegin.o
                [!provide]                        PROVIDE (__fini_array_end = .)
                0x0000000008007ea4                . = ALIGN (0x4)
                0x0000000008007ea4                _sidata = LOADADDR (.data)

.data           0x0000000020000000      0x180 load address 0x0000000008007ea4
                0x0000000020000000                . = ALIGN (0x4)
                0x0000000020000000                _sdata = .
 *(.data)
 *(.data*)
 .data.SystemCoreClock
                0x0000000020000000        0x4 ./Core/Src/system_stm32f4xx.o
                0x0000000020000000                SystemCoreClock
 .data.uwTickPrio
                0x0000000020000004        0x4 ./Drivers/STM32F4xx_HAL_Driver/Src/stm32f4xx_hal.o
                0x0000000020000004                uwTickPrio
 .data.uwTickFreq
                0x0000000020000008        0x1 ./Drivers/STM32F4xx_HAL_Driver/Src/stm32f4xx_hal.o
                0x0000000020000008                uwTickFreq
 *fill*         0x0000000020000009        0x3 
 .data.USBD_CDC_DeviceQualifierDesc
                0x000000002000000c        0xa ./Middlewares/ST/STM32_USB_Device_Library/Class/CDC/Src/usbd_cdc.o
 *fill*         0x0000000020000016        0x2 
 .data.USBD_CDC
                0x0000000020000018       0x38 ./Middlewares/ST/STM32_USB_Device_Library/Class/CDC/Src/usbd_cdc.o
                0x0000000020000018                USBD_CDC
 .data.USBD_CDC_CfgHSDesc
                0x0000000020000050       0x43 ./Middlewares/ST/STM32_USB_Device_Library/Class/CDC/Src/usbd_cdc.o
 *fill*         0x0000000020000093        0x1 
 .data.USBD_CDC_CfgFSDesc
                0x0000000020000094       0x43 ./Middlewares/ST/STM32_USB_Device_Library/Class/CDC/Src/usbd_cdc.o
 *fill*         0x00000000200000d7        0x1 
 .data.USBD_CDC_OtherSpeedCfgDesc
                0x00000000200000d8       0x43 ./Middlewares/ST/STM32_USB_Device_Library/Class/CDC/Src/usbd_cdc.o
 *fill*         0x000000002000011b        0x1 
 .data.USBD_Interface_fops_FS
                0x000000002000011c       0x14 ./USB_DEVICE/App/usbd_cdc_if.o
                0x000000002000011c                USBD_Interface_fops_FS
 .data.FS_Desc  0x0000000020000130       0x1c ./USB_DEVICE/App/usbd_desc.o
                0x0000000020000130                FS_Desc
 .data.USBD_FS_DeviceDesc
                0x000000002000014c       0x12 ./USB_DEVICE/App/usbd_desc.o
                0x000000002000014c                USBD_FS_DeviceDesc
 *fill*         0x000000002000015e        0x2 
 .data.USBD_LangIDDesc
                0x0000000020000160        0x4 ./USB_DEVICE/App/usbd_desc.o
                0x0000000020000160                USBD_LangIDDesc
 .data.USBD_StringSerial
                0x0000000020000164       0x1a ./USB_DEVICE/App/usbd_desc.o
                0x0000000020000164                USBD_StringSerial
 *(.RamFunc)
 *(.RamFunc*)
                0x0000000020000180                . = ALIGN (0x4)
 *fill*         0x000000002000017e        0x2 
                0x0000000020000180                _edata = .
                0x0000000008008024                _siccmram = LOADADDR (.ccmram)

.igot.plt       0x0000000020000180        0x0 load address 0x0000000008008024
 .igot.plt      0x0000000020000180        0x0 c:/st/stm32cubeide_1.7.0/stm32cubeide/plugins/com.st.stm32cube.ide.mcu.externaltools.gnu-tools-for-stm32.9-2020-q2-update.win32_2.0.0.202105311346/tools/bin/../lib/gcc/arm-none-eabi/9.3.1/thumb/v7e-m+fp/hard/crtbegin.o

.ccmram         0x0000000010000000        0x0 load address 0x0000000008008024
                0x0000000010000000                . = ALIGN (0x4)
                0x0000000010000000                _sccmram = .
 *(.ccmram)
 *(.ccmram*)
                0x0000000010000000                . = ALIGN (0x4)
                0x0000000010000000                _eccmram = .
                0x0000000010000000                . = ALIGN (0x4)

.bss            0x0000000020000180     0x1b7c
                0x0000000020000180                _sbss = .
                0x0000000020000180                __bss_start__ = _sbss
 *(.bss)
 .bss           0x0000000020000180       0x1c c:/st/stm32cubeide_1.7.0/stm32cubeide/plugins/com.st.stm32cube.ide.mcu.externaltools.gnu-tools-for-stm32.9-2020-q2-update.win32_2.0.0.202105311346/tools/bin/../lib/gcc/arm-none-eabi/9.3.1/thumb/v7e-m+fp/hard/crtbegin.o
 *(.bss*)
 .bss.cfgidx.10164
                0x000000002000019c        0x1 ./Middlewares/ST/STM32_USB_Device_Library/Core/Src/usbd_ctlreq.o
 *fill*         0x000000002000019d        0x3 
 .bss.mem.10233
                0x00000000200001a0      0x220 ./USB_DEVICE/Target/usbd_conf.o
 *(COMMON)
 COMMON         0x00000000200003c0        0xc ./Core/Src/MAX86916/MAX86916.o
                0x00000000200003c0                ppg_config
 COMMON         0x00000000200003cc       0x54 ./Core/Src/main.o
                0x00000000200003cc                hi2c3
 COMMON         0x0000000020000420        0x4 ./Drivers/STM32F4xx_HAL_Driver/Src/stm32f4xx_hal.o
                0x0000000020000420                uwTick
 COMMON         0x0000000020000424      0x2d0 ./USB_DEVICE/App/usb_device.o
                0x0000000020000424                hUsbDeviceFS
 COMMON         0x00000000200006f4     0x1000 ./USB_DEVICE/App/usbd_cdc_if.o
                0x00000000200006f4                UserRxBufferFS
                0x0000000020000ef4                UserTxBufferFS
 COMMON         0x00000000200016f4      0x200 ./USB_DEVICE/App/usbd_desc.o
                0x00000000200016f4                USBD_StrDesc
 COMMON         0x00000000200018f4      0x408 ./USB_DEVICE/Target/usbd_conf.o
                0x00000000200018f4                hpcd_USB_OTG_FS
                0x0000000020001cfc                . = ALIGN (0x4)
                0x0000000020001cfc                _ebss = .
                0x0000000020001cfc                __bss_end__ = _ebss

._user_heap_stack
                0x0000000020001cfc      0x604
                0x0000000020001d00                . = ALIGN (0x8)
 *fill*         0x0000000020001cfc        0x4 
                [!provide]                        PROVIDE (end = .)
                0x0000000020001d00                PROVIDE (_end = .)
                0x0000000020001f00                . = (. + _Min_Heap_Size)
 *fill*         0x0000000020001d00      0x200 
                0x0000000020002300                . = (. + _Min_Stack_Size)
 *fill*         0x0000000020001f00      0x400 
                0x0000000020002300                . = ALIGN (0x8)

/DISCARD/
 libc.a(*)
 libm.a(*)
 libgcc.a(*)

.ARM.attributes
                0x0000000000000000       0x30
 *(.ARM.attributes)
 .ARM.attributes
                0x0000000000000000       0x1e c:/st/stm32cubeide_1.7.0/stm32cubeide/plugins/com.st.stm32cube.ide.mcu.externaltools.gnu-tools-for-stm32.9-2020-q2-update.win32_2.0.0.202105311346/tools/bin/../lib/gcc/arm-none-eabi/9.3.1/thumb/v7e-m+fp/hard/crti.o
 .ARM.attributes
                0x000000000000001e       0x34 c:/st/stm32cubeide_1.7.0/stm32cubeide/plugins/com.st.stm32cube.ide.mcu.externaltools.gnu-tools-for-stm32.9-2020-q2-update.win32_2.0.0.202105311346/tools/bin/../lib/gcc/arm-none-eabi/9.3.1/thumb/v7e-m+fp/hard/crtbegin.o
 .ARM.attributes
                0x0000000000000052       0x34 ./Core/Src/MAX86916/MAX86916.o
 .ARM.attributes
                0x0000000000000086       0x34 ./Core/Src/main.o
 .ARM.attributes
                0x00000000000000ba       0x34 ./Core/Src/stm32f4xx_hal_msp.o
 .ARM.attributes
                0x00000000000000ee       0x34 ./Core/Src/stm32f4xx_it.o
 .ARM.attributes
                0x0000000000000122       0x34 ./Core/Src/system_stm32f4xx.o
 .ARM.attributes
                0x0000000000000156       0x21 ./Core/Startup/startup_stm32f407vgtx.o
 .ARM.attributes
                0x0000000000000177       0x34 ./Drivers/STM32F4xx_HAL_Driver/Src/stm32f4xx_hal.o
 .ARM.attributes
                0x00000000000001ab       0x34 ./Drivers/STM32F4xx_HAL_Driver/Src/stm32f4xx_hal_cortex.o
 .ARM.attributes
                0x00000000000001df       0x34 ./Drivers/STM32F4xx_HAL_Driver/Src/stm32f4xx_hal_gpio.o
 .ARM.attributes
                0x0000000000000213       0x34 ./Drivers/STM32F4xx_HAL_Driver/Src/stm32f4xx_hal_i2c.o
 .ARM.attributes
                0x0000000000000247       0x34 ./Drivers/STM32F4xx_HAL_Driver/Src/stm32f4xx_hal_pcd.o
 .ARM.attributes
                0x000000000000027b       0x34 ./Drivers/STM32F4xx_HAL_Driver/Src/stm32f4xx_hal_pcd_ex.o
 .ARM.attributes
                0x00000000000002af       0x34 ./Drivers/STM32F4xx_HAL_Driver/Src/stm32f4xx_hal_rcc.o
 .ARM.attributes
                0x00000000000002e3       0x34 ./Drivers/STM32F4xx_HAL_Driver/Src/stm32f4xx_ll_usb.o
 .ARM.attributes
                0x0000000000000317       0x34 ./Middlewares/ST/STM32_USB_Device_Library/Class/CDC/Src/usbd_cdc.o
 .ARM.attributes
                0x000000000000034b       0x34 ./Middlewares/ST/STM32_USB_Device_Library/Core/Src/usbd_core.o
 .ARM.attributes
                0x000000000000037f       0x34 ./Middlewares/ST/STM32_USB_Device_Library/Core/Src/usbd_ctlreq.o
 .ARM.attributes
                0x00000000000003b3       0x34 ./Middlewares/ST/STM32_USB_Device_Library/Core/Src/usbd_ioreq.o
 .ARM.attributes
                0x00000000000003e7       0x34 ./USB_DEVICE/App/usb_device.o
 .ARM.attributes
                0x000000000000041b       0x34 ./USB_DEVICE/App/usbd_cdc_if.o
 .ARM.attributes
                0x000000000000044f       0x34 ./USB_DEVICE/App/usbd_desc.o
 .ARM.attributes
                0x0000000000000483       0x34 ./USB_DEVICE/Target/usbd_conf.o
 .ARM.attributes
                0x00000000000004b7       0x34 c:/st/stm32cubeide_1.7.0/stm32cubeide/plugins/com.st.stm32cube.ide.mcu.externaltools.gnu-tools-for-stm32.9-2020-q2-update.win32_2.0.0.202105311346/tools/bin/../lib/gcc/arm-none-eabi/9.3.1/../../../../arm-none-eabi/lib/thumb/v7e-m+fp/hard\libc_nano.a(lib_a-init.o)
 .ARM.attributes
                0x00000000000004eb       0x34 c:/st/stm32cubeide_1.7.0/stm32cubeide/plugins/com.st.stm32cube.ide.mcu.externaltools.gnu-tools-for-stm32.9-2020-q2-update.win32_2.0.0.202105311346/tools/bin/../lib/gcc/arm-none-eabi/9.3.1/../../../../arm-none-eabi/lib/thumb/v7e-m+fp/hard\libc_nano.a(lib_a-memset.o)
 .ARM.attributes
                0x000000000000051f       0x1e c:/st/stm32cubeide_1.7.0/stm32cubeide/plugins/com.st.stm32cube.ide.mcu.externaltools.gnu-tools-for-stm32.9-2020-q2-update.win32_2.0.0.202105311346/tools/bin/../lib/gcc/arm-none-eabi/9.3.1/thumb/v7e-m+fp/hard\libgcc.a(_aeabi_uldivmod.o)
 .ARM.attributes
                0x000000000000053d       0x34 c:/st/stm32cubeide_1.7.0/stm32cubeide/plugins/com.st.stm32cube.ide.mcu.externaltools.gnu-tools-for-stm32.9-2020-q2-update.win32_2.0.0.202105311346/tools/bin/../lib/gcc/arm-none-eabi/9.3.1/thumb/v7e-m+fp/hard\libgcc.a(_udivmoddi4.o)
 .ARM.attributes
                0x0000000000000571       0x1e c:/st/stm32cubeide_1.7.0/stm32cubeide/plugins/com.st.stm32cube.ide.mcu.externaltools.gnu-tools-for-stm32.9-2020-q2-update.win32_2.0.0.202105311346/tools/bin/../lib/gcc/arm-none-eabi/9.3.1/thumb/v7e-m+fp/hard\libgcc.a(_dvmd_tls.o)
 .ARM.attributes
                0x000000000000058f       0x1e c:/st/stm32cubeide_1.7.0/stm32cubeide/plugins/com.st.stm32cube.ide.mcu.externaltools.gnu-tools-for-stm32.9-2020-q2-update.win32_2.0.0.202105311346/tools/bin/../lib/gcc/arm-none-eabi/9.3.1/thumb/v7e-m+fp/hard/crtn.o
OUTPUT(Firmware_MAX86916.elf elf32-littlearm)
LOAD linker stubs
LOAD c:/st/stm32cubeide_1.7.0/stm32cubeide/plugins/com.st.stm32cube.ide.mcu.externaltools.gnu-tools-for-stm32.9-2020-q2-update.win32_2.0.0.202105311346/tools/bin/../lib/gcc/arm-none-eabi/9.3.1/../../../../arm-none-eabi/lib/thumb/v7e-m+fp/hard\libc.a
LOAD c:/st/stm32cubeide_1.7.0/stm32cubeide/plugins/com.st.stm32cube.ide.mcu.externaltools.gnu-tools-for-stm32.9-2020-q2-update.win32_2.0.0.202105311346/tools/bin/../lib/gcc/arm-none-eabi/9.3.1/../../../../arm-none-eabi/lib/thumb/v7e-m+fp/hard\libm.a
LOAD c:/st/stm32cubeide_1.7.0/stm32cubeide/plugins/com.st.stm32cube.ide.mcu.externaltools.gnu-tools-for-stm32.9-2020-q2-update.win32_2.0.0.202105311346/tools/bin/../lib/gcc/arm-none-eabi/9.3.1/thumb/v7e-m+fp/hard\libgcc.a

.debug_info     0x0000000000000000    0x170f9
 .debug_info    0x0000000000000000     0x17eb ./Core/Src/MAX86916/MAX86916.o
 .debug_info    0x00000000000017eb     0x17db ./Core/Src/main.o
 .debug_info    0x0000000000002fc6      0xa90 ./Core/Src/stm32f4xx_hal_msp.o
 .debug_info    0x0000000000003a56      0x6db ./Core/Src/stm32f4xx_it.o
 .debug_info    0x0000000000004131      0x5a4 ./Core/Src/system_stm32f4xx.o
 .debug_info    0x00000000000046d5       0x22 ./Core/Startup/startup_stm32f407vgtx.o
 .debug_info    0x00000000000046f7      0x9b2 ./Drivers/STM32F4xx_HAL_Driver/Src/stm32f4xx_hal.o
 .debug_info    0x00000000000050a9      0xed7 ./Drivers/STM32F4xx_HAL_Driver/Src/stm32f4xx_hal_cortex.o
 .debug_info    0x0000000000005f80      0x83e ./Drivers/STM32F4xx_HAL_Driver/Src/stm32f4xx_hal_gpio.o
 .debug_info    0x00000000000067be     0x264d ./Drivers/STM32F4xx_HAL_Driver/Src/stm32f4xx_hal_i2c.o
 .debug_info    0x0000000000008e0b     0x12dd ./Drivers/STM32F4xx_HAL_Driver/Src/stm32f4xx_hal_pcd.o
 .debug_info    0x000000000000a0e8      0x7c3 ./Drivers/STM32F4xx_HAL_Driver/Src/stm32f4xx_hal_pcd_ex.o
 .debug_info    0x000000000000a8ab      0x996 ./Drivers/STM32F4xx_HAL_Driver/Src/stm32f4xx_hal_rcc.o
 .debug_info    0x000000000000b241     0x1ab4 ./Drivers/STM32F4xx_HAL_Driver/Src/stm32f4xx_ll_usb.o
 .debug_info    0x000000000000ccf5     0x198b ./Middlewares/ST/STM32_USB_Device_Library/Class/CDC/Src/usbd_cdc.o
 .debug_info    0x000000000000e680     0x13a7 ./Middlewares/ST/STM32_USB_Device_Library/Core/Src/usbd_core.o
 .debug_info    0x000000000000fa27     0x1373 ./Middlewares/ST/STM32_USB_Device_Library/Core/Src/usbd_ctlreq.o
 .debug_info    0x0000000000010d9a     0x1095 ./Middlewares/ST/STM32_USB_Device_Library/Core/Src/usbd_ioreq.o
 .debug_info    0x0000000000011e2f      0xffe ./USB_DEVICE/App/usb_device.o
 .debug_info    0x0000000000012e2d     0x122f ./USB_DEVICE/App/usbd_cdc_if.o
 .debug_info    0x000000000001405c      0xdfa ./USB_DEVICE/App/usbd_desc.o
 .debug_info    0x0000000000014e56     0x22a3 ./USB_DEVICE/Target/usbd_conf.o

.debug_abbrev   0x0000000000000000     0x330b
 .debug_abbrev  0x0000000000000000      0x2cc ./Core/Src/MAX86916/MAX86916.o
 .debug_abbrev  0x00000000000002cc      0x2a6 ./Core/Src/main.o
 .debug_abbrev  0x0000000000000572      0x1ac ./Core/Src/stm32f4xx_hal_msp.o
 .debug_abbrev  0x000000000000071e      0x184 ./Core/Src/stm32f4xx_it.o
 .debug_abbrev  0x00000000000008a2      0x145 ./Core/Src/system_stm32f4xx.o
 .debug_abbrev  0x00000000000009e7       0x12 ./Core/Startup/startup_stm32f407vgtx.o
 .debug_abbrev  0x00000000000009f9      0x1ed ./Drivers/STM32F4xx_HAL_Driver/Src/stm32f4xx_hal.o
 .debug_abbrev  0x0000000000000be6      0x33c ./Drivers/STM32F4xx_HAL_Driver/Src/stm32f4xx_hal_cortex.o
 .debug_abbrev  0x0000000000000f22      0x1f1 ./Drivers/STM32F4xx_HAL_Driver/Src/stm32f4xx_hal_gpio.o
 .debug_abbrev  0x0000000000001113      0x282 ./Drivers/STM32F4xx_HAL_Driver/Src/stm32f4xx_hal_i2c.o
 .debug_abbrev  0x0000000000001395      0x2a0 ./Drivers/STM32F4xx_HAL_Driver/Src/stm32f4xx_hal_pcd.o
 .debug_abbrev  0x0000000000001635      0x1fb ./Drivers/STM32F4xx_HAL_Driver/Src/stm32f4xx_hal_pcd_ex.o
 .debug_abbrev  0x0000000000001830      0x275 ./Drivers/STM32F4xx_HAL_Driver/Src/stm32f4xx_hal_rcc.o
 .debug_abbrev  0x0000000000001aa5      0x2a7 ./Drivers/STM32F4xx_HAL_Driver/Src/stm32f4xx_ll_usb.o
 .debug_abbrev  0x0000000000001d4c      0x2fc ./Middlewares/ST/STM32_USB_Device_Library/Class/CDC/Src/usbd_cdc.o
 .debug_abbrev  0x0000000000002048      0x2b7 ./Middlewares/ST/STM32_USB_Device_Library/Core/Src/usbd_core.o
 .debug_abbrev  0x00000000000022ff      0x2fc ./Middlewares/ST/STM32_USB_Device_Library/Core/Src/usbd_ctlreq.o
 .debug_abbrev  0x00000000000025fb      0x22a ./Middlewares/ST/STM32_USB_Device_Library/Core/Src/usbd_ioreq.o
 .debug_abbrev  0x0000000000002825      0x204 ./USB_DEVICE/App/usb_device.o
 .debug_abbrev  0x0000000000002a29      0x30c ./USB_DEVICE/App/usbd_cdc_if.o
 .debug_abbrev  0x0000000000002d35      0x2aa ./USB_DEVICE/App/usbd_desc.o
 .debug_abbrev  0x0000000000002fdf      0x32c ./USB_DEVICE/Target/usbd_conf.o

.debug_aranges  0x0000000000000000      0xe68
 .debug_aranges
                0x0000000000000000       0xb0 ./Core/Src/MAX86916/MAX86916.o
 .debug_aranges
                0x00000000000000b0       0x40 ./Core/Src/main.o
 .debug_aranges
                0x00000000000000f0       0x30 ./Core/Src/stm32f4xx_hal_msp.o
 .debug_aranges
                0x0000000000000120       0x68 ./Core/Src/stm32f4xx_it.o
 .debug_aranges
                0x0000000000000188       0x28 ./Core/Src/system_stm32f4xx.o
 .debug_aranges
                0x00000000000001b0       0x28 ./Core/Startup/startup_stm32f407vgtx.o
 .debug_aranges
                0x00000000000001d8       0xf0 ./Drivers/STM32F4xx_HAL_Driver/Src/stm32f4xx_hal.o
 .debug_aranges
                0x00000000000002c8      0x118 ./Drivers/STM32F4xx_HAL_Driver/Src/stm32f4xx_hal_cortex.o
 .debug_aranges
                0x00000000000003e0       0x58 ./Drivers/STM32F4xx_HAL_Driver/Src/stm32f4xx_hal_gpio.o
 .debug_aranges
                0x0000000000000438      0x2a0 ./Drivers/STM32F4xx_HAL_Driver/Src/stm32f4xx_hal_i2c.o
 .debug_aranges
                0x00000000000006d8      0x138 ./Drivers/STM32F4xx_HAL_Driver/Src/stm32f4xx_hal_pcd.o
 .debug_aranges
                0x0000000000000810       0x38 ./Drivers/STM32F4xx_HAL_Driver/Src/stm32f4xx_hal_pcd_ex.o
 .debug_aranges
                0x0000000000000848       0x88 ./Drivers/STM32F4xx_HAL_Driver/Src/stm32f4xx_hal_rcc.o
 .debug_aranges
                0x00000000000008d0      0x198 ./Drivers/STM32F4xx_HAL_Driver/Src/stm32f4xx_ll_usb.o
 .debug_aranges
                0x0000000000000a68       0x90 ./Middlewares/ST/STM32_USB_Device_Library/Class/CDC/Src/usbd_cdc.o
 .debug_aranges
                0x0000000000000af8       0xb8 ./Middlewares/ST/STM32_USB_Device_Library/Core/Src/usbd_core.o
 .debug_aranges
                0x0000000000000bb0       0x90 ./Middlewares/ST/STM32_USB_Device_Library/Core/Src/usbd_ctlreq.o
 .debug_aranges
                0x0000000000000c40       0x50 ./Middlewares/ST/STM32_USB_Device_Library/Core/Src/usbd_ioreq.o
 .debug_aranges
                0x0000000000000c90       0x20 ./USB_DEVICE/App/usb_device.o
 .debug_aranges
                0x0000000000000cb0       0x48 ./USB_DEVICE/App/usbd_cdc_if.o
 .debug_aranges
                0x0000000000000cf8       0x60 ./USB_DEVICE/App/usbd_desc.o
 .debug_aranges
                0x0000000000000d58      0x110 ./USB_DEVICE/Target/usbd_conf.o

.debug_ranges   0x0000000000000000      0xd38
 .debug_ranges  0x0000000000000000       0xa0 ./Core/Src/MAX86916/MAX86916.o
 .debug_ranges  0x00000000000000a0       0x30 ./Core/Src/main.o
 .debug_ranges  0x00000000000000d0       0x20 ./Core/Src/stm32f4xx_hal_msp.o
 .debug_ranges  0x00000000000000f0       0x58 ./Core/Src/stm32f4xx_it.o
 .debug_ranges  0x0000000000000148       0x18 ./Core/Src/system_stm32f4xx.o
 .debug_ranges  0x0000000000000160       0x20 ./Core/Startup/startup_stm32f407vgtx.o
 .debug_ranges  0x0000000000000180       0xe0 ./Drivers/STM32F4xx_HAL_Driver/Src/stm32f4xx_hal.o
 .debug_ranges  0x0000000000000260      0x108 ./Drivers/STM32F4xx_HAL_Driver/Src/stm32f4xx_hal_cortex.o
 .debug_ranges  0x0000000000000368       0x48 ./Drivers/STM32F4xx_HAL_Driver/Src/stm32f4xx_hal_gpio.o
 .debug_ranges  0x00000000000003b0      0x2b8 ./Drivers/STM32F4xx_HAL_Driver/Src/stm32f4xx_hal_i2c.o
 .debug_ranges  0x0000000000000668      0x128 ./Drivers/STM32F4xx_HAL_Driver/Src/stm32f4xx_hal_pcd.o
 .debug_ranges  0x0000000000000790       0x28 ./Drivers/STM32F4xx_HAL_Driver/Src/stm32f4xx_hal_pcd_ex.o
 .debug_ranges  0x00000000000007b8       0x78 ./Drivers/STM32F4xx_HAL_Driver/Src/stm32f4xx_hal_rcc.o
 .debug_ranges  0x0000000000000830      0x188 ./Drivers/STM32F4xx_HAL_Driver/Src/stm32f4xx_ll_usb.o
 .debug_ranges  0x00000000000009b8       0x80 ./Middlewares/ST/STM32_USB_Device_Library/Class/CDC/Src/usbd_cdc.o
 .debug_ranges  0x0000000000000a38       0xa8 ./Middlewares/ST/STM32_USB_Device_Library/Core/Src/usbd_core.o
 .debug_ranges  0x0000000000000ae0       0x80 ./Middlewares/ST/STM32_USB_Device_Library/Core/Src/usbd_ctlreq.o
 .debug_ranges  0x0000000000000b60       0x40 ./Middlewares/ST/STM32_USB_Device_Library/Core/Src/usbd_ioreq.o
 .debug_ranges  0x0000000000000ba0       0x10 ./USB_DEVICE/App/usb_device.o
 .debug_ranges  0x0000000000000bb0       0x38 ./USB_DEVICE/App/usbd_cdc_if.o
 .debug_ranges  0x0000000000000be8       0x50 ./USB_DEVICE/App/usbd_desc.o
 .debug_ranges  0x0000000000000c38      0x100 ./USB_DEVICE/Target/usbd_conf.o

.debug_macro    0x0000000000000000    0x2398c
 .debug_macro   0x0000000000000000      0x2e3 ./Core/Src/MAX86916/MAX86916.o
 .debug_macro   0x00000000000002e3      0xaa8 ./Core/Src/MAX86916/MAX86916.o
 .debug_macro   0x0000000000000d8b       0x22 ./Core/Src/MAX86916/MAX86916.o
 .debug_macro   0x0000000000000dad       0x8e ./Core/Src/MAX86916/MAX86916.o
 .debug_macro   0x0000000000000e3b       0x51 ./Core/Src/MAX86916/MAX86916.o
 .debug_macro   0x0000000000000e8c      0x103 ./Core/Src/MAX86916/MAX86916.o
 .debug_macro   0x0000000000000f8f       0x6a ./Core/Src/MAX86916/MAX86916.o
 .debug_macro   0x0000000000000ff9      0x1df ./Core/Src/MAX86916/MAX86916.o
 .debug_macro   0x00000000000011d8       0x22 ./Core/Src/MAX86916/MAX86916.o
 .debug_macro   0x00000000000011fa       0xd3 ./Core/Src/MAX86916/MAX86916.o
 .debug_macro   0x00000000000012cd      0x29b ./Core/Src/MAX86916/MAX86916.o
 .debug_macro   0x0000000000001568       0x2e ./Core/Src/MAX86916/MAX86916.o
 .debug_macro   0x0000000000001596       0x2f ./Core/Src/MAX86916/MAX86916.o
 .debug_macro   0x00000000000015c5       0x1c ./Core/Src/MAX86916/MAX86916.o
 .debug_macro   0x00000000000015e1       0x22 ./Core/Src/MAX86916/MAX86916.o
 .debug_macro   0x0000000000001603       0xdf ./Core/Src/MAX86916/MAX86916.o
 .debug_macro   0x00000000000016e2     0x102d ./Core/Src/MAX86916/MAX86916.o
 .debug_macro   0x000000000000270f      0x11f ./Core/Src/MAX86916/MAX86916.o
 .debug_macro   0x000000000000282e    0x15e58 ./Core/Src/MAX86916/MAX86916.o
 .debug_macro   0x0000000000018686       0x6d ./Core/Src/MAX86916/MAX86916.o
 .debug_macro   0x00000000000186f3     0x3666 ./Core/Src/MAX86916/MAX86916.o
 .debug_macro   0x000000000001bd59      0x174 ./Core/Src/MAX86916/MAX86916.o
 .debug_macro   0x000000000001becd       0x5c ./Core/Src/MAX86916/MAX86916.o
 .debug_macro   0x000000000001bf29      0x96b ./Core/Src/MAX86916/MAX86916.o
 .debug_macro   0x000000000001c894      0x9fe ./Core/Src/MAX86916/MAX86916.o
 .debug_macro   0x000000000001d292      0x116 ./Core/Src/MAX86916/MAX86916.o
 .debug_macro   0x000000000001d3a8      0x13e ./Core/Src/MAX86916/MAX86916.o
 .debug_macro   0x000000000001d4e6       0xa5 ./Core/Src/MAX86916/MAX86916.o
 .debug_macro   0x000000000001d58b      0x174 ./Core/Src/MAX86916/MAX86916.o
 .debug_macro   0x000000000001d6ff      0x287 ./Core/Src/MAX86916/MAX86916.o
 .debug_macro   0x000000000001d986       0x5f ./Core/Src/MAX86916/MAX86916.o
 .debug_macro   0x000000000001d9e5      0x236 ./Core/Src/MAX86916/MAX86916.o
 .debug_macro   0x000000000001dc1b      0x12c ./Core/Src/MAX86916/MAX86916.o
 .debug_macro   0x000000000001dd47      0x21e ./Core/Src/MAX86916/MAX86916.o
 .debug_macro   0x000000000001df65       0x2e ./Core/Src/MAX86916/MAX86916.o
 .debug_macro   0x000000000001df93      0x1b5 ./Core/Src/MAX86916/MAX86916.o
 .debug_macro   0x000000000001e148       0xd6 ./Core/Src/MAX86916/MAX86916.o
 .debug_macro   0x000000000001e21e      0x11a ./Core/Src/MAX86916/MAX86916.o
 .debug_macro   0x000000000001e338       0x7e ./Core/Src/MAX86916/MAX86916.o
 .debug_macro   0x000000000001e3b6       0x89 ./Core/Src/MAX86916/MAX86916.o
 .debug_macro   0x000000000001e43f      0x21e ./Core/Src/MAX86916/MAX86916.o
 .debug_macro   0x000000000001e65d       0xba ./Core/Src/MAX86916/MAX86916.o
 .debug_macro   0x000000000001e717      0x12d ./Core/Src/MAX86916/MAX86916.o
 .debug_macro   0x000000000001e844      0x190 ./Core/Src/MAX86916/MAX86916.o
 .debug_macro   0x000000000001e9d4       0x52 ./Core/Src/MAX86916/MAX86916.o
 .debug_macro   0x000000000001ea26       0x18 ./Core/Src/MAX86916/MAX86916.o
 .debug_macro   0x000000000001ea3e       0x3c ./Core/Src/MAX86916/MAX86916.o
 .debug_macro   0x000000000001ea7a       0x34 ./Core/Src/MAX86916/MAX86916.o
 .debug_macro   0x000000000001eaae       0x16 ./Core/Src/MAX86916/MAX86916.o
 .debug_macro   0x000000000001eac4       0x43 ./Core/Src/MAX86916/MAX86916.o
 .debug_macro   0x000000000001eb07       0x34 ./Core/Src/MAX86916/MAX86916.o
 .debug_macro   0x000000000001eb3b       0x10 ./Core/Src/MAX86916/MAX86916.o
 .debug_macro   0x000000000001eb4b       0x58 ./Core/Src/MAX86916/MAX86916.o
 .debug_macro   0x000000000001eba3       0x71 ./Core/Src/MAX86916/MAX86916.o
 .debug_macro   0x000000000001ec14       0x1c ./Core/Src/MAX86916/MAX86916.o
 .debug_macro   0x000000000001ec30      0x12a ./Core/Src/MAX86916/MAX86916.o
 .debug_macro   0x000000000001ed5a      0x333 ./Core/Src/MAX86916/MAX86916.o
 .debug_macro   0x000000000001f08d       0x10 ./Core/Src/MAX86916/MAX86916.o
 .debug_macro   0x000000000001f09d       0x35 ./Core/Src/MAX86916/MAX86916.o
 .debug_macro   0x000000000001f0d2       0x20 ./Core/Src/MAX86916/MAX86916.o
 .debug_macro   0x000000000001f0f2      0x400 ./Core/Src/main.o
 .debug_macro   0x000000000001f4f2       0x16 ./Core/Src/main.o
 .debug_macro   0x000000000001f508       0x10 ./Core/Src/main.o
 .debug_macro   0x000000000001f518       0x10 ./Core/Src/main.o
 .debug_macro   0x000000000001f528       0x1c ./Core/Src/main.o
 .debug_macro   0x000000000001f544       0x52 ./Core/Src/main.o
 .debug_macro   0x000000000001f596       0x22 ./Core/Src/main.o
 .debug_macro   0x000000000001f5b8       0x10 ./Core/Src/main.o
 .debug_macro   0x000000000001f5c8       0x40 ./Core/Src/main.o
 .debug_macro   0x000000000001f608       0xd5 ./Core/Src/main.o
 .debug_macro   0x000000000001f6dd       0x1c ./Core/Src/main.o
 .debug_macro   0x000000000001f6f9       0x3d ./Core/Src/main.o
 .debug_macro   0x000000000001f736       0x16 ./Core/Src/main.o
 .debug_macro   0x000000000001f74c      0x145 ./Core/Src/main.o
 .debug_macro   0x000000000001f891       0x16 ./Core/Src/main.o
 .debug_macro   0x000000000001f8a7       0x16 ./Core/Src/main.o
 .debug_macro   0x000000000001f8bd       0x29 ./Core/Src/main.o
 .debug_macro   0x000000000001f8e6       0x16 ./Core/Src/main.o
 .debug_macro   0x000000000001f8fc       0x65 ./Core/Src/main.o
 .debug_macro   0x000000000001f961      0x1ef ./Core/Src/main.o
 .debug_macro   0x000000000001fb50      0x1fd ./Core/Src/stm32f4xx_hal_msp.o
 .debug_macro   0x000000000001fd4d      0x207 ./Core/Src/stm32f4xx_it.o
 .debug_macro   0x000000000001ff54      0x1ee ./Core/Src/system_stm32f4xx.o
 .debug_macro   0x0000000000020142      0x24e ./Drivers/STM32F4xx_HAL_Driver/Src/stm32f4xx_hal.o
 .debug_macro   0x0000000000020390      0x1ee ./Drivers/STM32F4xx_HAL_Driver/Src/stm32f4xx_hal_cortex.o
 .debug_macro   0x000000000002057e      0x1f4 ./Drivers/STM32F4xx_HAL_Driver/Src/stm32f4xx_hal_gpio.o
 .debug_macro   0x0000000000020772      0x235 ./Drivers/STM32F4xx_HAL_Driver/Src/stm32f4xx_hal_i2c.o
 .debug_macro   0x00000000000209a7      0x1fa ./Drivers/STM32F4xx_HAL_Driver/Src/stm32f4xx_hal_pcd.o
 .debug_macro   0x0000000000020ba1      0x1ee ./Drivers/STM32F4xx_HAL_Driver/Src/stm32f4xx_hal_pcd_ex.o
 .debug_macro   0x0000000000020d8f      0x212 ./Drivers/STM32F4xx_HAL_Driver/Src/stm32f4xx_hal_rcc.o
 .debug_macro   0x0000000000020fa1      0x1ee ./Drivers/STM32F4xx_HAL_Driver/Src/stm32f4xx_ll_usb.o
 .debug_macro   0x000000000002118f      0x413 ./Middlewares/ST/STM32_USB_Device_Library/Class/CDC/Src/usbd_cdc.o
 .debug_macro   0x00000000000215a2       0x97 ./Middlewares/ST/STM32_USB_Device_Library/Class/CDC/Src/usbd_cdc.o
 .debug_macro   0x0000000000021639       0xfd ./Middlewares/ST/STM32_USB_Device_Library/Class/CDC/Src/usbd_cdc.o
 .debug_macro   0x0000000000021736       0xd9 ./Middlewares/ST/STM32_USB_Device_Library/Class/CDC/Src/usbd_cdc.o
 .debug_macro   0x000000000002180f       0x56 ./Middlewares/ST/STM32_USB_Device_Library/Class/CDC/Src/usbd_cdc.o
 .debug_macro   0x0000000000021865       0x95 ./Middlewares/ST/STM32_USB_Device_Library/Class/CDC/Src/usbd_cdc.o
 .debug_macro   0x00000000000218fa      0x3fa ./Middlewares/ST/STM32_USB_Device_Library/Core/Src/usbd_core.o
 .debug_macro   0x0000000000021cf4      0x1f5 ./Middlewares/ST/STM32_USB_Device_Library/Core/Src/usbd_core.o
 .debug_macro   0x0000000000021ee9      0x404 ./Middlewares/ST/STM32_USB_Device_Library/Core/Src/usbd_ctlreq.o
 .debug_macro   0x00000000000222ed      0x400 ./Middlewares/ST/STM32_USB_Device_Library/Core/Src/usbd_ioreq.o
 .debug_macro   0x00000000000226ed      0x433 ./USB_DEVICE/App/usb_device.o
 .debug_macro   0x0000000000022b20      0x196 ./USB_DEVICE/App/usb_device.o
 .debug_macro   0x0000000000022cb6       0x22 ./USB_DEVICE/App/usb_device.o
 .debug_macro   0x0000000000022cd8       0x16 ./USB_DEVICE/App/usb_device.o
 .debug_macro   0x0000000000022cee      0x41e ./USB_DEVICE/App/usbd_cdc_if.o
 .debug_macro   0x000000000002310c       0x10 ./USB_DEVICE/App/usbd_cdc_if.o
 .debug_macro   0x000000000002311c      0x43d ./USB_DEVICE/App/usbd_desc.o
 .debug_macro   0x0000000000023559       0x1c ./USB_DEVICE/App/usbd_desc.o
 .debug_macro   0x0000000000023575      0x417 ./USB_DEVICE/Target/usbd_conf.o

.debug_line     0x0000000000000000    0x13503
 .debug_line    0x0000000000000000      0xf44 ./Core/Src/MAX86916/MAX86916.o
 .debug_line    0x0000000000000f44      0xbba ./Core/Src/main.o
 .debug_line    0x0000000000001afe      0x756 ./Core/Src/stm32f4xx_hal_msp.o
 .debug_line    0x0000000000002254      0x7d0 ./Core/Src/stm32f4xx_it.o
 .debug_line    0x0000000000002a24      0x777 ./Core/Src/system_stm32f4xx.o
 .debug_line    0x000000000000319b       0x88 ./Core/Startup/startup_stm32f407vgtx.o
 .debug_line    0x0000000000003223      0x9dd ./Drivers/STM32F4xx_HAL_Driver/Src/stm32f4xx_hal.o
 .debug_line    0x0000000000003c00      0xc8c ./Drivers/STM32F4xx_HAL_Driver/Src/stm32f4xx_hal_cortex.o
 .debug_line    0x000000000000488c      0xb53 ./Drivers/STM32F4xx_HAL_Driver/Src/stm32f4xx_hal_gpio.o
 .debug_line    0x00000000000053df     0x3989 ./Drivers/STM32F4xx_HAL_Driver/Src/stm32f4xx_hal_i2c.o
 .debug_line    0x0000000000008d68     0x132a ./Drivers/STM32F4xx_HAL_Driver/Src/stm32f4xx_hal_pcd.o
 .debug_line    0x000000000000a092      0x7c0 ./Drivers/STM32F4xx_HAL_Driver/Src/stm32f4xx_hal_pcd_ex.o
 .debug_line    0x000000000000a852      0xd59 ./Drivers/STM32F4xx_HAL_Driver/Src/stm32f4xx_hal_rcc.o
 .debug_line    0x000000000000b5ab     0x196c ./Drivers/STM32F4xx_HAL_Driver/Src/stm32f4xx_ll_usb.o
 .debug_line    0x000000000000cf17      0xdc3 ./Middlewares/ST/STM32_USB_Device_Library/Class/CDC/Src/usbd_cdc.o
 .debug_line    0x000000000000dcda      0xe46 ./Middlewares/ST/STM32_USB_Device_Library/Core/Src/usbd_core.o
 .debug_line    0x000000000000eb20     0x10c6 ./Middlewares/ST/STM32_USB_Device_Library/Core/Src/usbd_ctlreq.o
 .debug_line    0x000000000000fbe6      0xa9d ./Middlewares/ST/STM32_USB_Device_Library/Core/Src/usbd_ioreq.o
 .debug_line    0x0000000000010683      0xa59 ./USB_DEVICE/App/usb_device.o
 .debug_line    0x00000000000110dc      0xabc ./USB_DEVICE/App/usbd_cdc_if.o
 .debug_line    0x0000000000011b98      0xb22 ./USB_DEVICE/App/usbd_desc.o
 .debug_line    0x00000000000126ba      0xe49 ./USB_DEVICE/Target/usbd_conf.o

.debug_str      0x0000000000000000    0xc7655
 .debug_str     0x0000000000000000    0xc18a6 ./Core/Src/MAX86916/MAX86916.o
                                      0xc1c1b (size before relaxing)
 .debug_str     0x00000000000c18a6     0x1cba ./Core/Src/main.o
                                      0xc3646 (size before relaxing)
 .debug_str     0x00000000000c3560       0x53 ./Core/Src/stm32f4xx_hal_msp.o
                                      0xbe13c (size before relaxing)
 .debug_str     0x00000000000c35b3      0x3fc ./Core/Src/stm32f4xx_it.o
                                      0xbdf11 (size before relaxing)
 .debug_str     0x00000000000c39af       0xaf ./Core/Src/system_stm32f4xx.o
                                      0xbd5db (size before relaxing)
 .debug_str     0x00000000000c3a5e       0x36 ./Core/Startup/startup_stm32f407vgtx.o
                                         0x7c (size before relaxing)
 .debug_str     0x00000000000c3a94      0xa54 ./Drivers/STM32F4xx_HAL_Driver/Src/stm32f4xx_hal.o
                                      0xbe0bd (size before relaxing)
 .debug_str     0x00000000000c44e8      0x38f ./Drivers/STM32F4xx_HAL_Driver/Src/stm32f4xx_hal_cortex.o
                                      0xbdeac (size before relaxing)
 .debug_str     0x00000000000c4877      0x15a ./Drivers/STM32F4xx_HAL_Driver/Src/stm32f4xx_hal_gpio.o
                                      0xbd782 (size before relaxing)
 .debug_str     0x00000000000c49d1      0xaa6 ./Drivers/STM32F4xx_HAL_Driver/Src/stm32f4xx_hal_i2c.o
                                      0xbe55d (size before relaxing)
 .debug_str     0x00000000000c5477      0x564 ./Drivers/STM32F4xx_HAL_Driver/Src/stm32f4xx_hal_pcd.o
                                      0xbddc5 (size before relaxing)
 .debug_str     0x00000000000c59db      0x13f ./Drivers/STM32F4xx_HAL_Driver/Src/stm32f4xx_hal_pcd_ex.o
                                      0xbd990 (size before relaxing)
 .debug_str     0x00000000000c5b1a      0x24e ./Drivers/STM32F4xx_HAL_Driver/Src/stm32f4xx_hal_rcc.o
                                      0xbd9dd (size before relaxing)
 .debug_str     0x00000000000c5d68      0x6a3 ./Drivers/STM32F4xx_HAL_Driver/Src/stm32f4xx_ll_usb.o
                                      0xbdefc (size before relaxing)
 .debug_str     0x00000000000c640b      0x929 ./Middlewares/ST/STM32_USB_Device_Library/Class/CDC/Src/usbd_cdc.o
                                      0xc3415 (size before relaxing)
 .debug_str     0x00000000000c6d34      0x1a2 ./Middlewares/ST/STM32_USB_Device_Library/Core/Src/usbd_core.o
                                      0xc2ca1 (size before relaxing)
 .debug_str     0x00000000000c6ed6      0x152 ./Middlewares/ST/STM32_USB_Device_Library/Core/Src/usbd_ctlreq.o
                                      0xc2c5f (size before relaxing)
 .debug_str     0x00000000000c7028       0xc9 ./Middlewares/ST/STM32_USB_Device_Library/Core/Src/usbd_ioreq.o
                                      0xc2baf (size before relaxing)
 .debug_str     0x00000000000c70f1      0x118 ./USB_DEVICE/App/usb_device.o
                                      0xc2f3e (size before relaxing)
 .debug_str     0x00000000000c7209       0x8a ./USB_DEVICE/App/usbd_cdc_if.o
                                      0xc2f90 (size before relaxing)
 .debug_str     0x00000000000c7293      0x26e ./USB_DEVICE/App/usbd_desc.o
                                      0xc2b01 (size before relaxing)
 .debug_str     0x00000000000c7501      0x154 ./USB_DEVICE/Target/usbd_conf.o
                                      0xc3b3f (size before relaxing)

.comment        0x0000000000000000       0x53
 .comment       0x0000000000000000       0x53 ./Core/Src/MAX86916/MAX86916.o
                                         0x54 (size before relaxing)
 .comment       0x0000000000000053       0x54 ./Core/Src/main.o
 .comment       0x0000000000000053       0x54 ./Core/Src/stm32f4xx_hal_msp.o
 .comment       0x0000000000000053       0x54 ./Core/Src/stm32f4xx_it.o
 .comment       0x0000000000000053       0x54 ./Core/Src/system_stm32f4xx.o
 .comment       0x0000000000000053       0x54 ./Drivers/STM32F4xx_HAL_Driver/Src/stm32f4xx_hal.o
 .comment       0x0000000000000053       0x54 ./Drivers/STM32F4xx_HAL_Driver/Src/stm32f4xx_hal_cortex.o
 .comment       0x0000000000000053       0x54 ./Drivers/STM32F4xx_HAL_Driver/Src/stm32f4xx_hal_gpio.o
 .comment       0x0000000000000053       0x54 ./Drivers/STM32F4xx_HAL_Driver/Src/stm32f4xx_hal_i2c.o
 .comment       0x0000000000000053       0x54 ./Drivers/STM32F4xx_HAL_Driver/Src/stm32f4xx_hal_pcd.o
 .comment       0x0000000000000053       0x54 ./Drivers/STM32F4xx_HAL_Driver/Src/stm32f4xx_hal_pcd_ex.o
 .comment       0x0000000000000053       0x54 ./Drivers/STM32F4xx_HAL_Driver/Src/stm32f4xx_hal_rcc.o
 .comment       0x0000000000000053       0x54 ./Drivers/STM32F4xx_HAL_Driver/Src/stm32f4xx_ll_usb.o
 .comment       0x0000000000000053       0x54 ./Middlewares/ST/STM32_USB_Device_Library/Class/CDC/Src/usbd_cdc.o
 .comment       0x0000000000000053       0x54 ./Middlewares/ST/STM32_USB_Device_Library/Core/Src/usbd_core.o
 .comment       0x0000000000000053       0x54 ./Middlewares/ST/STM32_USB_Device_Library/Core/Src/usbd_ctlreq.o
 .comment       0x0000000000000053       0x54 ./Middlewares/ST/STM32_USB_Device_Library/Core/Src/usbd_ioreq.o
 .comment       0x0000000000000053       0x54 ./USB_DEVICE/App/usb_device.o
 .comment       0x0000000000000053       0x54 ./USB_DEVICE/App/usbd_cdc_if.o
 .comment       0x0000000000000053       0x54 ./USB_DEVICE/App/usbd_desc.o
 .comment       0x0000000000000053       0x54 ./USB_DEVICE/Target/usbd_conf.o

.debug_frame    0x0000000000000000     0x3aec
 .debug_frame   0x0000000000000000      0x2cc ./Core/Src/MAX86916/MAX86916.o
 .debug_frame   0x00000000000002cc       0xb0 ./Core/Src/main.o
 .debug_frame   0x000000000000037c       0x7c ./Core/Src/stm32f4xx_hal_msp.o
 .debug_frame   0x00000000000003f8      0x120 ./Core/Src/stm32f4xx_it.o
 .debug_frame   0x0000000000000518       0x58 ./Core/Src/system_stm32f4xx.o
 .debug_frame   0x0000000000000570      0x374 ./Drivers/STM32F4xx_HAL_Driver/Src/stm32f4xx_hal.o
 .debug_frame   0x00000000000008e4      0x498 ./Drivers/STM32F4xx_HAL_Driver/Src/stm32f4xx_hal_cortex.o
 .debug_frame   0x0000000000000d7c      0x14c ./Drivers/STM32F4xx_HAL_Driver/Src/stm32f4xx_hal_gpio.o
 .debug_frame   0x0000000000000ec8      0xc5c ./Drivers/STM32F4xx_HAL_Driver/Src/stm32f4xx_hal_i2c.o
 .debug_frame   0x0000000000001b24      0x574 ./Drivers/STM32F4xx_HAL_Driver/Src/stm32f4xx_hal_pcd.o
 .debug_frame   0x0000000000002098       0xb0 ./Drivers/STM32F4xx_HAL_Driver/Src/stm32f4xx_hal_pcd_ex.o
 .debug_frame   0x0000000000002148      0x1f0 ./Drivers/STM32F4xx_HAL_Driver/Src/stm32f4xx_hal_rcc.o
 .debug_frame   0x0000000000002338      0x798 ./Drivers/STM32F4xx_HAL_Driver/Src/stm32f4xx_ll_usb.o
 .debug_frame   0x0000000000002ad0      0x248 ./Middlewares/ST/STM32_USB_Device_Library/Class/CDC/Src/usbd_cdc.o
 .debug_frame   0x0000000000002d18      0x2f4 ./Middlewares/ST/STM32_USB_Device_Library/Core/Src/usbd_core.o