Archive member included to satisfy reference by file (symbol)

c:/st/stm32cubeide_1.7.0/stm32cubeide/plugins/com.st.stm32cube.ide.mcu.externaltools.gnu-tools-for-stm32.9-2020-q2-update.win32_2.0.0.202105311346/tools/bin/../lib/gcc/arm-none-eabi/9.3.1/../../../../arm-none-eabi/lib/thumb/v7e-m+fp/hard\libc_nano.a(lib_a-errno.o)
                              ./Core/Src/syscalls.o (__errno)
c:/st/stm32cubeide_1.7.0/stm32cubeide/plugins/com.st.stm32cube.ide.mcu.externaltools.gnu-tools-for-stm32.9-2020-q2-update.win32_2.0.0.202105311346/tools/bin/../lib/gcc/arm-none-eabi/9.3.1/../../../../arm-none-eabi/lib/thumb/v7e-m+fp/hard\libc_nano.a(lib_a-exit.o)
                              c:/st/stm32cubeide_1.7.0/stm32cubeide/plugins/com.st.stm32cube.ide.mcu.externaltools.gnu-tools-for-stm32.9-2020-q2-update.win32_2.0.0.202105311346/tools/bin/../lib/gcc/arm-none-eabi/9.3.1/../../../../arm-none-eabi/lib/thumb/v7e-m+fp/hard/crt0.o (exit)
c:/st/stm32cubeide_1.7.0/stm32cubeide/plugins/com.st.stm32cube.ide.mcu.externaltools.gnu-tools-for-stm32.9-2020-q2-update.win32_2.0.0.202105311346/tools/bin/../lib/gcc/arm-none-eabi/9.3.1/../../../../arm-none-eabi/lib/thumb/v7e-m+fp/hard\libc_nano.a(lib_a-impure.o)
                              c:/st/stm32cubeide_1.7.0/stm32cubeide/plugins/com.st.stm32cube.ide.mcu.externaltools.gnu-tools-for-stm32.9-2020-q2-update.win32_2.0.0.202105311346/tools/bin/../lib/gcc/arm-none-eabi/9.3.1/../../../../arm-none-eabi/lib/thumb/v7e-m+fp/hard\libc_nano.a(lib_a-exit.o) (_global_impure_ptr)
c:/st/stm32cubeide_1.7.0/stm32cubeide/plugins/com.st.stm32cube.ide.mcu.externaltools.gnu-tools-for-stm32.9-2020-q2-update.win32_2.0.0.202105311346/tools/bin/../lib/gcc/arm-none-eabi/9.3.1/../../../../arm-none-eabi/lib/thumb/v7e-m+fp/hard\libc_nano.a(lib_a-init.o)
                              c:/st/stm32cubeide_1.7.0/stm32cubeide/plugins/com.st.stm32cube.ide.mcu.externaltools.gnu-tools-for-stm32.9-2020-q2-update.win32_2.0.0.202105311346/tools/bin/../lib/gcc/arm-none-eabi/9.3.1/../../../../arm-none-eabi/lib/thumb/v7e-m+fp/hard/crt0.o (__libc_init_array)
c:/st/stm32cubeide_1.7.0/stm32cubeide/plugins/com.st.stm32cube.ide.mcu.externaltools.gnu-tools-for-stm32.9-2020-q2-update.win32_2.0.0.202105311346/tools/bin/../lib/gcc/arm-none-eabi/9.3.1/../../../../arm-none-eabi/lib/thumb/v7e-m+fp/hard\libc_nano.a(lib_a-memset.o)
                              c:/st/stm32cubeide_1.7.0/stm32cubeide/plugins/com.st.stm32cube.ide.mcu.externaltools.gnu-tools-for-stm32.9-2020-q2-update.win32_2.0.0.202105311346/tools/bin/../lib/gcc/arm-none-eabi/9.3.1/../../../../arm-none-eabi/lib/thumb/v7e-m+fp/hard/crt0.o (memset)
c:/st/stm32cubeide_1.7.0/stm32cubeide/plugins/com.st.stm32cube.ide.mcu.externaltools.gnu-tools-for-stm32.9-2020-q2-update.win32_2.0.0.202105311346/tools/bin/../lib/gcc/arm-none-eabi/9.3.1/thumb/v7e-m+fp/hard\libgcc.a(_aeabi_uldivmod.o)
                              ./Drivers/STM32F4xx_HAL_Driver/Src/stm32f4xx_hal_rcc.o (__aeabi_uldivmod)
c:/st/stm32cubeide_1.7.0/stm32cubeide/plugins/com.st.stm32cube.ide.mcu.externaltools.gnu-tools-for-stm32.9-2020-q2-update.win32_2.0.0.202105311346/tools/bin/../lib/gcc/arm-none-eabi/9.3.1/thumb/v7e-m+fp/hard\libgcc.a(_udivmoddi4.o)
                              c:/st/stm32cubeide_1.7.0/stm32cubeide/plugins/com.st.stm32cube.ide.mcu.externaltools.gnu-tools-for-stm32.9-2020-q2-update.win32_2.0.0.202105311346/tools/bin/../lib/gcc/arm-none-eabi/9.3.1/thumb/v7e-m+fp/hard\libgcc.a(_aeabi_uldivmod.o) (__udivmoddi4)
c:/st/stm32cubeide_1.7.0/stm32cubeide/plugins/com.st.stm32cube.ide.mcu.externaltools.gnu-tools-for-stm32.9-2020-q2-update.win32_2.0.0.202105311346/tools/bin/../lib/gcc/arm-none-eabi/9.3.1/thumb/v7e-m+fp/hard\libgcc.a(_dvmd_tls.o)
                              c:/st/stm32cubeide_1.7.0/stm32cubeide/plugins/com.st.stm32cube.ide.mcu.externaltools.gnu-tools-for-stm32.9-2020-q2-update.win32_2.0.0.202105311346/tools/bin/../lib/gcc/arm-none-eabi/9.3.1/thumb/v7e-m+fp/hard\libgcc.a(_aeabi_uldivmod.o) (__aeabi_ldiv0)

Allocating common symbols
Common symbol       size              file

hUsbDeviceFS        0x2d0             ./USB_DEVICE/App/usb_device.o
hi2c3               0x54              ./Core/Src/main.o
hpcd_USB_OTG_FS     0x408             ./USB_DEVICE/Target/usbd_conf.o
uwTick              0x4               ./Drivers/STM32F4xx_HAL_Driver/Src/stm32f4xx_hal.o
ppg_config          0x10              ./Core/Src/MAXM86161/MAXM86161.o
pFlash              0x20              ./Drivers/STM32F4xx_HAL_Driver/Src/stm32f4xx_hal_flash.o
UserRxBufferFS      0x800             ./USB_DEVICE/App/usbd_cdc_if.o
UserTxBufferFS      0x800             ./USB_DEVICE/App/usbd_cdc_if.o
USBD_StrDesc        0x200             ./USB_DEVICE/App/usbd_desc.o

Discarded input sections

[...]
Memory Configuration

Name             Origin             Length             Attributes
CCMRAM           0x0000000010000000 0x0000000000010000 xrw
RAM              0x0000000020000000 0x0000000000020000 xrw
FLASH            0x0000000008000000 0x0000000000100000 xr
*default*        0x0000000000000000 0xffffffffffffffff

Linker script and memory map

LOAD c:/st/stm32cubeide_1.7.0/stm32cubeide/plugins/com.st.stm32cube.ide.mcu.externaltools.gnu-tools-for-stm32.9-2020-q2-update.win32_2.0.0.202105311346/tools/bin/../lib/gcc/arm-none-eabi/9.3.1/thumb/v7e-m+fp/hard/crti.o
LOAD c:/st/stm32cubeide_1.7.0/stm32cubeide/plugins/com.st.stm32cube.ide.mcu.externaltools.gnu-tools-for-stm32.9-2020-q2-update.win32_2.0.0.202105311346/tools/bin/../lib/gcc/arm-none-eabi/9.3.1/thumb/v7e-m+fp/hard/crtbegin.o
LOAD c:/st/stm32cubeide_1.7.0/stm32cubeide/plugins/com.st.stm32cube.ide.mcu.externaltools.gnu-tools-for-stm32.9-2020-q2-update.win32_2.0.0.202105311346/tools/bin/../lib/gcc/arm-none-eabi/9.3.1/../../../../arm-none-eabi/lib/thumb/v7e-m+fp/hard/crt0.o
LOAD ./Core/Src/MAXM86161/MAXM86161.o
LOAD ./Core/Src/main.o
LOAD ./Core/Src/stm32f4xx_hal_msp.o
LOAD ./Core/Src/stm32f4xx_it.o
LOAD ./Core/Src/syscalls.o
LOAD ./Core/Src/sysmem.o
LOAD ./Core/Src/system_stm32f4xx.o
LOAD ./Core/Startup/startup_stm32f407vgtx.o
LOAD ./Drivers/STM32F4xx_HAL_Driver/Src/stm32f4xx_hal.o
LOAD ./Drivers/STM32F4xx_HAL_Driver/Src/stm32f4xx_hal_cortex.o
LOAD ./Drivers/STM32F4xx_HAL_Driver/Src/stm32f4xx_hal_dma.o
LOAD ./Drivers/STM32F4xx_HAL_Driver/Src/stm32f4xx_hal_dma_ex.o
LOAD ./Drivers/STM32F4xx_HAL_Driver/Src/stm32f4xx_hal_exti.o
LOAD ./Drivers/STM32F4xx_HAL_Driver/Src/stm32f4xx_hal_flash.o
LOAD ./Drivers/STM32F4xx_HAL_Driver/Src/stm32f4xx_hal_flash_ex.o
LOAD ./Drivers/STM32F4xx_HAL_Driver/Src/stm32f4xx_hal_flash_ramfunc.o
LOAD ./Drivers/STM32F4xx_HAL_Driver/Src/stm32f4xx_hal_gpio.o
LOAD ./Drivers/STM32F4xx_HAL_Driver/Src/stm32f4xx_hal_i2c.o
LOAD ./Drivers/STM32F4xx_HAL_Driver/Src/stm32f4xx_hal_i2c_ex.o
LOAD ./Drivers/STM32F4xx_HAL_Driver/Src/stm32f4xx_hal_pcd.o
LOAD ./Drivers/STM32F4xx_HAL_Driver/Src/stm32f4xx_hal_pcd_ex.o
LOAD ./Drivers/STM32F4xx_HAL_Driver/Src/stm32f4xx_hal_pwr.o
LOAD ./Drivers/STM32F4xx_HAL_Driver/Src/stm32f4xx_hal_pwr_ex.o
LOAD ./Drivers/STM32F4xx_HAL_Driver/Src/stm32f4xx_hal_rcc.o
LOAD ./Drivers/STM32F4xx_HAL_Driver/Src/stm32f4xx_hal_rcc_ex.o
LOAD ./Drivers/STM32F4xx_HAL_Driver/Src/stm32f4xx_hal_tim.o
LOAD ./Drivers/STM32F4xx_HAL_Driver/Src/stm32f4xx_hal_tim_ex.o
LOAD ./Drivers/STM32F4xx_HAL_Driver/Src/stm32f4xx_ll_usb.o
LOAD ./Middlewares/ST/STM32_USB_Device_Library/Class/CDC/Src/usbd_cdc.o
LOAD ./Middlewares/ST/STM32_USB_Device_Library/Core/Src/usbd_core.o
LOAD ./Middlewares/ST/STM32_USB_Device_Library/Core/Src/usbd_ctlreq.o
LOAD ./Middlewares/ST/STM32_USB_Device_Library/Core/Src/usbd_ioreq.o
LOAD ./USB_DEVICE/App/usb_device.o
LOAD ./USB_DEVICE/App/usbd_cdc_if.o
LOAD ./USB_DEVICE/App/usbd_desc.o
LOAD ./USB_DEVICE/Target/usbd_conf.o
START GROUP
LOAD c:/st/stm32cubeide_1.7.0/stm32cubeide/plugins/com.st.stm32cube.ide.mcu.externaltools.gnu-tools-for-stm32.9-2020-q2-update.win32_2.0.0.202105311346/tools/bin/../lib/gcc/arm-none-eabi/9.3.1/../../../../arm-none-eabi/lib/thumb/v7e-m+fp/hard\libc_nano.a
LOAD c:/st/stm32cubeide_1.7.0/stm32cubeide/plugins/com.st.stm32cube.ide.mcu.externaltools.gnu-tools-for-stm32.9-2020-q2-update.win32_2.0.0.202105311346/tools/bin/../lib/gcc/arm-none-eabi/9.3.1/../../../../arm-none-eabi/lib/thumb/v7e-m+fp/hard\libm.a
END GROUP
START GROUP
LOAD c:/st/stm32cubeide_1.7.0/stm32cubeide/plugins/com.st.stm32cube.ide.mcu.externaltools.gnu-tools-for-stm32.9-2020-q2-update.win32_2.0.0.202105311346/tools/bin/../lib/gcc/arm-none-eabi/9.3.1/thumb/v7e-m+fp/hard\libgcc.a
LOAD c:/st/stm32cubeide_1.7.0/stm32cubeide/plugins/com.st.stm32cube.ide.mcu.externaltools.gnu-tools-for-stm32.9-2020-q2-update.win32_2.0.0.202105311346/tools/bin/../lib/gcc/arm-none-eabi/9.3.1/../../../../arm-none-eabi/lib/thumb/v7e-m+fp/hard\libc_nano.a
END GROUP
START GROUP
LOAD c:/st/stm32cubeide_1.7.0/stm32cubeide/plugins/com.st.stm32cube.ide.mcu.externaltools.gnu-tools-for-stm32.9-2020-q2-update.win32_2.0.0.202105311346/tools/bin/../lib/gcc/arm-none-eabi/9.3.1/thumb/v7e-m+fp/hard\libgcc.a
LOAD c:/st/stm32cubeide_1.7.0/stm32cubeide/plugins/com.st.stm32cube.ide.mcu.externaltools.gnu-tools-for-stm32.9-2020-q2-update.win32_2.0.0.202105311346/tools/bin/../lib/gcc/arm-none-eabi/9.3.1/../../../../arm-none-eabi/lib/thumb/v7e-m+fp/hard\libc_nano.a
LOAD c:/st/stm32cubeide_1.7.0/stm32cubeide/plugins/com.st.stm32cube.ide.mcu.externaltools.gnu-tools-for-stm32.9-2020-q2-update.win32_2.0.0.202105311346/tools/bin/../lib/gcc/arm-none-eabi/9.3.1/../../../../arm-none-eabi/lib/thumb/v7e-m+fp/hard\libnosys.a
END GROUP
START GROUP
LOAD c:/st/stm32cubeide_1.7.0/stm32cubeide/plugins/com.st.stm32cube.ide.mcu.externaltools.gnu-tools-for-stm32.9-2020-q2-update.win32_2.0.0.202105311346/tools/bin/../lib/gcc/arm-none-eabi/9.3.1/thumb/v7e-m+fp/hard\libgcc.a
LOAD c:/st/stm32cubeide_1.7.0/stm32cubeide/plugins/com.st.stm32cube.ide.mcu.externaltools.gnu-tools-for-stm32.9-2020-q2-update.win32_2.0.0.202105311346/tools/bin/../lib/gcc/arm-none-eabi/9.3.1/../../../../arm-none-eabi/lib/thumb/v7e-m+fp/hard\libc_nano.a
LOAD c:/st/stm32cubeide_1.7.0/stm32cubeide/plugins/com.st.stm32cube.ide.mcu.externaltools.gnu-tools-for-stm32.9-2020-q2-update.win32_2.0.0.202105311346/tools/bin/../lib/gcc/arm-none-eabi/9.3.1/../../../../arm-none-eabi/lib/thumb/v7e-m+fp/hard\libnosys.a
END GROUP
LOAD c:/st/stm32cubeide_1.7.0/stm32cubeide/plugins/com.st.stm32cube.ide.mcu.externaltools.gnu-tools-for-stm32.9-2020-q2-update.win32_2.0.0.202105311346/tools/bin/../lib/gcc/arm-none-eabi/9.3.1/thumb/v7e-m+fp/hard/crtend.o
LOAD c:/st/stm32cubeide_1.7.0/stm32cubeide/plugins/com.st.stm32cube.ide.mcu.externaltools.gnu-tools-for-stm32.9-2020-q2-update.win32_2.0.0.202105311346/tools/bin/../lib/gcc/arm-none-eabi/9.3.1/thumb/v7e-m+fp/hard/crtn.o
                0x0000000020020000                _estack = (ORIGIN (RAM) + LENGTH (RAM))
                0x0000000000000200                _Min_Heap_Size = 0x200
                0x0000000000000400                _Min_Stack_Size = 0x400

.isr_vector     0x0000000008000000      0x188
                0x0000000008000000                . = ALIGN (0x4)
 *(.isr_vector)
 .isr_vector    0x0000000008000000      0x188 ./Core/Startup/startup_stm32f407vgtx.o
                0x0000000008000000                g_pfnVectors
                0x0000000008000188                . = ALIGN (0x4)

.text           0x0000000008000188     0x79b4
                0x0000000008000188                . = ALIGN (0x4)
 *(.text)
 .text          0x0000000008000188       0x40 c:/st/stm32cubeide_1.7.0/stm32cubeide/plugins/com.st.stm32cube.ide.mcu.externaltools.gnu-tools-for-stm32.9-2020-q2-update.win32_2.0.0.202105311346/tools/bin/../lib/gcc/arm-none-eabi/9.3.1/thumb/v7e-m+fp/hard/crtbegin.o
 .text          0x00000000080001c8       0x30 c:/st/stm32cubeide_1.7.0/stm32cubeide/plugins/com.st.stm32cube.ide.mcu.externaltools.gnu-tools-for-stm32.9-2020-q2-update.win32_2.0.0.202105311346/tools/bin/../lib/gcc/arm-none-eabi/9.3.1/thumb/v7e-m+fp/hard\libgcc.a(_aeabi_uldivmod.o)
                0x00000000080001c8                __aeabi_uldivmod
 .text          0x00000000080001f8      0x2c4 c:/st/stm32cubeide_1.7.0/stm32cubeide/plugins/com.st.stm32cube.ide.mcu.externaltools.gnu-tools-for-stm32.9-2020-q2-update.win32_2.0.0.202105311346/tools/bin/../lib/gcc/arm-none-eabi/9.3.1/thumb/v7e-m+fp/hard\libgcc.a(_udivmoddi4.o)
                0x00000000080001f8                __udivmoddi4
 .text          0x00000000080004bc        0x4 c:/st/stm32cubeide_1.7.0/stm32cubeide/plugins/com.st.stm32cube.ide.mcu.externaltools.gnu-tools-for-stm32.9-2020-q2-update.win32_2.0.0.202105311346/tools/bin/../lib/gcc/arm-none-eabi/9.3.1/thumb/v7e-m+fp/hard\libgcc.a(_dvmd_tls.o)
                0x00000000080004bc                __aeabi_idiv0
                0x00000000080004bc                __aeabi_ldiv0
 *(.text*)
 .text.MAXM86161_I2C_Write
                0x00000000080004c0       0xb8 ./Core/Src/MAXM86161/MAXM86161.o
                0x00000000080004c0                MAXM86161_I2C_Write
 .text.MAXM86161_I2C_Read
                0x0000000008000578       0x7c ./Core/Src/MAXM86161/MAXM86161.o
                0x0000000008000578                MAXM86161_I2C_Read
 .text.MAXM86161_Config
                0x00000000080005f4      0x1be ./Core/Src/MAXM86161/MAXM86161.o
                0x00000000080005f4                MAXM86161_Config
 .text.MAXM86161_ReadData
                0x00000000080007b2       0x84 ./Core/Src/MAXM86161/MAXM86161.o
                0x00000000080007b2                MAXM86161_ReadData
 .text.main     0x0000000008000836       0xc0 ./Core/Src/main.o
                0x0000000008000836                main
 *fill*         0x00000000080008f6        0x2 
 .text.SystemClock_Config
                0x00000000080008f8       0xd8 ./Core/Src/main.o
                0x00000000080008f8                SystemClock_Config
 .text.MX_I2C3_Init
                0x00000000080009d0       0x5c ./Core/Src/main.o
 .text.MX_GPIO_Init
                0x0000000008000a2c      0x280 ./Core/Src/main.o
 .text.Error_Handler
                0x0000000008000cac        0xa ./Core/Src/main.o
                0x0000000008000cac                Error_Handler
 *fill*         0x0000000008000cb6        0x2 
 .text.HAL_MspInit
                0x0000000008000cb8       0x50 ./Core/Src/stm32f4xx_hal_msp.o
                0x0000000008000cb8                HAL_MspInit
 .text.HAL_I2C_MspInit
                0x0000000008000d08       0xd4 ./Core/Src/stm32f4xx_hal_msp.o
                0x0000000008000d08                HAL_I2C_MspInit
 .text.NMI_Handler
                0x0000000008000ddc        0x6 ./Core/Src/stm32f4xx_it.o
                0x0000000008000ddc                NMI_Handler
 .text.HardFault_Handler
                0x0000000008000de2        0x6 ./Core/Src/stm32f4xx_it.o
                0x0000000008000de2                HardFault_Handler
 .text.MemManage_Handler
                0x0000000008000de8        0x6 ./Core/Src/stm32f4xx_it.o
                0x0000000008000de8                MemManage_Handler
 .text.BusFault_Handler
                0x0000000008000dee        0x6 ./Core/Src/stm32f4xx_it.o
                0x0000000008000dee                BusFault_Handler
 .text.UsageFault_Handler
                0x0000000008000df4        0x6 ./Core/Src/stm32f4xx_it.o
                0x0000000008000df4                UsageFault_Handler
 .text.SVC_Handler
                0x0000000008000dfa        0xe ./Core/Src/stm32f4xx_it.o
                0x0000000008000dfa                SVC_Handler
 .text.DebugMon_Handler
                0x0000000008000e08        0xe ./Core/Src/stm32f4xx_it.o
                0x0000000008000e08                DebugMon_Handler
 .text.PendSV_Handler
                0x0000000008000e16        0xe ./Core/Src/stm32f4xx_it.o
                0x0000000008000e16                PendSV_Handler
 .text.SysTick_Handler
                0x0000000008000e24        0xc ./Core/Src/stm32f4xx_it.o
                0x0000000008000e24                SysTick_Handler
 .text.OTG_FS_IRQHandler
                0x0000000008000e30       0x14 ./Core/Src/stm32f4xx_it.o
                0x0000000008000e30                OTG_FS_IRQHandler
 .text.SystemInit
                0x0000000008000e44       0x24 ./Core/Src/system_stm32f4xx.o
                0x0000000008000e44                SystemInit
 .text.Reset_Handler
                0x0000000008000e68       0x50 ./Core/Startup/startup_stm32f407vgtx.o
                0x0000000008000e68                Reset_Handler
 .text.Default_Handler
                0x0000000008000eb8        0x2 ./Core/Startup/startup_stm32f407vgtx.o
                0x0000000008000eb8                RTC_Alarm_IRQHandler
                0x0000000008000eb8                HASH_RNG_IRQHandler
                0x0000000008000eb8                EXTI2_IRQHandler
                0x0000000008000eb8                TIM8_CC_IRQHandler
                0x0000000008000eb8                TIM1_CC_IRQHandler
                0x0000000008000eb8                DMA2_Stream5_IRQHandler
                0x0000000008000eb8                DMA1_Stream5_IRQHandler
                0x0000000008000eb8                PVD_IRQHandler
                0x0000000008000eb8                SDIO_IRQHandler
                0x0000000008000eb8                TAMP_STAMP_IRQHandler
                0x0000000008000eb8                CAN2_RX1_IRQHandler
                0x0000000008000eb8                EXTI3_IRQHandler
                0x0000000008000eb8                TIM8_TRG_COM_TIM14_IRQHandler
                0x0000000008000eb8                TIM1_UP_TIM10_IRQHandler
                0x0000000008000eb8                TIM8_UP_TIM13_IRQHandler
                0x0000000008000eb8                I2C3_ER_IRQHandler
                0x0000000008000eb8                EXTI0_IRQHandler
                0x0000000008000eb8                I2C2_EV_IRQHandler
                0x0000000008000eb8                DMA1_Stream2_IRQHandler
                0x0000000008000eb8                CAN1_RX0_IRQHandler
                0x0000000008000eb8                FPU_IRQHandler
                0x0000000008000eb8                OTG_HS_WKUP_IRQHandler
                0x0000000008000eb8                CAN2_SCE_IRQHandler
                0x0000000008000eb8                DMA2_Stream2_IRQHandler
                0x0000000008000eb8                SPI1_IRQHandler
                0x0000000008000eb8                TIM6_DAC_IRQHandler
                0x0000000008000eb8                TIM1_BRK_TIM9_IRQHandler
                0x0000000008000eb8                DCMI_IRQHandler
                0x0000000008000eb8                CAN2_RX0_IRQHandler
                0x0000000008000eb8                DMA2_Stream3_IRQHandler
                0x0000000008000eb8                USART6_IRQHandler
                0x0000000008000eb8                USART3_IRQHandler
                0x0000000008000eb8                CAN1_RX1_IRQHandler
                0x0000000008000eb8                UART5_IRQHandler
                0x0000000008000eb8                DMA2_Stream0_IRQHandler
                0x0000000008000eb8                TIM4_IRQHandler
                0x0000000008000eb8                I2C1_EV_IRQHandler
                0x0000000008000eb8                DMA1_Stream6_IRQHandler
                0x0000000008000eb8                DMA1_Stream1_IRQHandler
                0x0000000008000eb8                UART4_IRQHandler
                0x0000000008000eb8                TIM3_IRQHandler
                0x0000000008000eb8                RCC_IRQHandler
                0x0000000008000eb8                TIM8_BRK_TIM12_IRQHandler
                0x0000000008000eb8                Default_Handler
                0x0000000008000eb8                EXTI15_10_IRQHandler
                0x0000000008000eb8                ADC_IRQHandler
                0x0000000008000eb8                DMA1_Stream7_IRQHandler
                0x0000000008000eb8                TIM7_IRQHandler
                0x0000000008000eb8                CAN2_TX_IRQHandler
                0x0000000008000eb8                TIM5_IRQHandler
                0x0000000008000eb8                DMA2_Stream7_IRQHandler
                0x0000000008000eb8                I2C3_EV_IRQHandler
                0x0000000008000eb8                EXTI9_5_IRQHandler
                0x0000000008000eb8                RTC_WKUP_IRQHandler
                0x0000000008000eb8                ETH_WKUP_IRQHandler
                0x0000000008000eb8                SPI2_IRQHandler
                0x0000000008000eb8                OTG_HS_EP1_IN_IRQHandler
                0x0000000008000eb8                DMA1_Stream0_IRQHandler
                0x0000000008000eb8                CAN1_TX_IRQHandler
                0x0000000008000eb8                EXTI4_IRQHandler
                0x0000000008000eb8                FSMC_IRQHandler
                0x0000000008000eb8                ETH_IRQHandler
                0x0000000008000eb8                OTG_HS_EP1_OUT_IRQHandler
                0x0000000008000eb8                WWDG_IRQHandler
                0x0000000008000eb8                TIM2_IRQHandler
                0x0000000008000eb8                OTG_FS_WKUP_IRQHandler
                0x0000000008000eb8                TIM1_TRG_COM_TIM11_IRQHandler
                0x0000000008000eb8                OTG_HS_IRQHandler
                0x0000000008000eb8                EXTI1_IRQHandler
                0x0000000008000eb8                USART2_IRQHandler
                0x0000000008000eb8                I2C2_ER_IRQHandler
                0x0000000008000eb8                DMA2_Stream1_IRQHandler
                0x0000000008000eb8                CAN1_SCE_IRQHandler
                0x0000000008000eb8                FLASH_IRQHandler
                0x0000000008000eb8                DMA2_Stream4_IRQHandler
                0x0000000008000eb8                USART1_IRQHandler
                0x0000000008000eb8                SPI3_IRQHandler
                0x0000000008000eb8                DMA1_Stream4_IRQHandler
                0x0000000008000eb8                I2C1_ER_IRQHandler
                0x0000000008000eb8                DMA2_Stream6_IRQHandler
                0x0000000008000eb8                DMA1_Stream3_IRQHandler
 *fill*         0x0000000008000eba        0x2 
 .text.HAL_Init
                0x0000000008000ebc       0x44 ./Drivers/STM32F4xx_HAL_Driver/Src/stm32f4xx_hal.o
                0x0000000008000ebc                HAL_Init
 .text.HAL_InitTick
                0x0000000008000f00       0x60 ./Drivers/STM32F4xx_HAL_Driver/Src/stm32f4xx_hal.o
                0x0000000008000f00                HAL_InitTick
 .text.HAL_IncTick
                0x0000000008000f60       0x28 ./Drivers/STM32F4xx_HAL_Driver/Src/stm32f4xx_hal.o
                0x0000000008000f60                HAL_IncTick
 .text.HAL_GetTick
                0x0000000008000f88       0x18 ./Drivers/STM32F4xx_HAL_Driver/Src/stm32f4xx_hal.o
                0x0000000008000f88                HAL_GetTick
 .text.HAL_Delay
                0x0000000008000fa0       0x48 ./Drivers/STM32F4xx_HAL_Driver/Src/stm32f4xx_hal.o
                0x0000000008000fa0                HAL_Delay
 .text.__NVIC_SetPriorityGrouping
                0x0000000008000fe8       0x48 ./Drivers/STM32F4xx_HAL_Driver/Src/stm32f4xx_hal_cortex.o
 .text.__NVIC_GetPriorityGrouping
                0x0000000008001030       0x1c ./Drivers/STM32F4xx_HAL_Driver/Src/stm32f4xx_hal_cortex.o
 .text.__NVIC_EnableIRQ
                0x000000000800104c       0x3c ./Drivers/STM32F4xx_HAL_Driver/Src/stm32f4xx_hal_cortex.o
 .text.__NVIC_SetPriority
                0x0000000008001088       0x54 ./Drivers/STM32F4xx_HAL_Driver/Src/stm32f4xx_hal_cortex.o
 .text.NVIC_EncodePriority
                0x00000000080010dc       0x66 ./Drivers/STM32F4xx_HAL_Driver/Src/stm32f4xx_hal_cortex.o
 *fill*         0x0000000008001142        0x2 
 .text.SysTick_Config
                0x0000000008001144       0x44 ./Drivers/STM32F4xx_HAL_Driver/Src/stm32f4xx_hal_cortex.o
 .text.HAL_NVIC_SetPriorityGrouping
                0x0000000008001188       0x16 ./Drivers/STM32F4xx_HAL_Driver/Src/stm32f4xx_hal_cortex.o
                0x0000000008001188                HAL_NVIC_SetPriorityGrouping
 .text.HAL_NVIC_SetPriority
                0x000000000800119e       0x38 ./Drivers/STM32F4xx_HAL_Driver/Src/stm32f4xx_hal_cortex.o
                0x000000000800119e                HAL_NVIC_SetPriority
 .text.HAL_NVIC_EnableIRQ
                0x00000000080011d6       0x1c ./Drivers/STM32F4xx_HAL_Driver/Src/stm32f4xx_hal_cortex.o
                0x00000000080011d6                HAL_NVIC_EnableIRQ
 .text.HAL_SYSTICK_Config
                0x00000000080011f2       0x18 ./Drivers/STM32F4xx_HAL_Driver/Src/stm32f4xx_hal_cortex.o
                0x00000000080011f2                HAL_SYSTICK_Config
 *fill*         0x000000000800120a        0x2 
 .text.HAL_GPIO_Init
                0x000000000800120c      0x338 ./Drivers/STM32F4xx_HAL_Driver/Src/stm32f4xx_hal_gpio.o
                0x000000000800120c                HAL_GPIO_Init
 .text.HAL_GPIO_WritePin
                0x0000000008001544       0x32 ./Drivers/STM32F4xx_HAL_Driver/Src/stm32f4xx_hal_gpio.o
                0x0000000008001544                HAL_GPIO_WritePin
 *fill*         0x0000000008001576        0x2 
 .text.HAL_I2C_Init
                0x0000000008001578      0x288 ./Drivers/STM32F4xx_HAL_Driver/Src/stm32f4xx_hal_i2c.o
                0x0000000008001578                HAL_I2C_Init
 .text.HAL_I2C_Master_Transmit
                0x0000000008001800      0x1fc ./Drivers/STM32F4xx_HAL_Driver/Src/stm32f4xx_hal_i2c.o
                0x0000000008001800                HAL_I2C_Master_Transmit
 .text.HAL_I2C_Master_Receive
                0x00000000080019fc      0x44c ./Drivers/STM32F4xx_HAL_Driver/Src/stm32f4xx_hal_i2c.o
                0x00000000080019fc                HAL_I2C_Master_Receive
 .text.I2C_MasterRequestWrite
                0x0000000008001e48      0x104 ./Drivers/STM32F4xx_HAL_Driver/Src/stm32f4xx_hal_i2c.o
 .text.I2C_MasterRequestRead
                0x0000000008001f4c      0x19c ./Drivers/STM32F4xx_HAL_Driver/Src/stm32f4xx_hal_i2c.o
 .text.I2C_WaitOnFlagUntilTimeout
                0x00000000080020e8       0xae ./Drivers/STM32F4xx_HAL_Driver/Src/stm32f4xx_hal_i2c.o
 .text.I2C_WaitOnMasterAddressFlagUntilTimeout
                0x0000000008002196       0xfe ./Drivers/STM32F4xx_HAL_Driver/Src/stm32f4xx_hal_i2c.o
 .text.I2C_WaitOnTXEFlagUntilTimeout
                0x0000000008002294       0x82 ./Drivers/STM32F4xx_HAL_Driver/Src/stm32f4xx_hal_i2c.o
 .text.I2C_WaitOnBTFFlagUntilTimeout
                0x0000000008002316       0x82 ./Drivers/STM32F4xx_HAL_Driver/Src/stm32f4xx_hal_i2c.o
 .text.I2C_WaitOnRXNEFlagUntilTimeout
                0x0000000008002398       0xac ./Drivers/STM32F4xx_HAL_Driver/Src/stm32f4xx_hal_i2c.o
 .text.I2C_IsAcknowledgeFailed
                0x0000000008002444       0x5e ./Drivers/STM32F4xx_HAL_Driver/Src/stm32f4xx_hal_i2c.o
 .text.HAL_PCD_Init
                0x00000000080024a2      0x23a ./Drivers/STM32F4xx_HAL_Driver/Src/stm32f4xx_hal_pcd.o
                0x00000000080024a2                HAL_PCD_Init
 .text.HAL_PCD_Start
                0x00000000080026dc       0x66 ./Drivers/STM32F4xx_HAL_Driver/Src/stm32f4xx_hal_pcd.o
                0x00000000080026dc                HAL_PCD_Start
 .text.HAL_PCD_IRQHandler
                0x0000000008002742      0x764 ./Drivers/STM32F4xx_HAL_Driver/Src/stm32f4xx_hal_pcd.o
                0x0000000008002742                HAL_PCD_IRQHandler
 .text.HAL_PCD_SetAddress
                0x0000000008002ea6       0x4a ./Drivers/STM32F4xx_HAL_Driver/Src/stm32f4xx_hal_pcd.o
                0x0000000008002ea6                HAL_PCD_SetAddress
 .text.HAL_PCD_EP_Open
                0x0000000008002ef0       0xd0 ./Drivers/STM32F4xx_HAL_Driver/Src/stm32f4xx_hal_pcd.o
                0x0000000008002ef0                HAL_PCD_EP_Open
 .text.HAL_PCD_EP_Close
                0x0000000008002fc0       0x94 ./Drivers/STM32F4xx_HAL_Driver/Src/stm32f4xx_hal_pcd.o
                0x0000000008002fc0                HAL_PCD_EP_Close
 .text.HAL_PCD_EP_Receive
                0x0000000008003054       0x96 ./Drivers/STM32F4xx_HAL_Driver/Src/stm32f4xx_hal_pcd.o
                0x0000000008003054                HAL_PCD_EP_Receive
 .text.HAL_PCD_EP_GetRxCount
                0x00000000080030ea       0x30 ./Drivers/STM32F4xx_HAL_Driver/Src/stm32f4xx_hal_pcd.o
                0x00000000080030ea                HAL_PCD_EP_GetRxCount
 .text.HAL_PCD_EP_Transmit
                0x000000000800311a       0x94 ./Drivers/STM32F4xx_HAL_Driver/Src/stm32f4xx_hal_pcd.o
                0x000000000800311a                HAL_PCD_EP_Transmit
 .text.HAL_PCD_EP_SetStall
                0x00000000080031ae       0xc8 ./Drivers/STM32F4xx_HAL_Driver/Src/stm32f4xx_hal_pcd.o
                0x00000000080031ae                HAL_PCD_EP_SetStall
 .text.HAL_PCD_EP_ClrStall
                0x0000000008003276       0xac ./Drivers/STM32F4xx_HAL_Driver/Src/stm32f4xx_hal_pcd.o
                0x0000000008003276                HAL_PCD_EP_ClrStall
 .text.PCD_WriteEmptyTxFifo
                0x0000000008003322      0x11a ./Drivers/STM32F4xx_HAL_Driver/Src/stm32f4xx_hal_pcd.o
 .text.PCD_EP_OutXfrComplete_int
                0x000000000800343c      0x218 ./Drivers/STM32F4xx_HAL_Driver/Src/stm32f4xx_hal_pcd.o
 .text.PCD_EP_OutSetupPacket_int
                0x0000000008003654       0x8c ./Drivers/STM32F4xx_HAL_Driver/Src/stm32f4xx_hal_pcd.o
 .text.HAL_PCDEx_SetTxFiFo
                0x00000000080036e0       0x8e ./Drivers/STM32F4xx_HAL_Driver/Src/stm32f4xx_hal_pcd_ex.o
                0x00000000080036e0                HAL_PCDEx_SetTxFiFo
 .text.HAL_PCDEx_SetRxFiFo
                0x000000000800376e       0x22 ./Drivers/STM32F4xx_HAL_Driver/Src/stm32f4xx_hal_pcd_ex.o
                0x000000000800376e                HAL_PCDEx_SetRxFiFo
 .text.HAL_PCDEx_LPM_Callback
                0x0000000008003790       0x18 ./Drivers/STM32F4xx_HAL_Driver/Src/stm32f4xx_hal_pcd_ex.o
                0x0000000008003790                HAL_PCDEx_LPM_Callback
 .text.HAL_RCC_OscConfig
                0x00000000080037a8      0x4f0 ./Drivers/STM32F4xx_HAL_Driver/Src/stm32f4xx_hal_rcc.o
                0x00000000080037a8                HAL_RCC_OscConfig
 .text.HAL_RCC_ClockConfig
                0x0000000008003c98      0x1cc ./Drivers/STM32F4xx_HAL_Driver/Src/stm32f4xx_hal_rcc.o
                0x0000000008003c98                HAL_RCC_ClockConfig
 .text.HAL_RCC_GetSysClockFreq
                0x0000000008003e64      0x1c4 ./Drivers/STM32F4xx_HAL_Driver/Src/stm32f4xx_hal_rcc.o
                0x0000000008003e64                HAL_RCC_GetSysClockFreq
 .text.HAL_RCC_GetHCLKFreq
                0x0000000008004028       0x18 ./Drivers/STM32F4xx_HAL_Driver/Src/stm32f4xx_hal_rcc.o
                0x0000000008004028                HAL_RCC_GetHCLKFreq
 .text.HAL_RCC_GetPCLK1Freq
                0x0000000008004040       0x28 ./Drivers/STM32F4xx_HAL_Driver/Src/stm32f4xx_hal_rcc.o
                0x0000000008004040                HAL_RCC_GetPCLK1Freq
 .text.USB_CoreInit
                0x0000000008004068       0xc2 ./Drivers/STM32F4xx_HAL_Driver/Src/stm32f4xx_ll_usb.o
                0x0000000008004068                USB_CoreInit
 *fill*         0x000000000800412a        0x2 
 .text.USB_SetTurnaroundTime
                0x000000000800412c      0x144 ./Drivers/STM32F4xx_HAL_Driver/Src/stm32f4xx_ll_usb.o
                0x000000000800412c                USB_SetTurnaroundTime
 .text.USB_EnableGlobalInt
                0x0000000008004270       0x22 ./Drivers/STM32F4xx_HAL_Driver/Src/stm32f4xx_ll_usb.o
                0x0000000008004270                USB_EnableGlobalInt
 .text.USB_DisableGlobalInt
                0x0000000008004292       0x22 ./Drivers/STM32F4xx_HAL_Driver/Src/stm32f4xx_ll_usb.o
                0x0000000008004292                USB_DisableGlobalInt
 .text.USB_SetCurrentMode
                0x00000000080042b4       0x98 ./Drivers/STM32F4xx_HAL_Driver/Src/stm32f4xx_ll_usb.o
                0x00000000080042b4                USB_SetCurrentMode
 .text.USB_DevInit
                0x000000000800434c      0x2c8 ./Drivers/STM32F4xx_HAL_Driver/Src/stm32f4xx_ll_usb.o
                0x000000000800434c                USB_DevInit
 .text.USB_FlushTxFifo
                0x0000000008004614       0x48 ./Drivers/STM32F4xx_HAL_Driver/Src/stm32f4xx_ll_usb.o
                0x0000000008004614                USB_FlushTxFifo
 .text.USB_FlushRxFifo
                0x000000000800465c       0x40 ./Drivers/STM32F4xx_HAL_Driver/Src/stm32f4xx_ll_usb.o
                0x000000000800465c                USB_FlushRxFifo
 .text.USB_SetDevSpeed
                0x000000000800469c       0x32 ./Drivers/STM32F4xx_HAL_Driver/Src/stm32f4xx_ll_usb.o
                0x000000000800469c                USB_SetDevSpeed
 .text.USB_GetDevSpeed
                0x00000000080046ce       0x4a ./Drivers/STM32F4xx_HAL_Driver/Src/stm32f4xx_ll_usb.o
                0x00000000080046ce                USB_GetDevSpeed
 .text.USB_ActivateEndpoint
                0x0000000008004718      0x10e ./Drivers/STM32F4xx_HAL_Driver/Src/stm32f4xx_ll_usb.o
                0x0000000008004718                USB_ActivateEndpoint
 *fill*         0x0000000008004826        0x2 
 .text.USB_DeactivateEndpoint
                0x0000000008004828      0x1b8 ./Drivers/STM32F4xx_HAL_Driver/Src/stm32f4xx_ll_usb.o
                0x0000000008004828                USB_DeactivateEndpoint
 .text.USB_EPStartXfer
                0x00000000080049e0      0x488 ./Drivers/STM32F4xx_HAL_Driver/Src/stm32f4xx_ll_usb.o
                0x00000000080049e0                USB_EPStartXfer
 .text.USB_EP0StartXfer
                0x0000000008004e68      0x2a6 ./Drivers/STM32F4xx_HAL_Driver/Src/stm32f4xx_ll_usb.o
                0x0000000008004e68                USB_EP0StartXfer
 .text.USB_WritePacket
                0x000000000800510e       0x7c ./Drivers/STM32F4xx_HAL_Driver/Src/stm32f4xx_ll_usb.o
                0x000000000800510e                USB_WritePacket
 .text.USB_ReadPacket
                0x000000000800518a       0xb0 ./Drivers/STM32F4xx_HAL_Driver/Src/stm32f4xx_ll_usb.o
                0x000000000800518a                USB_ReadPacket
 .text.USB_EPSetStall
                0x000000000800523a       0xdc ./Drivers/STM32F4xx_HAL_Driver/Src/stm32f4xx_ll_usb.o
                0x000000000800523a                USB_EPSetStall
 .text.USB_EPClearStall
                0x0000000008005316       0xcc ./Drivers/STM32F4xx_HAL_Driver/Src/stm32f4xx_ll_usb.o
                0x0000000008005316                USB_EPClearStall
 .text.USB_SetDevAddress
                0x00000000080053e2       0x4c ./Drivers/STM32F4xx_HAL_Driver/Src/stm32f4xx_ll_usb.o
                0x00000000080053e2                USB_SetDevAddress
 .text.USB_DevConnect
                0x000000000800542e       0x42 ./Drivers/STM32F4xx_HAL_Driver/Src/stm32f4xx_ll_usb.o
                0x000000000800542e                USB_DevConnect
 .text.USB_DevDisconnect
                0x0000000008005470       0x42 ./Drivers/STM32F4xx_HAL_Driver/Src/stm32f4xx_ll_usb.o
                0x0000000008005470                USB_DevDisconnect
 .text.USB_ReadInterrupts
                0x00000000080054b2       0x26 ./Drivers/STM32F4xx_HAL_Driver/Src/stm32f4xx_ll_usb.o
                0x00000000080054b2                USB_ReadInterrupts
 .text.USB_ReadDevAllOutEpInterrupt
                0x00000000080054d8       0x34 ./Drivers/STM32F4xx_HAL_Driver/Src/stm32f4xx_ll_usb.o
                0x00000000080054d8                USB_ReadDevAllOutEpInterrupt
 .text.USB_ReadDevAllInEpInterrupt
                0x000000000800550c       0x34 ./Drivers/STM32F4xx_HAL_Driver/Src/stm32f4xx_ll_usb.o
                0x000000000800550c                USB_ReadDevAllInEpInterrupt
 .text.USB_ReadDevOutEPInterrupt
                0x0000000008005540       0x3c ./Drivers/STM32F4xx_HAL_Driver/Src/stm32f4xx_ll_usb.o
                0x0000000008005540                USB_ReadDevOutEPInterrupt
 .text.USB_ReadDevInEPInterrupt
                0x000000000800557c       0x5c ./Drivers/STM32F4xx_HAL_Driver/Src/stm32f4xx_ll_usb.o
                0x000000000800557c                USB_ReadDevInEPInterrupt
 .text.USB_GetMode
                0x00000000080055d8       0x1c ./Drivers/STM32F4xx_HAL_Driver/Src/stm32f4xx_ll_usb.o
                0x00000000080055d8                USB_GetMode
 .text.USB_ActivateSetup
                0x00000000080055f4       0x46 ./Drivers/STM32F4xx_HAL_Driver/Src/stm32f4xx_ll_usb.o
                0x00000000080055f4                USB_ActivateSetup
 *fill*         0x000000000800563a        0x2 
 .text.USB_EP0_OutStart
                0x000000000800563c       0xbc ./Drivers/STM32F4xx_HAL_Driver/Src/stm32f4xx_ll_usb.o
                0x000000000800563c                USB_EP0_OutStart
 .text.USB_CoreReset
                0x00000000080056f8       0x64 ./Drivers/STM32F4xx_HAL_Driver/Src/stm32f4xx_ll_usb.o
 .text.USBD_CDC_Init
                0x000000000800575c       0xfe ./Middlewares/ST/STM32_USB_Device_Library/Class/CDC/Src/usbd_cdc.o
 .text.USBD_CDC_DeInit
                0x000000000800585a       0x74 ./Middlewares/ST/STM32_USB_Device_Library/Class/CDC/Src/usbd_cdc.o
 *fill*         0x00000000080058ce        0x2 
 .text.USBD_CDC_Setup
                0x00000000080058d0      0x190 ./Middlewares/ST/STM32_USB_Device_Library/Class/CDC/Src/usbd_cdc.o
 .text.USBD_CDC_DataIn
                0x0000000008005a60       0xca ./Middlewares/ST/STM32_USB_Device_Library/Class/CDC/Src/usbd_cdc.o
 .text.USBD_CDC_DataOut
                0x0000000008005b2a       0x56 ./Middlewares/ST/STM32_USB_Device_Library/Class/CDC/Src/usbd_cdc.o
 .text.USBD_CDC_EP0_RxReady
                0x0000000008005b80       0x5a ./Middlewares/ST/STM32_USB_Device_Library/Class/CDC/Src/usbd_cdc.o
 *fill*         0x0000000008005bda        0x2 
 .text.USBD_CDC_GetFSCfgDesc
                0x0000000008005bdc       0x20 ./Middlewares/ST/STM32_USB_Device_Library/Class/CDC/Src/usbd_cdc.o
 .text.USBD_CDC_GetHSCfgDesc
                0x0000000008005bfc       0x20 ./Middlewares/ST/STM32_USB_Device_Library/Class/CDC/Src/usbd_cdc.o
 .text.USBD_CDC_GetOtherSpeedCfgDesc
                0x0000000008005c1c       0x20 ./Middlewares/ST/STM32_USB_Device_Library/Class/CDC/Src/usbd_cdc.o
 .text.USBD_CDC_GetDeviceQualifierDescriptor
                0x0000000008005c3c       0x20 ./Middlewares/ST/STM32_USB_Device_Library/Class/CDC/Src/usbd_cdc.o
                0x0000000008005c3c                USBD_CDC_GetDeviceQualifierDescriptor
 .text.USBD_CDC_RegisterInterface
                0x0000000008005c5c       0x2a ./Middlewares/ST/STM32_USB_Device_Library/Class/CDC/Src/usbd_cdc.o
                0x0000000008005c5c                USBD_CDC_RegisterInterface
 .text.USBD_CDC_SetTxBuffer
                0x0000000008005c86       0x3c ./Middlewares/ST/STM32_USB_Device_Library/Class/CDC/Src/usbd_cdc.o
                0x0000000008005c86                USBD_CDC_SetTxBuffer
 .text.USBD_CDC_SetRxBuffer
                0x0000000008005cc2       0x32 ./Middlewares/ST/STM32_USB_Device_Library/Class/CDC/Src/usbd_cdc.o
                0x0000000008005cc2                USBD_CDC_SetRxBuffer
 .text.USBD_CDC_TransmitPacket
                0x0000000008005cf4       0x60 ./Middlewares/ST/STM32_USB_Device_Library/Class/CDC/Src/usbd_cdc.o
                0x0000000008005cf4                USBD_CDC_TransmitPacket
 .text.USBD_CDC_ReceivePacket
                0x0000000008005d54       0x54 ./Middlewares/ST/STM32_USB_Device_Library/Class/CDC/Src/usbd_cdc.o
                0x0000000008005d54                USBD_CDC_ReceivePacket
 .text.USBD_Init
                0x0000000008005da8       0x60 ./Middlewares/ST/STM32_USB_Device_Library/Core/Src/usbd_core.o
                0x0000000008005da8                USBD_Init
 .text.USBD_RegisterClass
                0x0000000008005e08       0x4e ./Middlewares/ST/STM32_USB_Device_Library/Core/Src/usbd_core.o
                0x0000000008005e08                USBD_RegisterClass
 .text.USBD_Start
                0x0000000008005e56       0x18 ./Middlewares/ST/STM32_USB_Device_Library/Core/Src/usbd_core.o
                0x0000000008005e56                USBD_Start
 .text.USBD_RunTestMode
                0x0000000008005e6e       0x16 ./Middlewares/ST/STM32_USB_Device_Library/Core/Src/usbd_core.o
                0x0000000008005e6e                USBD_RunTestMode
 .text.USBD_SetClassConfig
                0x0000000008005e84       0x38 ./Middlewares/ST/STM32_USB_Device_Library/Core/Src/usbd_core.o
                0x0000000008005e84                USBD_SetClassConfig
 .text.USBD_ClrClassConfig
                0x0000000008005ebc       0x30 ./Middlewares/ST/STM32_USB_Device_Library/Core/Src/usbd_core.o
                0x0000000008005ebc                USBD_ClrClassConfig
 .text.USBD_LL_SetupStage
                0x0000000008005eec       0xaa ./Middlewares/ST/STM32_USB_Device_Library/Core/Src/usbd_core.o
                0x0000000008005eec                USBD_LL_SetupStage
 .text.USBD_LL_DataOutStage
                0x0000000008005f96       0xc6 ./Middlewares/ST/STM32_USB_Device_Library/Core/Src/usbd_core.o
                0x0000000008005f96                USBD_LL_DataOutStage
 .text.USBD_LL_DataInStage
                0x000000000800605c      0x12c ./Middlewares/ST/STM32_USB_Device_Library/Core/Src/usbd_core.o
                0x000000000800605c                USBD_LL_DataInStage
 .text.USBD_LL_Reset
                0x0000000008006188       0x9c ./Middlewares/ST/STM32_USB_Device_Library/Core/Src/usbd_core.o
                0x0000000008006188                USBD_LL_Reset
 .text.USBD_LL_SetSpeed
                0x0000000008006224       0x20 ./Middlewares/ST/STM32_USB_Device_Library/Core/Src/usbd_core.o
                0x0000000008006224                USBD_LL_SetSpeed
 .text.USBD_LL_Suspend
                0x0000000008006244       0x2c ./Middlewares/ST/STM32_USB_Device_Library/Core/Src/usbd_core.o
                0x0000000008006244                USBD_LL_Suspend
 .text.USBD_LL_Resume
                0x0000000008006270       0x30 ./Middlewares/ST/STM32_USB_Device_Library/Core/Src/usbd_core.o
                0x0000000008006270                USBD_LL_Resume
 .text.USBD_LL_SOF
                0x00000000080062a0       0x44 ./Middlewares/ST/STM32_USB_Device_Library/Core/Src/usbd_core.o
                0x00000000080062a0                USBD_LL_SOF
 .text.USBD_LL_IsoINIncomplete
                0x00000000080062e4       0x4c ./Middlewares/ST/STM32_USB_Device_Library/Core/Src/usbd_core.o
                0x00000000080062e4                USBD_LL_IsoINIncomplete
 .text.USBD_LL_IsoOUTIncomplete
                0x0000000008006330       0x4c ./Middlewares/ST/STM32_USB_Device_Library/Core/Src/usbd_core.o
                0x0000000008006330                USBD_LL_IsoOUTIncomplete
 .text.USBD_LL_DevConnected
                0x000000000800637c       0x16 ./Middlewares/ST/STM32_USB_Device_Library/Core/Src/usbd_core.o
                0x000000000800637c                USBD_LL_DevConnected
 .text.USBD_LL_DevDisconnected
                0x0000000008006392       0x38 ./Middlewares/ST/STM32_USB_Device_Library/Core/Src/usbd_core.o
                0x0000000008006392                USBD_LL_DevDisconnected
 .text.SWAPBYTE
                0x00000000080063ca       0x3c ./Middlewares/ST/STM32_USB_Device_Library/Core/Src/usbd_ctlreq.o
 *fill*         0x0000000008006406        0x2 
 .text.USBD_StdDevReq
                0x0000000008006408       0xdc ./Middlewares/ST/STM32_USB_Device_Library/Core/Src/usbd_ctlreq.o
                0x0000000008006408                USBD_StdDevReq
 .text.USBD_StdItfReq
                0x00000000080064e4       0x92 ./Middlewares/ST/STM32_USB_Device_Library/Core/Src/usbd_ctlreq.o
                0x00000000080064e4                USBD_StdItfReq
 .text.USBD_StdEPReq
                0x0000000008006576      0x2c4 ./Middlewares/ST/STM32_USB_Device_Library/Core/Src/usbd_ctlreq.o
                0x0000000008006576                USBD_StdEPReq
 *fill*         0x000000000800683a        0x2 
 .text.USBD_GetDescriptor
                0x000000000800683c      0x2d4 ./Middlewares/ST/STM32_USB_Device_Library/Core/Src/usbd_ctlreq.o
 .text.USBD_SetAddress
                0x0000000008006b10       0x88 ./Middlewares/ST/STM32_USB_Device_Library/Core/Src/usbd_ctlreq.o
 .text.USBD_SetConfig
                0x0000000008006b98      0x14c ./Middlewares/ST/STM32_USB_Device_Library/Core/Src/usbd_ctlreq.o
 .text.USBD_GetConfig
                0x0000000008006ce4       0x6c ./Middlewares/ST/STM32_USB_Device_Library/Core/Src/usbd_ctlreq.o
 .text.USBD_GetStatus
                0x0000000008006d50       0x68 ./Middlewares/ST/STM32_USB_Device_Library/Core/Src/usbd_ctlreq.o
 .text.USBD_SetFeature
                0x0000000008006db8       0x28 ./Middlewares/ST/STM32_USB_Device_Library/Core/Src/usbd_ctlreq.o
 .text.USBD_ClrFeature
                0x0000000008006de0       0x44 ./Middlewares/ST/STM32_USB_Device_Library/Core/Src/usbd_ctlreq.o
 .text.USBD_ParseSetupRequest
                0x0000000008006e24       0x74 ./Middlewares/ST/STM32_USB_Device_Library/Core/Src/usbd_ctlreq.o
                0x0000000008006e24                USBD_ParseSetupRequest
 .text.USBD_CtlError
                0x0000000008006e98       0x22 ./Middlewares/ST/STM32_USB_Device_Library/Core/Src/usbd_ctlreq.o
                0x0000000008006e98                USBD_CtlError
 .text.USBD_GetString
                0x0000000008006eba       0x8c ./Middlewares/ST/STM32_USB_Device_Library/Core/Src/usbd_ctlreq.o
                0x0000000008006eba                USBD_GetString
 .text.USBD_GetLen
                0x0000000008006f46       0x34 ./Middlewares/ST/STM32_USB_Device_Library/Core/Src/usbd_ctlreq.o
 .text.USBD_CtlSendData
                0x0000000008006f7a       0x36 ./Middlewares/ST/STM32_USB_Device_Library/Core/Src/usbd_ioreq.o
                0x0000000008006f7a                USBD_CtlSendData
 .text.USBD_CtlContinueSendData
                0x0000000008006fb0       0x22 ./Middlewares/ST/STM32_USB_Device_Library/Core/Src/usbd_ioreq.o
                0x0000000008006fb0                USBD_CtlContinueSendData
 .text.USBD_CtlPrepareRx
                0x0000000008006fd2       0x3a ./Middlewares/ST/STM32_USB_Device_Library/Core/Src/usbd_ioreq.o
                0x0000000008006fd2                USBD_CtlPrepareRx
 .text.USBD_CtlContinueRx
                0x000000000800700c       0x22 ./Middlewares/ST/STM32_USB_Device_Library/Core/Src/usbd_ioreq.o
                0x000000000800700c                USBD_CtlContinueRx
 .text.USBD_CtlSendStatus
                0x000000000800702e       0x26 ./Middlewares/ST/STM32_USB_Device_Library/Core/Src/usbd_ioreq.o
                0x000000000800702e                USBD_CtlSendStatus
 .text.USBD_CtlReceiveStatus
                0x0000000008007054       0x26 ./Middlewares/ST/STM32_USB_Device_Library/Core/Src/usbd_ioreq.o
                0x0000000008007054                USBD_CtlReceiveStatus
 *fill*         0x000000000800707a        0x2 
 .text.MX_USB_DEVICE_Init
                0x000000000800707c       0x60 ./USB_DEVICE/App/usb_device.o
                0x000000000800707c                MX_USB_DEVICE_Init
 .text.CDC_Init_FS
                0x00000000080070dc       0x28 ./USB_DEVICE/App/usbd_cdc_if.o
 .text.CDC_DeInit_FS
                0x0000000008007104       0x10 ./USB_DEVICE/App/usbd_cdc_if.o
 .text.CDC_Control_FS
                0x0000000008007114       0xbc ./USB_DEVICE/App/usbd_cdc_if.o
 .text.CDC_Receive_FS
                0x00000000080071d0       0x28 ./USB_DEVICE/App/usbd_cdc_if.o
 .text.CDC_Transmit_FS
                0x00000000080071f8       0x4c ./USB_DEVICE/App/usbd_cdc_if.o
                0x00000000080071f8                CDC_Transmit_FS
 .text.CDC_TransmitCplt_FS
                0x0000000008007244       0x22 ./USB_DEVICE/App/usbd_cdc_if.o
 *fill*         0x0000000008007266        0x2 
 .text.USBD_FS_DeviceDescriptor
                0x0000000008007268       0x24 ./USB_DEVICE/App/usbd_desc.o
                0x0000000008007268                USBD_FS_DeviceDescriptor
 .text.USBD_FS_LangIDStrDescriptor
                0x000000000800728c       0x24 ./USB_DEVICE/App/usbd_desc.o
                0x000000000800728c                USBD_FS_LangIDStrDescriptor
 .text.USBD_FS_ProductStrDescriptor
                0x00000000080072b0       0x3c ./USB_DEVICE/App/usbd_desc.o
                0x00000000080072b0                USBD_FS_ProductStrDescriptor
 .text.USBD_FS_ManufacturerStrDescriptor
                0x00000000080072ec       0x28 ./USB_DEVICE/App/usbd_desc.o
                0x00000000080072ec                USBD_FS_ManufacturerStrDescriptor
 .text.USBD_FS_SerialStrDescriptor
                0x0000000008007314       0x24 ./USB_DEVICE/App/usbd_desc.o
                0x0000000008007314                USBD_FS_SerialStrDescriptor
 .text.USBD_FS_ConfigStrDescriptor
                0x0000000008007338       0x3c ./USB_DEVICE/App/usbd_desc.o
                0x0000000008007338                USBD_FS_ConfigStrDescriptor
 .text.USBD_FS_InterfaceStrDescriptor
                0x0000000008007374       0x3c ./USB_DEVICE/App/usbd_desc.o
                0x0000000008007374                USBD_FS_InterfaceStrDescriptor
 .text.Get_SerialNum
                0x00000000080073b0       0x58 ./USB_DEVICE/App/usbd_desc.o
 .text.IntToUnicode
                0x0000000008007408       0x7e ./USB_DEVICE/App/usbd_desc.o
 *fill*         0x0000000008007486        0x2 
 .text.HAL_PCD_MspInit
                0x0000000008007488       0xc4 ./USB_DEVICE/Target/usbd_conf.o
                0x0000000008007488                HAL_PCD_MspInit
 .text.HAL_PCD_SetupStageCallback
                0x000000000800754c       0x24 ./USB_DEVICE/Target/usbd_conf.o
                0x000000000800754c                HAL_PCD_SetupStageCallback
 .text.HAL_PCD_DataOutStageCallback
                0x0000000008007570       0x36 ./USB_DEVICE/Target/usbd_conf.o
                0x0000000008007570                HAL_PCD_DataOutStageCallback
 .text.HAL_PCD_DataInStageCallback
                0x00000000080075a6       0x34 ./USB_DEVICE/Target/usbd_conf.o
                0x00000000080075a6                HAL_PCD_DataInStageCallback
 .text.HAL_PCD_SOFCallback
                0x00000000080075da       0x1c ./USB_DEVICE/Target/usbd_conf.o
                0x00000000080075da                HAL_PCD_SOFCallback
 .text.HAL_PCD_ResetCallback
                0x00000000080075f6       0x50 ./USB_DEVICE/Target/usbd_conf.o
                0x00000000080075f6                HAL_PCD_ResetCallback
 *fill*         0x0000000008007646        0x2 
 .text.HAL_PCD_SuspendCallback
                0x0000000008007648       0x4c ./USB_DEVICE/Target/usbd_conf.o
                0x0000000008007648                HAL_PCD_SuspendCallback
 .text.HAL_PCD_ResumeCallback
                0x0000000008007694       0x1c ./USB_DEVICE/Target/usbd_conf.o
                0x0000000008007694                HAL_PCD_ResumeCallback
 .text.HAL_PCD_ISOOUTIncompleteCallback
                0x00000000080076b0       0x24 ./USB_DEVICE/Target/usbd_conf.o
                0x00000000080076b0                HAL_PCD_ISOOUTIncompleteCallback
 .text.HAL_PCD_ISOINIncompleteCallback
                0x00000000080076d4       0x24 ./USB_DEVICE/Target/usbd_conf.o
                0x00000000080076d4                HAL_PCD_ISOINIncompleteCallback
 .text.HAL_PCD_ConnectCallback
                0x00000000080076f8       0x1c ./USB_DEVICE/Target/usbd_conf.o
                0x00000000080076f8                HAL_PCD_ConnectCallback
 .text.HAL_PCD_DisconnectCallback
                0x0000000008007714       0x1c ./USB_DEVICE/Target/usbd_conf.o
                0x0000000008007714                HAL_PCD_DisconnectCallback
 .text.USBD_LL_Init
                0x0000000008007730       0x98 ./USB_DEVICE/Target/usbd_conf.o
                0x0000000008007730                USBD_LL_Init
 .text.USBD_LL_Start
                0x00000000080077c8       0x36 ./USB_DEVICE/Target/usbd_conf.o
                0x00000000080077c8                USBD_LL_Start
 .text.USBD_LL_OpenEP
                0x00000000080077fe       0x4c ./USB_DEVICE/Target/usbd_conf.o
                0x00000000080077fe                USBD_LL_OpenEP
 .text.USBD_LL_CloseEP
                0x000000000800784a       0x3e ./USB_DEVICE/Target/usbd_conf.o
                0x000000000800784a                USBD_LL_CloseEP
 .text.USBD_LL_StallEP
                0x0000000008007888       0x3e ./USB_DEVICE/Target/usbd_conf.o
                0x0000000008007888                USBD_LL_StallEP
 .text.USBD_LL_ClearStallEP
                0x00000000080078c6       0x3e ./USB_DEVICE/Target/usbd_conf.o
                0x00000000080078c6                USBD_LL_ClearStallEP
 .text.USBD_LL_IsStallEP
                0x0000000008007904       0x58 ./USB_DEVICE/Target/usbd_conf.o
                0x0000000008007904                USBD_LL_IsStallEP
 .text.USBD_LL_SetUSBAddress
                0x000000000800795c       0x3e ./USB_DEVICE/Target/usbd_conf.o
                0x000000000800795c                USBD_LL_SetUSBAddress
 .text.USBD_LL_Transmit
                0x000000000800799a       0x42 ./USB_DEVICE/Target/usbd_conf.o
                0x000000000800799a                USBD_LL_Transmit
 .text.USBD_LL_PrepareReceive
                0x00000000080079dc       0x42 ./USB_DEVICE/Target/usbd_conf.o
                0x00000000080079dc                USBD_LL_PrepareReceive
 .text.USBD_LL_GetRxDataSize
                0x0000000008007a1e       0x26 ./USB_DEVICE/Target/usbd_conf.o
                0x0000000008007a1e                USBD_LL_GetRxDataSize
 .text.USBD_static_malloc
                0x0000000008007a44       0x1c ./USB_DEVICE/Target/usbd_conf.o
                0x0000000008007a44                USBD_static_malloc
 .text.USBD_static_free
                0x0000000008007a60       0x14 ./USB_DEVICE/Target/usbd_conf.o
                0x0000000008007a60                USBD_static_free
 .text.USBD_Get_USB_Status
                0x0000000008007a74       0x58 ./USB_DEVICE/Target/usbd_conf.o
                0x0000000008007a74                USBD_Get_USB_Status
 .text.__libc_init_array
                0x0000000008007acc       0x48 c:/st/stm32cubeide_1.7.0/stm32cubeide/plugins/com.st.stm32cube.ide.mcu.externaltools.gnu-tools-for-stm32.9-2020-q2-update.win32_2.0.0.202105311346/tools/bin/../lib/gcc/arm-none-eabi/9.3.1/../../../../arm-none-eabi/lib/thumb/v7e-m+fp/hard\libc_nano.a(lib_a-init.o)
                0x0000000008007acc                __libc_init_array
 .text.memset   0x0000000008007b14       0x10 c:/st/stm32cubeide_1.7.0/stm32cubeide/plugins/com.st.stm32cube.ide.mcu.externaltools.gnu-tools-for-stm32.9-2020-q2-update.win32_2.0.0.202105311346/tools/bin/../lib/gcc/arm-none-eabi/9.3.1/../../../../arm-none-eabi/lib/thumb/v7e-m+fp/hard\libc_nano.a(lib_a-memset.o)
                0x0000000008007b14                memset
 *(.glue_7)
 .glue_7        0x0000000008007b24        0x0 linker stubs
 *(.glue_7t)
 .glue_7t       0x0000000008007b24        0x0 linker stubs
 *(.eh_frame)
 .eh_frame      0x0000000008007b24        0x0 c:/st/stm32cubeide_1.7.0/stm32cubeide/plugins/com.st.stm32cube.ide.mcu.externaltools.gnu-tools-for-stm32.9-2020-q2-update.win32_2.0.0.202105311346/tools/bin/../lib/gcc/arm-none-eabi/9.3.1/thumb/v7e-m+fp/hard/crtbegin.o
 *(.init)
 .init          0x0000000008007b24        0x4 c:/st/stm32cubeide_1.7.0/stm32cubeide/plugins/com.st.stm32cube.ide.mcu.externaltools.gnu-tools-for-stm32.9-2020-q2-update.win32_2.0.0.202105311346/tools/bin/../lib/gcc/arm-none-eabi/9.3.1/thumb/v7e-m+fp/hard/crti.o
                0x0000000008007b24                _init
 .init          0x0000000008007b28        0x8 c:/st/stm32cubeide_1.7.0/stm32cubeide/plugins/com.st.stm32cube.ide.mcu.externaltools.gnu-tools-for-stm32.9-2020-q2-update.win32_2.0.0.202105311346/tools/bin/../lib/gcc/arm-none-eabi/9.3.1/thumb/v7e-m+fp/hard/crtn.o
 *(.fini)
 .fini          0x0000000008007b30        0x4 c:/st/stm32cubeide_1.7.0/stm32cubeide/plugins/com.st.stm32cube.ide.mcu.externaltools.gnu-tools-for-stm32.9-2020-q2-update.win32_2.0.0.202105311346/tools/bin/../lib/gcc/arm-none-eabi/9.3.1/thumb/v7e-m+fp/hard/crti.o
                0x0000000008007b30                _fini
 .fini          0x0000000008007b34        0x8 c:/st/stm32cubeide_1.7.0/stm32cubeide/plugins/com.st.stm32cube.ide.mcu.externaltools.gnu-tools-for-stm32.9-2020-q2-update.win32_2.0.0.202105311346/tools/bin/../lib/gcc/arm-none-eabi/9.3.1/thumb/v7e-m+fp/hard/crtn.o
                0x0000000008007b3c                . = ALIGN (0x4)
                0x0000000008007b3c                _etext = .

.vfp11_veneer   0x0000000008007b3c        0x0
 .vfp11_veneer  0x0000000008007b3c        0x0 linker stubs

.v4_bx          0x0000000008007b3c        0x0
 .v4_bx         0x0000000008007b3c        0x0 linker stubs

.iplt           0x0000000008007b3c        0x0
 .iplt          0x0000000008007b3c        0x0 c:/st/stm32cubeide_1.7.0/stm32cubeide/plugins/com.st.stm32cube.ide.mcu.externaltools.gnu-tools-for-stm32.9-2020-q2-update.win32_2.0.0.202105311346/tools/bin/../lib/gcc/arm-none-eabi/9.3.1/thumb/v7e-m+fp/hard/crtbegin.o

.rodata         0x0000000008007b3c       0x60
                0x0000000008007b3c                . = ALIGN (0x4)
 *(.rodata)
 .rodata        0x0000000008007b3c       0x46 ./USB_DEVICE/App/usbd_desc.o
 *(.rodata*)
 *fill*         0x0000000008007b82        0x2 
 .rodata.AHBPrescTable
                0x0000000008007b84       0x10 ./Core/Src/system_stm32f4xx.o
                0x0000000008007b84                AHBPrescTable
 .rodata.APBPrescTable
                0x0000000008007b94        0x8 ./Core/Src/system_stm32f4xx.o
                0x0000000008007b94                APBPrescTable
                0x0000000008007b9c                . = ALIGN (0x4)

.ARM.extab      0x0000000008007b9c        0x0
                0x0000000008007b9c                . = ALIGN (0x4)
 *(.ARM.extab* .gnu.linkonce.armextab.*)
                0x0000000008007b9c                . = ALIGN (0x4)

.ARM            0x0000000008007b9c        0x8
                0x0000000008007b9c                . = ALIGN (0x4)
                0x0000000008007b9c                __exidx_start = .
 *(.ARM.exidx*)
 .ARM.exidx     0x0000000008007b9c        0x8 c:/st/stm32cubeide_1.7.0/stm32cubeide/plugins/com.st.stm32cube.ide.mcu.externaltools.gnu-tools-for-stm32.9-2020-q2-update.win32_2.0.0.202105311346/tools/bin/../lib/gcc/arm-none-eabi/9.3.1/thumb/v7e-m+fp/hard\libgcc.a(_udivmoddi4.o)
                0x0000000008007ba4                __exidx_end = .
                0x0000000008007ba4                . = ALIGN (0x4)

.rel.dyn        0x0000000008007ba4        0x0
 .rel.iplt      0x0000000008007ba4        0x0 c:/st/stm32cubeide_1.7.0/stm32cubeide/plugins/com.st.stm32cube.ide.mcu.externaltools.gnu-tools-for-stm32.9-2020-q2-update.win32_2.0.0.202105311346/tools/bin/../lib/gcc/arm-none-eabi/9.3.1/thumb/v7e-m+fp/hard/crtbegin.o

.preinit_array  0x0000000008007ba4        0x0
                0x0000000008007ba4                . = ALIGN (0x4)
                0x0000000008007ba4                PROVIDE (__preinit_array_start = .)
 *(.preinit_array*)
                0x0000000008007ba4                PROVIDE (__preinit_array_end = .)
                0x0000000008007ba4                . = ALIGN (0x4)

.init_array     0x0000000008007ba4        0x4
                0x0000000008007ba4                . = ALIGN (0x4)
                0x0000000008007ba4                PROVIDE (__init_array_start = .)
 *(SORT_BY_NAME(.init_array.*))
 *(.init_array*)
 .init_array    0x0000000008007ba4        0x4 c:/st/stm32cubeide_1.7.0/stm32cubeide/plugins/com.st.stm32cube.ide.mcu.externaltools.gnu-tools-for-stm32.9-2020-q2-update.win32_2.0.0.202105311346/tools/bin/../lib/gcc/arm-none-eabi/9.3.1/thumb/v7e-m+fp/hard/crtbegin.o
                0x0000000008007ba8                PROVIDE (__init_array_end = .)
                0x0000000008007ba8                . = ALIGN (0x4)

.fini_array     0x0000000008007ba8        0x4
                0x0000000008007ba8                . = ALIGN (0x4)
                [!provide]                        PROVIDE (__fini_array_start = .)
 *(SORT_BY_NAME(.fini_array.*))
 *(.fini_array*)
 .fini_array    0x0000000008007ba8        0x4 c:/st/stm32cubeide_1.7.0/stm32cubeide/plugins/com.st.stm32cube.ide.mcu.externaltools.gnu-tools-for-stm32.9-2020-q2-update.win32_2.0.0.202105311346/tools/bin/../lib/gcc/arm-none-eabi/9.3.1/thumb/v7e-m+fp/hard/crtbegin.o
                [!provide]                        PROVIDE (__fini_array_end = .)
                0x0000000008007bac                . = ALIGN (0x4)
                0x0000000008007bac                _sidata = LOADADDR (.data)

.data           0x0000000020000000      0x180 load address 0x0000000008007bac
                0x0000000020000000                . = ALIGN (0x4)
                0x0000000020000000                _sdata = .
 *(.data)
 *(.data*)
 .data.SystemCoreClock
                0x0000000020000000        0x4 ./Core/Src/system_stm32f4xx.o
                0x0000000020000000                SystemCoreClock
 .data.uwTickPrio
                0x0000000020000004        0x4 ./Drivers/STM32F4xx_HAL_Driver/Src/stm32f4xx_hal.o
                0x0000000020000004                uwTickPrio
 .data.uwTickFreq
                0x0000000020000008        0x1 ./Drivers/STM32F4xx_HAL_Driver/Src/stm32f4xx_hal.o
                0x0000000020000008                uwTickFreq
 *fill*         0x0000000020000009        0x3 
 .data.USBD_CDC_DeviceQualifierDesc
                0x000000002000000c        0xa ./Middlewares/ST/STM32_USB_Device_Library/Class/CDC/Src/usbd_cdc.o
 *fill*         0x0000000020000016        0x2 
 .data.USBD_CDC
                0x0000000020000018       0x38 ./Middlewares/ST/STM32_USB_Device_Library/Class/CDC/Src/usbd_cdc.o
                0x0000000020000018                USBD_CDC
 .data.USBD_CDC_CfgHSDesc
                0x0000000020000050       0x43 ./Middlewares/ST/STM32_USB_Device_Library/Class/CDC/Src/usbd_cdc.o
 *fill*         0x0000000020000093        0x1 
 .data.USBD_CDC_CfgFSDesc
                0x0000000020000094       0x43 ./Middlewares/ST/STM32_USB_Device_Library/Class/CDC/Src/usbd_cdc.o
 *fill*         0x00000000200000d7        0x1 
 .data.USBD_CDC_OtherSpeedCfgDesc
                0x00000000200000d8       0x43 ./Middlewares/ST/STM32_USB_Device_Library/Class/CDC/Src/usbd_cdc.o
 *fill*         0x000000002000011b        0x1 
 .data.USBD_Interface_fops_FS
                0x000000002000011c       0x14 ./USB_DEVICE/App/usbd_cdc_if.o
                0x000000002000011c                USBD_Interface_fops_FS
 .data.FS_Desc  0x0000000020000130       0x1c ./USB_DEVICE/App/usbd_desc.o
                0x0000000020000130                FS_Desc
 .data.USBD_FS_DeviceDesc
                0x000000002000014c       0x12 ./USB_DEVICE/App/usbd_desc.o
                0x000000002000014c                USBD_FS_DeviceDesc
 *fill*         0x000000002000015e        0x2 
 .data.USBD_LangIDDesc
                0x0000000020000160        0x4 ./USB_DEVICE/App/usbd_desc.o
                0x0000000020000160                USBD_LangIDDesc
 .data.USBD_StringSerial
                0x0000000020000164       0x1a ./USB_DEVICE/App/usbd_desc.o
                0x0000000020000164                USBD_StringSerial
 *(.RamFunc)
 *(.RamFunc*)
                0x0000000020000180                . = ALIGN (0x4)
 *fill*         0x000000002000017e        0x2 
                0x0000000020000180                _edata = .
                0x0000000008007d2c                _siccmram = LOADADDR (.ccmram)

.igot.plt       0x0000000020000180        0x0 load address 0x0000000008007d2c
 .igot.plt      0x0000000020000180        0x0 c:/st/stm32cubeide_1.7.0/stm32cubeide/plugins/com.st.stm32cube.ide.mcu.externaltools.gnu-tools-for-stm32.9-2020-q2-update.win32_2.0.0.202105311346/tools/bin/../lib/gcc/arm-none-eabi/9.3.1/thumb/v7e-m+fp/hard/crtbegin.o

.ccmram         0x0000000010000000        0x0 load address 0x0000000008007d2c
                0x0000000010000000                . = ALIGN (0x4)
                0x0000000010000000                _sccmram = .
 *(.ccmram)
 *(.ccmram*)
                0x0000000010000000                . = ALIGN (0x4)
                0x0000000010000000                _eccmram = .
                0x0000000010000000                . = ALIGN (0x4)

.bss            0x0000000020000180     0x1b70
                0x0000000020000180                _sbss = .
                0x0000000020000180                __bss_start__ = _sbss
 *(.bss)
 .bss           0x0000000020000180       0x1c c:/st/stm32cubeide_1.7.0/stm32cubeide/plugins/com.st.stm32cube.ide.mcu.externaltools.gnu-tools-for-stm32.9-2020-q2-update.win32_2.0.0.202105311346/tools/bin/../lib/gcc/arm-none-eabi/9.3.1/thumb/v7e-m+fp/hard/crtbegin.o
 *(.bss*)
 .bss.cfgidx.10164
                0x000000002000019c        0x1 ./Middlewares/ST/STM32_USB_Device_Library/Core/Src/usbd_ctlreq.o
 *fill*         0x000000002000019d        0x3 
 .bss.mem.10233
                0x00000000200001a0      0x220 ./USB_DEVICE/Target/usbd_conf.o
 *(COMMON)
 COMMON         0x00000000200003c0       0x54 ./Core/Src/main.o
                0x00000000200003c0                hi2c3
 COMMON         0x0000000020000414        0x4 ./Drivers/STM32F4xx_HAL_Driver/Src/stm32f4xx_hal.o
                0x0000000020000414                uwTick
 COMMON         0x0000000020000418      0x2d0 ./USB_DEVICE/App/usb_device.o
                0x0000000020000418                hUsbDeviceFS
 COMMON         0x00000000200006e8     0x1000 ./USB_DEVICE/App/usbd_cdc_if.o
                0x00000000200006e8                UserRxBufferFS
                0x0000000020000ee8                UserTxBufferFS
 COMMON         0x00000000200016e8      0x200 ./USB_DEVICE/App/usbd_desc.o
                0x00000000200016e8                USBD_StrDesc
 COMMON         0x00000000200018e8      0x408 ./USB_DEVICE/Target/usbd_conf.o
                0x00000000200018e8                hpcd_USB_OTG_FS
                0x0000000020001cf0                . = ALIGN (0x4)
                0x0000000020001cf0                _ebss = .
                0x0000000020001cf0                __bss_end__ = _ebss

._user_heap_stack
                0x0000000020001cf0      0x600
                0x0000000020001cf0                . = ALIGN (0x8)
                [!provide]                        PROVIDE (end = .)
                0x0000000020001cf0                PROVIDE (_end = .)
                0x0000000020001ef0                . = (. + _Min_Heap_Size)
 *fill*         0x0000000020001cf0      0x200 
                0x00000000200022f0                . = (. + _Min_Stack_Size)
 *fill*         0x0000000020001ef0      0x400 
                0x00000000200022f0                . = ALIGN (0x8)

/DISCARD/
 libc.a(*)
 libm.a(*)
 libgcc.a(*)

.ARM.attributes
                0x0000000000000000       0x30
 *(.ARM.attributes)
 .ARM.attributes
                0x0000000000000000       0x1e c:/st/stm32cubeide_1.7.0/stm32cubeide/plugins/com.st.stm32cube.ide.mcu.externaltools.gnu-tools-for-stm32.9-2020-q2-update.win32_2.0.0.202105311346/tools/bin/../lib/gcc/arm-none-eabi/9.3.1/thumb/v7e-m+fp/hard/crti.o
 .ARM.attributes
                0x000000000000001e       0x34 c:/st/stm32cubeide_1.7.0/stm32cubeide/plugins/com.st.stm32cube.ide.mcu.externaltools.gnu-tools-for-stm32.9-2020-q2-update.win32_2.0.0.202105311346/tools/bin/../lib/gcc/arm-none-eabi/9.3.1/thumb/v7e-m+fp/hard/crtbegin.o
 .ARM.attributes
                0x0000000000000052       0x34 ./Core/Src/MAXM86161/MAXM86161.o
 .ARM.attributes
                0x0000000000000086       0x34 ./Core/Src/main.o
 .ARM.attributes
                0x00000000000000ba       0x34 ./Core/Src/stm32f4xx_hal_msp.o
 .ARM.attributes
                0x00000000000000ee       0x34 ./Core/Src/stm32f4xx_it.o
 .ARM.attributes
                0x0000000000000122       0x34 ./Core/Src/system_stm32f4xx.o
 .ARM.attributes
                0x0000000000000156       0x21 ./Core/Startup/startup_stm32f407vgtx.o
 .ARM.attributes
                0x0000000000000177       0x34 ./Drivers/STM32F4xx_HAL_Driver/Src/stm32f4xx_hal.o
 .ARM.attributes
                0x00000000000001ab       0x34 ./Drivers/STM32F4xx_HAL_Driver/Src/stm32f4xx_hal_cortex.o
 .ARM.attributes
                0x00000000000001df       0x34 ./Drivers/STM32F4xx_HAL_Driver/Src/stm32f4xx_hal_gpio.o
 .ARM.attributes
                0x0000000000000213       0x34 ./Drivers/STM32F4xx_HAL_Driver/Src/stm32f4xx_hal_i2c.o
 .ARM.attributes
                0x0000000000000247       0x34 ./Drivers/STM32F4xx_HAL_Driver/Src/stm32f4xx_hal_pcd.o
 .ARM.attributes
                0x000000000000027b       0x34 ./Drivers/STM32F4xx_HAL_Driver/Src/stm32f4xx_hal_pcd_ex.o
 .ARM.attributes
                0x00000000000002af       0x34 ./Drivers/STM32F4xx_HAL_Driver/Src/stm32f4xx_hal_rcc.o
 .ARM.attributes
                0x00000000000002e3       0x34 ./Drivers/STM32F4xx_HAL_Driver/Src/stm32f4xx_ll_usb.o
 .ARM.attributes
                0x0000000000000317       0x34 ./Middlewares/ST/STM32_USB_Device_Library/Class/CDC/Src/usbd_cdc.o
 .ARM.attributes
                0x000000000000034b       0x34 ./Middlewares/ST/STM32_USB_Device_Library/Core/Src/usbd_core.o
 .ARM.attributes
                0x000000000000037f       0x34 ./Middlewares/ST/STM32_USB_Device_Library/Core/Src/usbd_ctlreq.o
 .ARM.attributes
                0x00000000000003b3       0x34 ./Middlewares/ST/STM32_USB_Device_Library/Core/Src/usbd_ioreq.o
 .ARM.attributes
                0x00000000000003e7       0x34 ./USB_DEVICE/App/usb_device.o
 .ARM.attributes
                0x000000000000041b       0x34 ./USB_DEVICE/App/usbd_cdc_if.o
 .ARM.attributes
                0x000000000000044f       0x34 ./USB_DEVICE/App/usbd_desc.o
 .ARM.attributes
                0x0000000000000483       0x34 ./USB_DEVICE/Target/usbd_conf.o
 .ARM.attributes
                0x00000000000004b7       0x34 c:/st/stm32cubeide_1.7.0/stm32cubeide/plugins/com.st.stm32cube.ide.mcu.externaltools.gnu-tools-for-stm32.9-2020-q2-update.win32_2.0.0.202105311346/tools/bin/../lib/gcc/arm-none-eabi/9.3.1/../../../../arm-none-eabi/lib/thumb/v7e-m+fp/hard\libc_nano.a(lib_a-init.o)
 .ARM.attributes
                0x00000000000004eb       0x34 c:/st/stm32cubeide_1.7.0/stm32cubeide/plugins/com.st.stm32cube.ide.mcu.externaltools.gnu-tools-for-stm32.9-2020-q2-update.win32_2.0.0.202105311346/tools/bin/../lib/gcc/arm-none-eabi/9.3.1/../../../../arm-none-eabi/lib/thumb/v7e-m+fp/hard\libc_nano.a(lib_a-memset.o)
 .ARM.attributes
                0x000000000000051f       0x1e c:/st/stm32cubeide_1.7.0/stm32cubeide/plugins/com.st.stm32cube.ide.mcu.externaltools.gnu-tools-for-stm32.9-2020-q2-update.win32_2.0.0.202105311346/tools/bin/../lib/gcc/arm-none-eabi/9.3.1/thumb/v7e-m+fp/hard\libgcc.a(_aeabi_uldivmod.o)
 .ARM.attributes
                0x000000000000053d       0x34 c:/st/stm32cubeide_1.7.0/stm32cubeide/plugins/com.st.stm32cube.ide.mcu.externaltools.gnu-tools-for-stm32.9-2020-q2-update.win32_2.0.0.202105311346/tools/bin/../lib/gcc/arm-none-eabi/9.3.1/thumb/v7e-m+fp/hard\libgcc.a(_udivmoddi4.o)
 .ARM.attributes
                0x0000000000000571       0x1e c:/st/stm32cubeide_1.7.0/stm32cubeide/plugins/com.st.stm32cube.ide.mcu.externaltools.gnu-tools-for-stm32.9-2020-q2-update.win32_2.0.0.202105311346/tools/bin/../lib/gcc/arm-none-eabi/9.3.1/thumb/v7e-m+fp/hard\libgcc.a(_dvmd_tls.o)
 .ARM.attributes
                0x000000000000058f       0x1e c:/st/stm32cubeide_1.7.0/stm32cubeide/plugins/com.st.stm32cube.ide.mcu.externaltools.gnu-tools-for-stm32.9-2020-q2-update.win32_2.0.0.202105311346/tools/bin/../lib/gcc/arm-none-eabi/9.3.1/thumb/v7e-m+fp/hard/crtn.o
OUTPUT(Firmware_MAXM86161.elf elf32-littlearm)
LOAD linker stubs
LOAD c:/st/stm32cubeide_1.7.0/stm32cubeide/plugins/com.st.stm32cube.ide.mcu.externaltools.gnu-tools-for-stm32.9-2020-q2-update.win32_2.0.0.202105311346/tools/bin/../lib/gcc/arm-none-eabi/9.3.1/../../../../arm-none-eabi/lib/thumb/v7e-m+fp/hard\libc.a
LOAD c:/st/stm32cubeide_1.7.0/stm32cubeide/plugins/com.st.stm32cube.ide.mcu.externaltools.gnu-tools-for-stm32.9-2020-q2-update.win32_2.0.0.202105311346/tools/bin/../lib/gcc/arm-none-eabi/9.3.1/../../../../arm-none-eabi/lib/thumb/v7e-m+fp/hard\libm.a
LOAD c:/st/stm32cubeide_1.7.0/stm32cubeide/plugins/com.st.stm32cube.ide.mcu.externaltools.gnu-tools-for-stm32.9-2020-q2-update.win32_2.0.0.202105311346/tools/bin/../lib/gcc/arm-none-eabi/9.3.1/thumb/v7e-m+fp/hard\libgcc.a

.debug_info     0x0000000000000000    0x16fa4
 .debug_info    0x0000000000000000     0x155c ./Core/Src/MAXM86161/MAXM86161.o
 .debug_info    0x000000000000155c     0x1915 ./Core/Src/main.o
 .debug_info    0x0000000000002e71      0xa90 ./Core/Src/stm32f4xx_hal_msp.o
 .debug_info    0x0000000000003901      0x6db ./Core/Src/stm32f4xx_it.o
 .debug_info    0x0000000000003fdc      0x5a4 ./Core/Src/system_stm32f4xx.o
 .debug_info    0x0000000000004580       0x22 ./Core/Startup/startup_stm32f407vgtx.o
 .debug_info    0x00000000000045a2      0x9b2 ./Drivers/STM32F4xx_HAL_Driver/Src/stm32f4xx_hal.o
 .debug_info    0x0000000000004f54      0xed7 ./Drivers/STM32F4xx_HAL_Driver/Src/stm32f4xx_hal_cortex.o
 .debug_info    0x0000000000005e2b      0x83e ./Drivers/STM32F4xx_HAL_Driver/Src/stm32f4xx_hal_gpio.o
 .debug_info    0x0000000000006669     0x264d ./Drivers/STM32F4xx_HAL_Driver/Src/stm32f4xx_hal_i2c.o
 .debug_info    0x0000000000008cb6     0x12dd ./Drivers/STM32F4xx_HAL_Driver/Src/stm32f4xx_hal_pcd.o
 .debug_info    0x0000000000009f93      0x7c3 ./Drivers/STM32F4xx_HAL_Driver/Src/stm32f4xx_hal_pcd_ex.o
 .debug_info    0x000000000000a756      0x996 ./Drivers/STM32F4xx_HAL_Driver/Src/stm32f4xx_hal_rcc.o
 .debug_info    0x000000000000b0ec     0x1ab4 ./Drivers/STM32F4xx_HAL_Driver/Src/stm32f4xx_ll_usb.o
 .debug_info    0x000000000000cba0     0x198b ./Middlewares/ST/STM32_USB_Device_Library/Class/CDC/Src/usbd_cdc.o
 .debug_info    0x000000000000e52b     0x13a7 ./Middlewares/ST/STM32_USB_Device_Library/Core/Src/usbd_core.o
 .debug_info    0x000000000000f8d2     0x1373 ./Middlewares/ST/STM32_USB_Device_Library/Core/Src/usbd_ctlreq.o
 .debug_info    0x0000000000010c45     0x1095 ./Middlewares/ST/STM32_USB_Device_Library/Core/Src/usbd_ioreq.o
 .debug_info    0x0000000000011cda      0xffe ./USB_DEVICE/App/usb_device.o
 .debug_info    0x0000000000012cd8     0x122f ./USB_DEVICE/App/usbd_cdc_if.o
 .debug_info    0x0000000000013f07      0xdfa ./USB_DEVICE/App/usbd_desc.o
 .debug_info    0x0000000000014d01     0x22a3 ./USB_DEVICE/Target/usbd_conf.o

.debug_abbrev   0x0000000000000000     0x32c5
 .debug_abbrev  0x0000000000000000      0x275 ./Core/Src/MAXM86161/MAXM86161.o
 .debug_abbrev  0x0000000000000275      0x2b7 ./Core/Src/main.o
 .debug_abbrev  0x000000000000052c      0x1ac ./Core/Src/stm32f4xx_hal_msp.o
 .debug_abbrev  0x00000000000006d8      0x184 ./Core/Src/stm32f4xx_it.o
 .debug_abbrev  0x000000000000085c      0x145 ./Core/Src/system_stm32f4xx.o
 .debug_abbrev  0x00000000000009a1       0x12 ./Core/Startup/startup_stm32f407vgtx.o
 .debug_abbrev  0x00000000000009b3      0x1ed ./Drivers/STM32F4xx_HAL_Driver/Src/stm32f4xx_hal.o
 .debug_abbrev  0x0000000000000ba0      0x33c ./Drivers/STM32F4xx_HAL_Driver/Src/stm32f4xx_hal_cortex.o
 .debug_abbrev  0x0000000000000edc      0x1f1 ./Drivers/STM32F4xx_HAL_Driver/Src/stm32f4xx_hal_gpio.o
 .debug_abbrev  0x00000000000010cd      0x282 ./Drivers/STM32F4xx_HAL_Driver/Src/stm32f4xx_hal_i2c.o
 .debug_abbrev  0x000000000000134f      0x2a0 ./Drivers/STM32F4xx_HAL_Driver/Src/stm32f4xx_hal_pcd.o
 .debug_abbrev  0x00000000000015ef      0x1fb ./Drivers/STM32F4xx_HAL_Driver/Src/stm32f4xx_hal_pcd_ex.o
 .debug_abbrev  0x00000000000017ea      0x275 ./Drivers/STM32F4xx_HAL_Driver/Src/stm32f4xx_hal_rcc.o
 .debug_abbrev  0x0000000000001a5f      0x2a7 ./Drivers/STM32F4xx_HAL_Driver/Src/stm32f4xx_ll_usb.o
 .debug_abbrev  0x0000000000001d06      0x2fc ./Middlewares/ST/STM32_USB_Device_Library/Class/CDC/Src/usbd_cdc.o
 .debug_abbrev  0x0000000000002002      0x2b7 ./Middlewares/ST/STM32_USB_Device_Library/Core/Src/usbd_core.o
 .debug_abbrev  0x00000000000022b9      0x2fc ./Middlewares/ST/STM32_USB_Device_Library/Core/Src/usbd_ctlreq.o
 .debug_abbrev  0x00000000000025b5      0x22a ./Middlewares/ST/STM32_USB_Device_Library/Core/Src/usbd_ioreq.o
 .debug_abbrev  0x00000000000027df      0x204 ./USB_DEVICE/App/usb_device.o
 .debug_abbrev  0x00000000000029e3      0x30c ./USB_DEVICE/App/usbd_cdc_if.o
 .debug_abbrev  0x0000000000002cef      0x2aa ./USB_DEVICE/App/usbd_desc.o
 .debug_abbrev  0x0000000000002f99      0x32c ./USB_DEVICE/Target/usbd_conf.o

.debug_aranges  0x0000000000000000      0xe10
 .debug_aranges
                0x0000000000000000       0x58 ./Core/Src/MAXM86161/MAXM86161.o
 .debug_aranges
                0x0000000000000058       0x40 ./Core/Src/main.o
 .debug_aranges
                0x0000000000000098       0x30 ./Core/Src/stm32f4xx_hal_msp.o
 .debug_aranges
                0x00000000000000c8       0x68 ./Core/Src/stm32f4xx_it.o
 .debug_aranges
                0x0000000000000130       0x28 ./Core/Src/system_stm32f4xx.o
 .debug_aranges
                0x0000000000000158       0x28 ./Core/Startup/startup_stm32f407vgtx.o
 .debug_aranges
                0x0000000000000180       0xf0 ./Drivers/STM32F4xx_HAL_Driver/Src/stm32f4xx_hal.o
 .debug_aranges
                0x0000000000000270      0x118 ./Drivers/STM32F4xx_HAL_Driver/Src/stm32f4xx_hal_cortex.o
 .debug_aranges
                0x0000000000000388       0x58 ./Drivers/STM32F4xx_HAL_Driver/Src/stm32f4xx_hal_gpio.o
 .debug_aranges
                0x00000000000003e0      0x2a0 ./Drivers/STM32F4xx_HAL_Driver/Src/stm32f4xx_hal_i2c.o
 .debug_aranges
                0x0000000000000680      0x138 ./Drivers/STM32F4xx_HAL_Driver/Src/stm32f4xx_hal_pcd.o
 .debug_aranges
                0x00000000000007b8       0x38 ./Drivers/STM32F4xx_HAL_Driver/Src/stm32f4xx_hal_pcd_ex.o
 .debug_aranges
                0x00000000000007f0       0x88 ./Drivers/STM32F4xx_HAL_Driver/Src/stm32f4xx_hal_rcc.o
 .debug_aranges
                0x0000000000000878      0x198 ./Drivers/STM32F4xx_HAL_Driver/Src/stm32f4xx_ll_usb.o
 .debug_aranges
                0x0000000000000a10       0x90 ./Middlewares/ST/STM32_USB_Device_Library/Class/CDC/Src/usbd_cdc.o
 .debug_aranges
                0x0000000000000aa0       0xb8 ./Middlewares/ST/STM32_USB_Device_Library/Core/Src/usbd_core.o
 .debug_aranges
                0x0000000000000b58       0x90 ./Middlewares/ST/STM32_USB_Device_Library/Core/Src/usbd_ctlreq.o
 .debug_aranges
                0x0000000000000be8       0x50 ./Middlewares/ST/STM32_USB_Device_Library/Core/Src/usbd_ioreq.o
 .debug_aranges
                0x0000000000000c38       0x20 ./USB_DEVICE/App/usb_device.o
 .debug_aranges
                0x0000000000000c58       0x48 ./USB_DEVICE/App/usbd_cdc_if.o
 .debug_aranges
                0x0000000000000ca0       0x60 ./USB_DEVICE/App/usbd_desc.o
 .debug_aranges
                0x0000000000000d00      0x110 ./USB_DEVICE/Target/usbd_conf.o

.debug_ranges   0x0000000000000000      0xce0
 .debug_ranges  0x0000000000000000       0x48 ./Core/Src/MAXM86161/MAXM86161.o
 .debug_ranges  0x0000000000000048       0x30 ./Core/Src/main.o
 .debug_ranges  0x0000000000000078       0x20 ./Core/Src/stm32f4xx_hal_msp.o
 .debug_ranges  0x0000000000000098       0x58 ./Core/Src/stm32f4xx_it.o
 .debug_ranges  0x00000000000000f0       0x18 ./Core/Src/system_stm32f4xx.o
 .debug_ranges  0x0000000000000108       0x20 ./Core/Startup/startup_stm32f407vgtx.o
 .debug_ranges  0x0000000000000128       0xe0 ./Drivers/STM32F4xx_HAL_Driver/Src/stm32f4xx_hal.o
 .debug_ranges  0x0000000000000208      0x108 ./Drivers/STM32F4xx_HAL_Driver/Src/stm32f4xx_hal_cortex.o
 .debug_ranges  0x0000000000000310       0x48 ./Drivers/STM32F4xx_HAL_Driver/Src/stm32f4xx_hal_gpio.o
 .debug_ranges  0x0000000000000358      0x2b8 ./Drivers/STM32F4xx_HAL_Driver/Src/stm32f4xx_hal_i2c.o
 .debug_ranges  0x0000000000000610      0x128 ./Drivers/STM32F4xx_HAL_Driver/Src/stm32f4xx_hal_pcd.o
 .debug_ranges  0x0000000000000738       0x28 ./Drivers/STM32F4xx_HAL_Driver/Src/stm32f4xx_hal_pcd_ex.o
 .debug_ranges  0x0000000000000760       0x78 ./Drivers/STM32F4xx_HAL_Driver/Src/stm32f4xx_hal_rcc.o
 .debug_ranges  0x00000000000007d8      0x188 ./Drivers/STM32F4xx_HAL_Driver/Src/stm32f4xx_ll_usb.o
 .debug_ranges  0x0000000000000960       0x80 ./Middlewares/ST/STM32_USB_Device_Library/Class/CDC/Src/usbd_cdc.o
 .debug_ranges  0x00000000000009e0       0xa8 ./Middlewares/ST/STM32_USB_Device_Library/Core/Src/usbd_core.o
 .debug_ranges  0x0000000000000a88       0x80 ./Middlewares/ST/STM32_USB_Device_Library/Core/Src/usbd_ctlreq.o
 .debug_ranges  0x0000000000000b08       0x40 ./Middlewares/ST/STM32_USB_Device_Library/Core/Src/usbd_ioreq.o
 .debug_ranges  0x0000000000000b48       0x10 ./USB_DEVICE/App/usb_device.o
 .debug_ranges  0x0000000000000b58       0x38 ./USB_DEVICE/App/usbd_cdc_if.o
 .debug_ranges  0x0000000000000b90       0x50 ./USB_DEVICE/App/usbd_desc.o
 .debug_ranges  0x0000000000000be0      0x100 ./USB_DEVICE/Target/usbd_conf.o

.debug_macro    0x0000000000000000    0x2391d
 .debug_macro   0x0000000000000000      0x2dd ./Core/Src/MAXM86161/MAXM86161.o
 .debug_macro   0x00000000000002dd      0xaa8 ./Core/Src/MAXM86161/MAXM86161.o
 .debug_macro   0x0000000000000d85       0x22 ./Core/Src/MAXM86161/MAXM86161.o
 .debug_macro   0x0000000000000da7       0x8e ./Core/Src/MAXM86161/MAXM86161.o
 .debug_macro   0x0000000000000e35       0x51 ./Core/Src/MAXM86161/MAXM86161.o
 .debug_macro   0x0000000000000e86      0x103 ./Core/Src/MAXM86161/MAXM86161.o
 .debug_macro   0x0000000000000f89       0x6a ./Core/Src/MAXM86161/MAXM86161.o
 .debug_macro   0x0000000000000ff3      0x1df ./Core/Src/MAXM86161/MAXM86161.o
 .debug_macro   0x00000000000011d2       0x22 ./Core/Src/MAXM86161/MAXM86161.o
 .debug_macro   0x00000000000011f4       0x70 ./Core/Src/MAXM86161/MAXM86161.o
 .debug_macro   0x0000000000001264      0x29b ./Core/Src/MAXM86161/MAXM86161.o
 .debug_macro   0x00000000000014ff       0x2e ./Core/Src/MAXM86161/MAXM86161.o
 .debug_macro   0x000000000000152d       0x2f ./Core/Src/MAXM86161/MAXM86161.o
 .debug_macro   0x000000000000155c       0x1c ./Core/Src/MAXM86161/MAXM86161.o
 .debug_macro   0x0000000000001578       0x22 ./Core/Src/MAXM86161/MAXM86161.o
 .debug_macro   0x000000000000159a       0xdf ./Core/Src/MAXM86161/MAXM86161.o
 .debug_macro   0x0000000000001679     0x102d ./Core/Src/MAXM86161/MAXM86161.o
 .debug_macro   0x00000000000026a6      0x11f ./Core/Src/MAXM86161/MAXM86161.o
 .debug_macro   0x00000000000027c5    0x15e58 ./Core/Src/MAXM86161/MAXM86161.o
 .debug_macro   0x000000000001861d       0x6d ./Core/Src/MAXM86161/MAXM86161.o
 .debug_macro   0x000000000001868a     0x3666 ./Core/Src/MAXM86161/MAXM86161.o
 .debug_macro   0x000000000001bcf0      0x174 ./Core/Src/MAXM86161/MAXM86161.o
 .debug_macro   0x000000000001be64       0x5c ./Core/Src/MAXM86161/MAXM86161.o
 .debug_macro   0x000000000001bec0      0x96b ./Core/Src/MAXM86161/MAXM86161.o
 .debug_macro   0x000000000001c82b      0x9fe ./Core/Src/MAXM86161/MAXM86161.o
 .debug_macro   0x000000000001d229      0x116 ./Core/Src/MAXM86161/MAXM86161.o
 .debug_macro   0x000000000001d33f      0x13e ./Core/Src/MAXM86161/MAXM86161.o
 .debug_macro   0x000000000001d47d       0xa5 ./Core/Src/MAXM86161/MAXM86161.o
 .debug_macro   0x000000000001d522      0x174 ./Core/Src/MAXM86161/MAXM86161.o
 .debug_macro   0x000000000001d696      0x287 ./Core/Src/MAXM86161/MAXM86161.o
 .debug_macro   0x000000000001d91d       0x5f ./Core/Src/MAXM86161/MAXM86161.o
 .debug_macro   0x000000000001d97c      0x236 ./Core/Src/MAXM86161/MAXM86161.o
 .debug_macro   0x000000000001dbb2      0x12c ./Core/Src/MAXM86161/MAXM86161.o
 .debug_macro   0x000000000001dcde      0x21e ./Core/Src/MAXM86161/MAXM86161.o
 .debug_macro   0x000000000001defc       0x2e ./Core/Src/MAXM86161/MAXM86161.o
 .debug_macro   0x000000000001df2a      0x1b5 ./Core/Src/MAXM86161/MAXM86161.o
 .debug_macro   0x000000000001e0df       0xd6 ./Core/Src/MAXM86161/MAXM86161.o
 .debug_macro   0x000000000001e1b5      0x11a ./Core/Src/MAXM86161/MAXM86161.o
 .debug_macro   0x000000000001e2cf       0x7e ./Core/Src/MAXM86161/MAXM86161.o
 .debug_macro   0x000000000001e34d       0x89 ./Core/Src/MAXM86161/MAXM86161.o
 .debug_macro   0x000000000001e3d6      0x21e ./Core/Src/MAXM86161/MAXM86161.o
 .debug_macro   0x000000000001e5f4       0xba ./Core/Src/MAXM86161/MAXM86161.o
 .debug_macro   0x000000000001e6ae      0x12d ./Core/Src/MAXM86161/MAXM86161.o
 .debug_macro   0x000000000001e7db      0x190 ./Core/Src/MAXM86161/MAXM86161.o
 .debug_macro   0x000000000001e96b       0x52 ./Core/Src/MAXM86161/MAXM86161.o
 .debug_macro   0x000000000001e9bd       0x18 ./Core/Src/MAXM86161/MAXM86161.o
 .debug_macro   0x000000000001e9d5       0x3c ./Core/Src/MAXM86161/MAXM86161.o
 .debug_macro   0x000000000001ea11       0x34 ./Core/Src/MAXM86161/MAXM86161.o
 .debug_macro   0x000000000001ea45       0x16 ./Core/Src/MAXM86161/MAXM86161.o
 .debug_macro   0x000000000001ea5b       0x43 ./Core/Src/MAXM86161/MAXM86161.o
 .debug_macro   0x000000000001ea9e       0x34 ./Core/Src/MAXM86161/MAXM86161.o
 .debug_macro   0x000000000001ead2       0x10 ./Core/Src/MAXM86161/MAXM86161.o
 .debug_macro   0x000000000001eae2       0x58 ./Core/Src/MAXM86161/MAXM86161.o
 .debug_macro   0x000000000001eb3a       0x71 ./Core/Src/MAXM86161/MAXM86161.o
 .debug_macro   0x000000000001ebab       0x1c ./Core/Src/MAXM86161/MAXM86161.o
 .debug_macro   0x000000000001ebc7      0x12a ./Core/Src/MAXM86161/MAXM86161.o
 .debug_macro   0x000000000001ecf1      0x333 ./Core/Src/MAXM86161/MAXM86161.o
 .debug_macro   0x000000000001f024       0x10 ./Core/Src/MAXM86161/MAXM86161.o
 .debug_macro   0x000000000001f034       0x35 ./Core/Src/MAXM86161/MAXM86161.o
 .debug_macro   0x000000000001f069       0x20 ./Core/Src/MAXM86161/MAXM86161.o
 .debug_macro   0x000000000001f089      0x3fa ./Core/Src/main.o
 .debug_macro   0x000000000001f483       0x16 ./Core/Src/main.o
 .debug_macro   0x000000000001f499       0x10 ./Core/Src/main.o
 .debug_macro   0x000000000001f4a9       0x10 ./Core/Src/main.o
 .debug_macro   0x000000000001f4b9       0x1c ./Core/Src/main.o
 .debug_macro   0x000000000001f4d5       0x52 ./Core/Src/main.o
 .debug_macro   0x000000000001f527       0x22 ./Core/Src/main.o
 .debug_macro   0x000000000001f549       0x10 ./Core/Src/main.o
 .debug_macro   0x000000000001f559       0x40 ./Core/Src/main.o
 .debug_macro   0x000000000001f599       0xd5 ./Core/Src/main.o
 .debug_macro   0x000000000001f66e       0x1c ./Core/Src/main.o
 .debug_macro   0x000000000001f68a       0x3d ./Core/Src/main.o
 .debug_macro   0x000000000001f6c7       0x16 ./Core/Src/main.o
 .debug_macro   0x000000000001f6dd      0x145 ./Core/Src/main.o
 .debug_macro   0x000000000001f822       0x16 ./Core/Src/main.o
 .debug_macro   0x000000000001f838       0x16 ./Core/Src/main.o
 .debug_macro   0x000000000001f84e       0x29 ./Core/Src/main.o
 .debug_macro   0x000000000001f877       0x16 ./Core/Src/main.o
 .debug_macro   0x000000000001f88d       0x65 ./Core/Src/main.o
 .debug_macro   0x000000000001f8f2      0x1ef ./Core/Src/main.o
 .debug_macro   0x000000000001fae1      0x1fd ./Core/Src/stm32f4xx_hal_msp.o
 .debug_macro   0x000000000001fcde      0x207 ./Core/Src/stm32f4xx_it.o
 .debug_macro   0x000000000001fee5      0x1ee ./Core/Src/system_stm32f4xx.o
 .debug_macro   0x00000000000200d3      0x24e ./Drivers/STM32F4xx_HAL_Driver/Src/stm32f4xx_hal.o
 .debug_macro   0x0000000000020321      0x1ee ./Drivers/STM32F4xx_HAL_Driver/Src/stm32f4xx_hal_cortex.o
 .debug_macro   0x000000000002050f      0x1f4 ./Drivers/STM32F4xx_HAL_Driver/Src/stm32f4xx_hal_gpio.o
 .debug_macro   0x0000000000020703      0x235 ./Drivers/STM32F4xx_HAL_Driver/Src/stm32f4xx_hal_i2c.o
 .debug_macro   0x0000000000020938      0x1fa ./Drivers/STM32F4xx_HAL_Driver/Src/stm32f4xx_hal_pcd.o
 .debug_macro   0x0000000000020b32      0x1ee ./Drivers/STM32F4xx_HAL_Driver/Src/stm32f4xx_hal_pcd_ex.o
 .debug_macro   0x0000000000020d20      0x212 ./Drivers/STM32F4xx_HAL_Driver/Src/stm32f4xx_hal_rcc.o
 .debug_macro   0x0000000000020f32      0x1ee ./Drivers/STM32F4xx_HAL_Driver/Src/stm32f4xx_ll_usb.o
 .debug_macro   0x0000000000021120      0x413 ./Middlewares/ST/STM32_USB_Device_Library/Class/CDC/Src/usbd_cdc.o
 .debug_macro   0x0000000000021533       0x97 ./Middlewares/ST/STM32_USB_Device_Library/Class/CDC/Src/usbd_cdc.o
 .debug_macro   0x00000000000215ca       0xfd ./Middlewares/ST/STM32_USB_Device_Library/Class/CDC/Src/usbd_cdc.o
 .debug_macro   0x00000000000216c7       0xd9 ./Middlewares/ST/STM32_USB_Device_Library/Class/CDC/Src/usbd_cdc.o
 .debug_macro   0x00000000000217a0       0x56 ./Middlewares/ST/STM32_USB_Device_Library/Class/CDC/Src/usbd_cdc.o
 .debug_macro   0x00000000000217f6       0x95 ./Middlewares/ST/STM32_USB_Device_Library/Class/CDC/Src/usbd_cdc.o
 .debug_macro   0x000000000002188b      0x3fa ./Middlewares/ST/STM32_USB_Device_Library/Core/Src/usbd_core.o
 .debug_macro   0x0000000000021c85      0x1f5 ./Middlewares/ST/STM32_USB_Device_Library/Core/Src/usbd_core.o
 .debug_macro   0x0000000000021e7a      0x404 ./Middlewares/ST/STM32_USB_Device_Library/Core/Src/usbd_ctlreq.o
 .debug_macro   0x000000000002227e      0x400 ./Middlewares/ST/STM32_USB_Device_Library/Core/Src/usbd_ioreq.o
 .debug_macro   0x000000000002267e      0x433 ./USB_DEVICE/App/usb_device.o
 .debug_macro   0x0000000000022ab1      0x196 ./USB_DEVICE/App/usb_device.o
 .debug_macro   0x0000000000022c47       0x22 ./USB_DEVICE/App/usb_device.o
 .debug_macro   0x0000000000022c69       0x16 ./USB_DEVICE/App/usb_device.o
 .debug_macro   0x0000000000022c7f      0x41e ./USB_DEVICE/App/usbd_cdc_if.o
 .debug_macro   0x000000000002309d       0x10 ./USB_DEVICE/App/usbd_cdc_if.o
 .debug_macro   0x00000000000230ad      0x43d ./USB_DEVICE/App/usbd_desc.o
 .debug_macro   0x00000000000234ea       0x1c ./USB_DEVICE/App/usbd_desc.o
 .debug_macro   0x0000000000023506      0x417 ./USB_DEVICE/Target/usbd_conf.o

.debug_line     0x0000000000000000    0x1301a
 .debug_line    0x0000000000000000      0xa62 ./Core/Src/MAXM86161/MAXM86161.o
 .debug_line    0x0000000000000a62      0xbb3 ./Core/Src/main.o
 .debug_line    0x0000000000001615      0x756 ./Core/Src/stm32f4xx_hal_msp.o
 .debug_line    0x0000000000001d6b      0x7d0 ./Core/Src/stm32f4xx_it.o
 .debug_line    0x000000000000253b      0x777 ./Core/Src/system_stm32f4xx.o
 .debug_line    0x0000000000002cb2       0x88 ./Core/Startup/startup_stm32f407vgtx.o
 .debug_line    0x0000000000002d3a      0x9dd ./Drivers/STM32F4xx_HAL_Driver/Src/stm32f4xx_hal.o
 .debug_line    0x0000000000003717      0xc8c ./Drivers/STM32F4xx_HAL_Driver/Src/stm32f4xx_hal_cortex.o
 .debug_line    0x00000000000043a3      0xb53 ./Drivers/STM32F4xx_HAL_Driver/Src/stm32f4xx_hal_gpio.o
 .debug_line    0x0000000000004ef6     0x3989 ./Drivers/STM32F4xx_HAL_Driver/Src/stm32f4xx_hal_i2c.o
 .debug_line    0x000000000000887f     0x132a ./Drivers/STM32F4xx_HAL_Driver/Src/stm32f4xx_hal_pcd.o
 .debug_line    0x0000000000009ba9      0x7c0 ./Drivers/STM32F4xx_HAL_Driver/Src/stm32f4xx_hal_pcd_ex.o
 .debug_line    0x000000000000a369      0xd59 ./Drivers/STM32F4xx_HAL_Driver/Src/stm32f4xx_hal_rcc.o
 .debug_line    0x000000000000b0c2     0x196c ./Drivers/STM32F4xx_HAL_Driver/Src/stm32f4xx_ll_usb.o
 .debug_line    0x000000000000ca2e      0xdc3 ./Middlewares/ST/STM32_USB_Device_Library/Class/CDC/Src/usbd_cdc.o
 .debug_line    0x000000000000d7f1      0xe46 ./Middlewares/ST/STM32_USB_Device_Library/Core/Src/usbd_core.o
 .debug_line    0x000000000000e637     0x10c6 ./Middlewares/ST/STM32_USB_Device_Library/Core/Src/usbd_ctlreq.o
 .debug_line    0x000000000000f6fd      0xa9d ./Middlewares/ST/STM32_USB_Device_Library/Core/Src/usbd_ioreq.o
 .debug_line    0x000000000001019a      0xa59 ./USB_DEVICE/App/usb_device.o
 .debug_line    0x0000000000010bf3      0xabc ./USB_DEVICE/App/usbd_cdc_if.o
 .debug_line    0x00000000000116af      0xb22 ./USB_DEVICE/App/usbd_desc.o
 .debug_line    0x00000000000121d1      0xe49 ./USB_DEVICE/Target/usbd_conf.o

.debug_str      0x0000000000000000    0xc74f0
 .debug_str     0x0000000000000000    0xc1737 ./Core/Src/MAXM86161/MAXM86161.o
                                      0xc1a9b (size before relaxing)
 .debug_str     0x00000000000c1737     0x1cba ./Core/Src/main.o
                                      0xc3633 (size before relaxing)
 .debug_str     0x00000000000c33f1       0x53 ./Core/Src/stm32f4xx_hal_msp.o
                                      0xbe13d (size before relaxing)
 .debug_str     0x00000000000c3444      0x3fc ./Core/Src/stm32f4xx_it.o
                                      0xbdf12 (size before relaxing)
 .debug_str     0x00000000000c3840       0xaf ./Core/Src/system_stm32f4xx.o
                                      0xbd5dc (size before relaxing)
 .debug_str     0x00000000000c38ef       0x36 ./Core/Startup/startup_stm32f407vgtx.o
                                         0x7d (size before relaxing)
 .debug_str     0x00000000000c3925      0xa54 ./Drivers/STM32F4xx_HAL_Driver/Src/stm32f4xx_hal.o
                                      0xbe0be (size before relaxing)
 .debug_str     0x00000000000c4379      0x399 ./Drivers/STM32F4xx_HAL_Driver/Src/stm32f4xx_hal_cortex.o
                                      0xbdead (size before relaxing)
 .debug_str     0x00000000000c4712      0x15a ./Drivers/STM32F4xx_HAL_Driver/Src/stm32f4xx_hal_gpio.o
                                      0xbd783 (size before relaxing)
 .debug_str     0x00000000000c486c      0xaa6 ./Drivers/STM32F4xx_HAL_Driver/Src/stm32f4xx_hal_i2c.o
                                      0xbe55e (size before relaxing)
 .debug_str     0x00000000000c5312      0x564 ./Drivers/STM32F4xx_HAL_Driver/Src/stm32f4xx_hal_pcd.o
                                      0xbddc6 (size before relaxing)
 .debug_str     0x00000000000c5876      0x13f ./Drivers/STM32F4xx_HAL_Driver/Src/stm32f4xx_hal_pcd_ex.o
                                      0xbd991 (size before relaxing)
 .debug_str     0x00000000000c59b5      0x24e ./Drivers/STM32F4xx_HAL_Driver/Src/stm32f4xx_hal_rcc.o
                                      0xbd9de (size before relaxing)
 .debug_str     0x00000000000c5c03      0x6a3 ./Drivers/STM32F4xx_HAL_Driver/Src/stm32f4xx_ll_usb.o
                                      0xbdefd (size before relaxing)
 .debug_str     0x00000000000c62a6      0x929 ./Middlewares/ST/STM32_USB_Device_Library/Class/CDC/Src/usbd_cdc.o
                                      0xc3416 (size before relaxing)
 .debug_str     0x00000000000c6bcf      0x1a2 ./Middlewares/ST/STM32_USB_Device_Library/Core/Src/usbd_core.o
                                      0xc2ca2 (size before relaxing)
 .debug_str     0x00000000000c6d71      0x152 ./Middlewares/ST/STM32_USB_Device_Library/Core/Src/usbd_ctlreq.o
                                      0xc2c60 (size before relaxing)
 .debug_str     0x00000000000c6ec3       0xc9 ./Middlewares/ST/STM32_USB_Device_Library/Core/Src/usbd_ioreq.o
                                      0xc2bb0 (size before relaxing)
 .debug_str     0x00000000000c6f8c      0x118 ./USB_DEVICE/App/usb_device.o
                                      0xc2f3f (size before relaxing)
 .debug_str     0x00000000000c70a4       0x8a ./USB_DEVICE/App/usbd_cdc_if.o
                                      0xc2f91 (size before relaxing)
 .debug_str     0x00000000000c712e      0x26e ./USB_DEVICE/App/usbd_desc.o
                                      0xc2b02 (size before relaxing)
 .debug_str     0x00000000000c739c      0x154 ./USB_DEVICE/Target/usbd_conf.o
                                      0xc3b40 (size before relaxing)

.comment        0x0000000000000000       0x53
 .comment       0x0000000000000000       0x53 ./Core/Src/MAXM86161/MAXM86161.o
                                         0x54 (size before relaxing)
 .comment       0x0000000000000053       0x54 ./Core/Src/main.o
 .comment       0x0000000000000053       0x54 ./Core/Src/stm32f4xx_hal_msp.o
 .comment       0x0000000000000053       0x54 ./Core/Src/stm32f4xx_it.o
 .comment       0x0000000000000053       0x54 ./Core/Src/system_stm32f4xx.o
 .comment       0x0000000000000053       0x54 ./Drivers/STM32F4xx_HAL_Driver/Src/stm32f4xx_hal.o
 .comment       0x0000000000000053       0x54 ./Drivers/STM32F4xx_HAL_Driver/Src/stm32f4xx_hal_cortex.o
 .comment       0x0000000000000053       0x54 ./Drivers/STM32F4xx_HAL_Driver/Src/stm32f4xx_hal_gpio.o
 .comment       0x0000000000000053       0x54 ./Drivers/STM32F4xx_HAL_Driver/Src/stm32f4xx_hal_i2c.o
 .comment       0x0000000000000053       0x54 ./Drivers/STM32F4xx_HAL_Driver/Src/stm32f4xx_hal_pcd.o
 .comment       0x0000000000000053       0x54 ./Drivers/STM32F4xx_HAL_Driver/Src/stm32f4xx_hal_pcd_ex.o
 .comment       0x0000000000000053       0x54 ./Drivers/STM32F4xx_HAL_Driver/Src/stm32f4xx_hal_rcc.o
 .comment       0x0000000000000053       0x54 ./Drivers/STM32F4xx_HAL_Driver/Src/stm32f4xx_ll_usb.o
 .comment       0x0000000000000053       0x54 ./Middlewares/ST/STM32_USB_Device_Library/Class/CDC/Src/usbd_cdc.o
 .comment       0x0000000000000053       0x54 ./Middlewares/ST/STM32_USB_Device_Library/Core/Src/usbd_core.o
 .comment       0x0000000000000053       0x54 ./Middlewares/ST/STM32_USB_Device_Library/Core/Src/usbd_ctlreq.o
 .comment       0x0000000000000053       0x54 ./Middlewares/ST/STM32_USB_Device_Library/Core/Src/usbd_ioreq.o
 .comment       0x0000000000000053       0x54 ./USB_DEVICE/App/usb_device.o
 .comment       0x0000000000000053       0x54 ./USB_DEVICE/App/usbd_cdc_if.o
 .comment       0x0000000000000053       0x54 ./USB_DEVICE/App/usbd_desc.o
 .comment       0x0000000000000053       0x54 ./USB_DEVICE/Target/usbd_conf.o

.debug_frame    0x0000000000000000     0x395c
 .debug_frame   0x0000000000000000      0x13c ./Core/Src/MAXM86161/MAXM86161.o
 .debug_frame   0x000000000000013c       0xb0 ./Core/Src/main.o
 .debug_frame   0x00000000000001ec       0x7c ./Core/Src/stm32f4xx_hal_msp.o
 .debug_frame   0x0000000000000268      0x120 ./Core/Src/stm32f4xx_it.o
 .debug_frame   0x0000000000000388       0x58 ./Core/Src/system_stm32f4xx.o
 .debug_frame   0x00000000000003e0      0x374 ./Drivers/STM32F4xx_HAL_Driver/Src/stm32f4xx_hal.o
 .debug_frame   0x0000000000000754      0x498 ./Drivers/STM32F4xx_HAL_Driver/Src/stm32f4xx_hal_cortex.o
 .debug_frame   0x0000000000000bec      0x14c ./Drivers/STM32F4xx_HAL_Driver/Src/stm32f4xx_hal_gpio.o
 .debug_frame   0x0000000000000d38      0xc5c ./Drivers/STM32F4xx_HAL_Driver/Src/stm32f4xx_hal_i2c.o
 .debug_frame   0x0000000000001994      0x574 ./Drivers/STM32F4xx_HAL_Driver/Src/stm32f4xx_hal_pcd.o
 .debug_frame   0x0000000000001f08       0xb0 ./Drivers/STM32F4xx_HAL_Driver/Src/stm32f4xx_hal_pcd_ex.o
 .debug_frame   0x0000000000001fb8      0x1f0 ./Drivers/STM32F4xx_HAL_Driver/Src/stm32f4xx_hal_rcc.o
 .debug_frame   0x00000000000021a8      0x798 ./Drivers/STM32F4xx_HAL_Driver/Src/stm32f4xx_ll_usb.o
 .debug_frame   0x0000000000002940      0x248 ./Middlewares/ST/STM32_USB_Device_Library/Class/CDC/Src/usbd_cdc.o
 .debug_frame   0x0000000000002b88      0x2f4 ./Middlewares/ST/STM32_USB_Device_Library/Core/Src/usbd_core.o
 .debug_frame   0x0000000000002e7c      0x23c ./Middlewares/ST/STM32_USB_Device_Library/Core/Src/usbd_ctlreq.o
 .debug_frame   0x00000000000030b8      0x10c ./Middlewares/ST/STM32_USB_Device_Library/Core/Src/usbd_ioreq.o
 .debug_frame   0x00000000000031c4       0x2c ./USB_DEVICE/App/usb_device.o
 .debug_frame   0x00000000000031f0       0xe4 ./USB_DEVICE/App/usbd_cdc_if.o
 .debug_frame   0x00000000000032d4      0x160 ./USB_DEVICE/App/usbd_desc.o
 .debug_frame   0x0000000000003434      0x47c ./USB_DEVICE/Target/usbd_conf.o