Archive member included to satisfy reference by file (symbol)

c:/st/stm32cubeide_1.7.0/stm32cubeide/plugins/com.st.stm32cube.ide.mcu.externaltools.gnu-tools-for-stm32.9-2020-q2-update.win32_2.0.0.202105311346/tools/bin/../lib/gcc/arm-none-eabi/9.3.1/../../../../arm-none-eabi/lib/thumb/v7e-m+fp/hard\libc_nano.a(lib_a-errno.o)
                              ./Core/Src/syscalls.o (__errno)
c:/st/stm32cubeide_1.7.0/stm32cubeide/plugins/com.st.stm32cube.ide.mcu.externaltools.gnu-tools-for-stm32.9-2020-q2-update.win32_2.0.0.202105311346/tools/bin/../lib/gcc/arm-none-eabi/9.3.1/../../../../arm-none-eabi/lib/thumb/v7e-m+fp/hard\libc_nano.a(lib_a-exit.o)
                              c:/st/stm32cubeide_1.7.0/stm32cubeide/plugins/com.st.stm32cube.ide.mcu.externaltools.gnu-tools-for-stm32.9-2020-q2-update.win32_2.0.0.202105311346/tools/bin/../lib/gcc/arm-none-eabi/9.3.1/../../../../arm-none-eabi/lib/thumb/v7e-m+fp/hard/crt0.o (exit)
c:/st/stm32cubeide_1.7.0/stm32cubeide/plugins/com.st.stm32cube.ide.mcu.externaltools.gnu-tools-for-stm32.9-2020-q2-update.win32_2.0.0.202105311346/tools/bin/../lib/gcc/arm-none-eabi/9.3.1/../../../../arm-none-eabi/lib/thumb/v7e-m+fp/hard\libc_nano.a(lib_a-impure.o)
                              c:/st/stm32cubeide_1.7.0/stm32cubeide/plugins/com.st.stm32cube.ide.mcu.externaltools.gnu-tools-for-stm32.9-2020-q2-update.win32_2.0.0.202105311346/tools/bin/../lib/gcc/arm-none-eabi/9.3.1/../../../../arm-none-eabi/lib/thumb/v7e-m+fp/hard\libc_nano.a(lib_a-exit.o) (_global_impure_ptr)
c:/st/stm32cubeide_1.7.0/stm32cubeide/plugins/com.st.stm32cube.ide.mcu.externaltools.gnu-tools-for-stm32.9-2020-q2-update.win32_2.0.0.202105311346/tools/bin/../lib/gcc/arm-none-eabi/9.3.1/../../../../arm-none-eabi/lib/thumb/v7e-m+fp/hard\libc_nano.a(lib_a-init.o)
                              c:/st/stm32cubeide_1.7.0/stm32cubeide/plugins/com.st.stm32cube.ide.mcu.externaltools.gnu-tools-for-stm32.9-2020-q2-update.win32_2.0.0.202105311346/tools/bin/../lib/gcc/arm-none-eabi/9.3.1/../../../../arm-none-eabi/lib/thumb/v7e-m+fp/hard/crt0.o (__libc_init_array)
c:/st/stm32cubeide_1.7.0/stm32cubeide/plugins/com.st.stm32cube.ide.mcu.externaltools.gnu-tools-for-stm32.9-2020-q2-update.win32_2.0.0.202105311346/tools/bin/../lib/gcc/arm-none-eabi/9.3.1/../../../../arm-none-eabi/lib/thumb/v7e-m+fp/hard\libc_nano.a(lib_a-memset.o)
                              c:/st/stm32cubeide_1.7.0/stm32cubeide/plugins/com.st.stm32cube.ide.mcu.externaltools.gnu-tools-for-stm32.9-2020-q2-update.win32_2.0.0.202105311346/tools/bin/../lib/gcc/arm-none-eabi/9.3.1/../../../../arm-none-eabi/lib/thumb/v7e-m+fp/hard/crt0.o (memset)
c:/st/stm32cubeide_1.7.0/stm32cubeide/plugins/com.st.stm32cube.ide.mcu.externaltools.gnu-tools-for-stm32.9-2020-q2-update.win32_2.0.0.202105311346/tools/bin/../lib/gcc/arm-none-eabi/9.3.1/thumb/v7e-m+fp/hard\libgcc.a(_aeabi_uldivmod.o)
                              ./Drivers/STM32F4xx_HAL_Driver/Src/stm32f4xx_hal_rcc.o (__aeabi_uldivmod)
c:/st/stm32cubeide_1.7.0/stm32cubeide/plugins/com.st.stm32cube.ide.mcu.externaltools.gnu-tools-for-stm32.9-2020-q2-update.win32_2.0.0.202105311346/tools/bin/../lib/gcc/arm-none-eabi/9.3.1/thumb/v7e-m+fp/hard\libgcc.a(_udivmoddi4.o)
                              c:/st/stm32cubeide_1.7.0/stm32cubeide/plugins/com.st.stm32cube.ide.mcu.externaltools.gnu-tools-for-stm32.9-2020-q2-update.win32_2.0.0.202105311346/tools/bin/../lib/gcc/arm-none-eabi/9.3.1/thumb/v7e-m+fp/hard\libgcc.a(_aeabi_uldivmod.o) (__udivmoddi4)
c:/st/stm32cubeide_1.7.0/stm32cubeide/plugins/com.st.stm32cube.ide.mcu.externaltools.gnu-tools-for-stm32.9-2020-q2-update.win32_2.0.0.202105311346/tools/bin/../lib/gcc/arm-none-eabi/9.3.1/thumb/v7e-m+fp/hard\libgcc.a(_dvmd_tls.o)
                              c:/st/stm32cubeide_1.7.0/stm32cubeide/plugins/com.st.stm32cube.ide.mcu.externaltools.gnu-tools-for-stm32.9-2020-q2-update.win32_2.0.0.202105311346/tools/bin/../lib/gcc/arm-none-eabi/9.3.1/thumb/v7e-m+fp/hard\libgcc.a(_aeabi_uldivmod.o) (__aeabi_ldiv0)

Allocating common symbols
Common symbol       size              file

hUsbDeviceFS        0x2d0             ./USB_DEVICE/App/usb_device.o
hi2c3               0x54              ./Core/Src/main.o
hpcd_USB_OTG_FS     0x408             ./USB_DEVICE/Target/usbd_conf.o
uwTick              0x4               ./Drivers/STM32F4xx_HAL_Driver/Src/stm32f4xx_hal.o
ppg_config          0xc               ./Core/Src/MAX86916/MAX86916.o
pFlash              0x20              ./Drivers/STM32F4xx_HAL_Driver/Src/stm32f4xx_hal_flash.o
UserRxBufferFS      0x800             ./USB_DEVICE/App/usbd_cdc_if.o
UserTxBufferFS      0x800             ./USB_DEVICE/App/usbd_cdc_if.o
USBD_StrDesc        0x200             ./USB_DEVICE/App/usbd_desc.o

Discarded input sections

[...]
Memory Configuration

Name             Origin             Length             Attributes
CCMRAM           0x0000000010000000 0x0000000000010000 xrw
RAM              0x0000000020000000 0x0000000000020000 xrw
FLASH            0x0000000008000000 0x0000000000100000 xr
*default*        0x0000000000000000 0xffffffffffffffff

Linker script and memory map

LOAD c:/st/stm32cubeide_1.7.0/stm32cubeide/plugins/com.st.stm32cube.ide.mcu.externaltools.gnu-tools-for-stm32.9-2020-q2-update.win32_2.0.0.202105311346/tools/bin/../lib/gcc/arm-none-eabi/9.3.1/thumb/v7e-m+fp/hard/crti.o
LOAD c:/st/stm32cubeide_1.7.0/stm32cubeide/plugins/com.st.stm32cube.ide.mcu.externaltools.gnu-tools-for-stm32.9-2020-q2-update.win32_2.0.0.202105311346/tools/bin/../lib/gcc/arm-none-eabi/9.3.1/thumb/v7e-m+fp/hard/crtbegin.o
LOAD c:/st/stm32cubeide_1.7.0/stm32cubeide/plugins/com.st.stm32cube.ide.mcu.externaltools.gnu-tools-for-stm32.9-2020-q2-update.win32_2.0.0.202105311346/tools/bin/../lib/gcc/arm-none-eabi/9.3.1/../../../../arm-none-eabi/lib/thumb/v7e-m+fp/hard/crt0.o
LOAD ./Core/Src/MAX86916/MAX86916.o
LOAD ./Core/Src/main.o
LOAD ./Core/Src/stm32f4xx_hal_msp.o
LOAD ./Core/Src/stm32f4xx_it.o
LOAD ./Core/Src/syscalls.o
LOAD ./Core/Src/sysmem.o
LOAD ./Core/Src/system_stm32f4xx.o
LOAD ./Core/Startup/startup_stm32f407vgtx.o
LOAD ./Drivers/STM32F4xx_HAL_Driver/Src/stm32f4xx_hal.o
LOAD ./Drivers/STM32F4xx_HAL_Driver/Src/stm32f4xx_hal_cortex.o
LOAD ./Drivers/STM32F4xx_HAL_Driver/Src/stm32f4xx_hal_dma.o
LOAD ./Drivers/STM32F4xx_HAL_Driver/Src/stm32f4xx_hal_dma_ex.o
LOAD ./Drivers/STM32F4xx_HAL_Driver/Src/stm32f4xx_hal_exti.o
LOAD ./Drivers/STM32F4xx_HAL_Driver/Src/stm32f4xx_hal_flash.o
LOAD ./Drivers/STM32F4xx_HAL_Driver/Src/stm32f4xx_hal_flash_ex.o
LOAD ./Drivers/STM32F4xx_HAL_Driver/Src/stm32f4xx_hal_flash_ramfunc.o
LOAD ./Drivers/STM32F4xx_HAL_Driver/Src/stm32f4xx_hal_gpio.o
LOAD ./Drivers/STM32F4xx_HAL_Driver/Src/stm32f4xx_hal_i2c.o
LOAD ./Drivers/STM32F4xx_HAL_Driver/Src/stm32f4xx_hal_i2c_ex.o
LOAD ./Drivers/STM32F4xx_HAL_Driver/Src/stm32f4xx_hal_pcd.o
LOAD ./Drivers/STM32F4xx_HAL_Driver/Src/stm32f4xx_hal_pcd_ex.o
LOAD ./Drivers/STM32F4xx_HAL_Driver/Src/stm32f4xx_hal_pwr.o
LOAD ./Drivers/STM32F4xx_HAL_Driver/Src/stm32f4xx_hal_pwr_ex.o
LOAD ./Drivers/STM32F4xx_HAL_Driver/Src/stm32f4xx_hal_rcc.o
LOAD ./Drivers/STM32F4xx_HAL_Driver/Src/stm32f4xx_hal_rcc_ex.o
LOAD ./Drivers/STM32F4xx_HAL_Driver/Src/stm32f4xx_hal_tim.o
LOAD ./Drivers/STM32F4xx_HAL_Driver/Src/stm32f4xx_hal_tim_ex.o
LOAD ./Drivers/STM32F4xx_HAL_Driver/Src/stm32f4xx_ll_usb.o
LOAD ./Middlewares/ST/STM32_USB_Device_Library/Class/CDC/Src/usbd_cdc.o
LOAD ./Middlewares/ST/STM32_USB_Device_Library/Core/Src/usbd_core.o
LOAD ./Middlewares/ST/STM32_USB_Device_Library/Core/Src/usbd_ctlreq.o
LOAD ./Middlewares/ST/STM32_USB_Device_Library/Core/Src/usbd_ioreq.o
LOAD ./USB_DEVICE/App/usb_device.o
LOAD ./USB_DEVICE/App/usbd_cdc_if.o
LOAD ./USB_DEVICE/App/usbd_desc.o
LOAD ./USB_DEVICE/Target/usbd_conf.o
START GROUP
LOAD c:/st/stm32cubeide_1.7.0/stm32cubeide/plugins/com.st.stm32cube.ide.mcu.externaltools.gnu-tools-for-stm32.9-2020-q2-update.win32_2.0.0.202105311346/tools/bin/../lib/gcc/arm-none-eabi/9.3.1/../../../../arm-none-eabi/lib/thumb/v7e-m+fp/hard\libc_nano.a
LOAD c:/st/stm32cubeide_1.7.0/stm32cubeide/plugins/com.st.stm32cube.ide.mcu.externaltools.gnu-tools-for-stm32.9-2020-q2-update.win32_2.0.0.202105311346/tools/bin/../lib/gcc/arm-none-eabi/9.3.1/../../../../arm-none-eabi/lib/thumb/v7e-m+fp/hard\libm.a
END GROUP
START GROUP
LOAD c:/st/stm32cubeide_1.7.0/stm32cubeide/plugins/com.st.stm32cube.ide.mcu.externaltools.gnu-tools-for-stm32.9-2020-q2-update.win32_2.0.0.202105311346/tools/bin/../lib/gcc/arm-none-eabi/9.3.1/thumb/v7e-m+fp/hard\libgcc.a
LOAD c:/st/stm32cubeide_1.7.0/stm32cubeide/plugins/com.st.stm32cube.ide.mcu.externaltools.gnu-tools-for-stm32.9-2020-q2-update.win32_2.0.0.202105311346/tools/bin/../lib/gcc/arm-none-eabi/9.3.1/../../../../arm-none-eabi/lib/thumb/v7e-m+fp/hard\libc_nano.a
END GROUP
START GROUP
LOAD c:/st/stm32cubeide_1.7.0/stm32cubeide/plugins/com.st.stm32cube.ide.mcu.externaltools.gnu-tools-for-stm32.9-2020-q2-update.win32_2.0.0.202105311346/tools/bin/../lib/gcc/arm-none-eabi/9.3.1/thumb/v7e-m+fp/hard\libgcc.a
LOAD c:/st/stm32cubeide_1.7.0/stm32cubeide/plugins/com.st.stm32cube.ide.mcu.externaltools.gnu-tools-for-stm32.9-2020-q2-update.win32_2.0.0.202105311346/tools/bin/../lib/gcc/arm-none-eabi/9.3.1/../../../../arm-none-eabi/lib/thumb/v7e-m+fp/hard\libc_nano.a
LOAD c:/st/stm32cubeide_1.7.0/stm32cubeide/plugins/com.st.stm32cube.ide.mcu.externaltools.gnu-tools-for-stm32.9-2020-q2-update.win32_2.0.0.202105311346/tools/bin/../lib/gcc/arm-none-eabi/9.3.1/../../../../arm-none-eabi/lib/thumb/v7e-m+fp/hard\libnosys.a
END GROUP
START GROUP
LOAD c:/st/stm32cubeide_1.7.0/stm32cubeide/plugins/com.st.stm32cube.ide.mcu.externaltools.gnu-tools-for-stm32.9-2020-q2-update.win32_2.0.0.202105311346/tools/bin/../lib/gcc/arm-none-eabi/9.3.1/thumb/v7e-m+fp/hard\libgcc.a
LOAD c:/st/stm32cubeide_1.7.0/stm32cubeide/plugins/com.st.stm32cube.ide.mcu.externaltools.gnu-tools-for-stm32.9-2020-q2-update.win32_2.0.0.202105311346/tools/bin/../lib/gcc/arm-none-eabi/9.3.1/../../../../arm-none-eabi/lib/thumb/v7e-m+fp/hard\libc_nano.a
LOAD c:/st/stm32cubeide_1.7.0/stm32cubeide/plugins/com.st.stm32cube.ide.mcu.externaltools.gnu-tools-for-stm32.9-2020-q2-update.win32_2.0.0.202105311346/tools/bin/../lib/gcc/arm-none-eabi/9.3.1/../../../../arm-none-eabi/lib/thumb/v7e-m+fp/hard\libnosys.a
END GROUP
LOAD c:/st/stm32cubeide_1.7.0/stm32cubeide/plugins/com.st.stm32cube.ide.mcu.externaltools.gnu-tools-for-stm32.9-2020-q2-update.win32_2.0.0.202105311346/tools/bin/../lib/gcc/arm-none-eabi/9.3.1/thumb/v7e-m+fp/hard/crtend.o
LOAD c:/st/stm32cubeide_1.7.0/stm32cubeide/plugins/com.st.stm32cube.ide.mcu.externaltools.gnu-tools-for-stm32.9-2020-q2-update.win32_2.0.0.202105311346/tools/bin/../lib/gcc/arm-none-eabi/9.3.1/thumb/v7e-m+fp/hard/crtn.o
                0x0000000020020000                _estack = (ORIGIN (RAM) + LENGTH (RAM))
                0x0000000000000200                _Min_Heap_Size = 0x200
                0x0000000000000400                _Min_Stack_Size = 0x400

.isr_vector     0x0000000008000000      0x188
                0x0000000008000000                . = ALIGN (0x4)
 *(.isr_vector)
 .isr_vector    0x0000000008000000      0x188 ./Core/Startup/startup_stm32f407vgtx.o
                0x0000000008000000                g_pfnVectors
                0x0000000008000188                . = ALIGN (0x4)

.text           0x0000000008000188     0x7e00
                0x0000000008000188                . = ALIGN (0x4)
 *(.text)
 .text          0x0000000008000188       0x40 c:/st/stm32cubeide_1.7.0/stm32cubeide/plugins/com.st.stm32cube.ide.mcu.externaltools.gnu-tools-for-stm32.9-2020-q2-update.win32_2.0.0.202105311346/tools/bin/../lib/gcc/arm-none-eabi/9.3.1/thumb/v7e-m+fp/hard/crtbegin.o
 .text          0x00000000080001c8       0x30 c:/st/stm32cubeide_1.7.0/stm32cubeide/plugins/com.st.stm32cube.ide.mcu.externaltools.gnu-tools-for-stm32.9-2020-q2-update.win32_2.0.0.202105311346/tools/bin/../lib/gcc/arm-none-eabi/9.3.1/thumb/v7e-m+fp/hard\libgcc.a(_aeabi_uldivmod.o)
                0x00000000080001c8                __aeabi_uldivmod
 .text          0x00000000080001f8      0x2c4 c:/st/stm32cubeide_1.7.0/stm32cubeide/plugins/com.st.stm32cube.ide.mcu.externaltools.gnu-tools-for-stm32.9-2020-q2-update.win32_2.0.0.202105311346/tools/bin/../lib/gcc/arm-none-eabi/9.3.1/thumb/v7e-m+fp/hard\libgcc.a(_udivmoddi4.o)
                0x00000000080001f8                __udivmoddi4
 .text          0x00000000080004bc        0x4 c:/st/stm32cubeide_1.7.0/stm32cubeide/plugins/com.st.stm32cube.ide.mcu.externaltools.gnu-tools-for-stm32.9-2020-q2-update.win32_2.0.0.202105311346/tools/bin/../lib/gcc/arm-none-eabi/9.3.1/thumb/v7e-m+fp/hard\libgcc.a(_dvmd_tls.o)
                0x00000000080004bc                __aeabi_idiv0
                0x00000000080004bc                __aeabi_ldiv0
 *(.text*)
 .text.MAX86916_I2C_Write
                0x00000000080004c0       0xb8 ./Core/Src/MAX86916/MAX86916.o
                0x00000000080004c0                MAX86916_I2C_Write
 .text.MAX86916_I2C_Read
                0x0000000008000578       0x7c ./Core/Src/MAX86916/MAX86916.o
                0x0000000008000578                MAX86916_I2C_Read
 .text.MAX86916_Read_Part_ID
                0x00000000080005f4       0x1c ./Core/Src/MAX86916/MAX86916.o
                0x00000000080005f4                MAX86916_Read_Part_ID
 .text.MAX86916_Check
                0x0000000008000610      0x164 ./Core/Src/MAX86916/MAX86916.o
                0x0000000008000610                MAX86916_Check
 .text.MAX86916_Config
                0x0000000008000774      0x2a0 ./Core/Src/MAX86916/MAX86916.o
                0x0000000008000774                MAX86916_Config
 .text.MAX86916_Read_Sample_Flex_Mode
                0x0000000008000a14       0xb4 ./Core/Src/MAX86916/MAX86916.o
                0x0000000008000a14                MAX86916_Read_Sample_Flex_Mode
 .text.MAX86916_Clear_Fifo
                0x0000000008000ac8       0x72 ./Core/Src/MAX86916/MAX86916.o
                0x0000000008000ac8                MAX86916_Clear_Fifo
 *fill*         0x0000000008000b3a        0x2 
 .text.main     0x0000000008000b3c      0x120 ./Core/Src/main.o
                0x0000000008000b3c                main
 .text.SystemClock_Config
                0x0000000008000c5c       0xd8 ./Core/Src/main.o
                0x0000000008000c5c                SystemClock_Config
 .text.MX_I2C3_Init
                0x0000000008000d34       0x5c ./Core/Src/main.o
 .text.MX_GPIO_Init
                0x0000000008000d90      0x290 ./Core/Src/main.o
 .text.ReadAndSendDataFromPPG
                0x0000000008001020       0x80 ./Core/Src/main.o
                0x0000000008001020                ReadAndSendDataFromPPG
 .text.Error_Handler
                0x00000000080010a0        0xa ./Core/Src/main.o
                0x00000000080010a0                Error_Handler
 *fill*         0x00000000080010aa        0x2 
 .text.HAL_MspInit
                0x00000000080010ac       0x50 ./Core/Src/stm32f4xx_hal_msp.o
                0x00000000080010ac                HAL_MspInit
 .text.HAL_I2C_MspInit
                0x00000000080010fc       0xd4 ./Core/Src/stm32f4xx_hal_msp.o
                0x00000000080010fc                HAL_I2C_MspInit
 .text.NMI_Handler
                0x00000000080011d0        0x6 ./Core/Src/stm32f4xx_it.o
                0x00000000080011d0                NMI_Handler
 .text.HardFault_Handler
                0x00000000080011d6        0x6 ./Core/Src/stm32f4xx_it.o
                0x00000000080011d6                HardFault_Handler
 .text.MemManage_Handler
                0x00000000080011dc        0x6 ./Core/Src/stm32f4xx_it.o
                0x00000000080011dc                MemManage_Handler
 .text.BusFault_Handler
                0x00000000080011e2        0x6 ./Core/Src/stm32f4xx_it.o
                0x00000000080011e2                BusFault_Handler
 .text.UsageFault_Handler
                0x00000000080011e8        0x6 ./Core/Src/stm32f4xx_it.o
                0x00000000080011e8                UsageFault_Handler
 .text.SVC_Handler
                0x00000000080011ee        0xe ./Core/Src/stm32f4xx_it.o
                0x00000000080011ee                SVC_Handler
 .text.DebugMon_Handler
                0x00000000080011fc        0xe ./Core/Src/stm32f4xx_it.o
                0x00000000080011fc                DebugMon_Handler
 .text.PendSV_Handler
                0x000000000800120a        0xe ./Core/Src/stm32f4xx_it.o
                0x000000000800120a                PendSV_Handler
 .text.SysTick_Handler
                0x0000000008001218        0xc ./Core/Src/stm32f4xx_it.o
                0x0000000008001218                SysTick_Handler
 .text.EXTI0_IRQHandler
                0x0000000008001224        0xe ./Core/Src/stm32f4xx_it.o
                0x0000000008001224                EXTI0_IRQHandler
 *fill*         0x0000000008001232        0x2 
 .text.OTG_FS_IRQHandler
                0x0000000008001234       0x14 ./Core/Src/stm32f4xx_it.o
                0x0000000008001234                OTG_FS_IRQHandler
 .text.SystemInit
                0x0000000008001248       0x24 ./Core/Src/system_stm32f4xx.o
                0x0000000008001248                SystemInit
 .text.Reset_Handler
                0x000000000800126c       0x50 ./Core/Startup/startup_stm32f407vgtx.o
                0x000000000800126c                Reset_Handler
 .text.Default_Handler
                0x00000000080012bc        0x2 ./Core/Startup/startup_stm32f407vgtx.o
                0x00000000080012bc                RTC_Alarm_IRQHandler
                0x00000000080012bc                HASH_RNG_IRQHandler
                0x00000000080012bc                EXTI2_IRQHandler
                0x00000000080012bc                TIM8_CC_IRQHandler
                0x00000000080012bc                TIM1_CC_IRQHandler
                0x00000000080012bc                DMA2_Stream5_IRQHandler
                0x00000000080012bc                DMA1_Stream5_IRQHandler
                0x00000000080012bc                PVD_IRQHandler
                0x00000000080012bc                SDIO_IRQHandler
                0x00000000080012bc                TAMP_STAMP_IRQHandler
                0x00000000080012bc                CAN2_RX1_IRQHandler
                0x00000000080012bc                EXTI3_IRQHandler
                0x00000000080012bc                TIM8_TRG_COM_TIM14_IRQHandler
                0x00000000080012bc                TIM1_UP_TIM10_IRQHandler
                0x00000000080012bc                TIM8_UP_TIM13_IRQHandler
                0x00000000080012bc                I2C3_ER_IRQHandler
                0x00000000080012bc                I2C2_EV_IRQHandler
                0x00000000080012bc                DMA1_Stream2_IRQHandler
                0x00000000080012bc                CAN1_RX0_IRQHandler
                0x00000000080012bc                FPU_IRQHandler
                0x00000000080012bc                OTG_HS_WKUP_IRQHandler
                0x00000000080012bc                CAN2_SCE_IRQHandler
                0x00000000080012bc                DMA2_Stream2_IRQHandler
                0x00000000080012bc                SPI1_IRQHandler
                0x00000000080012bc                TIM6_DAC_IRQHandler
                0x00000000080012bc                TIM1_BRK_TIM9_IRQHandler
                0x00000000080012bc                DCMI_IRQHandler
                0x00000000080012bc                CAN2_RX0_IRQHandler
                0x00000000080012bc                DMA2_Stream3_IRQHandler
                0x00000000080012bc                USART6_IRQHandler
                0x00000000080012bc                USART3_IRQHandler
                0x00000000080012bc                CAN1_RX1_IRQHandler
                0x00000000080012bc                UART5_IRQHandler
                0x00000000080012bc                DMA2_Stream0_IRQHandler
                0x00000000080012bc                TIM4_IRQHandler
                0x00000000080012bc                I2C1_EV_IRQHandler
                0x00000000080012bc                DMA1_Stream6_IRQHandler
                0x00000000080012bc                DMA1_Stream1_IRQHandler
                0x00000000080012bc                UART4_IRQHandler
                0x00000000080012bc                TIM3_IRQHandler
                0x00000000080012bc                RCC_IRQHandler
                0x00000000080012bc                TIM8_BRK_TIM12_IRQHandler
                0x00000000080012bc                Default_Handler
                0x00000000080012bc                EXTI15_10_IRQHandler
                0x00000000080012bc                ADC_IRQHandler
                0x00000000080012bc                DMA1_Stream7_IRQHandler
                0x00000000080012bc                TIM7_IRQHandler
                0x00000000080012bc                CAN2_TX_IRQHandler
                0x00000000080012bc                TIM5_IRQHandler
                0x00000000080012bc                DMA2_Stream7_IRQHandler
                0x00000000080012bc                I2C3_EV_IRQHandler
                0x00000000080012bc                EXTI9_5_IRQHandler
                0x00000000080012bc                RTC_WKUP_IRQHandler
                0x00000000080012bc                ETH_WKUP_IRQHandler
                0x00000000080012bc                SPI2_IRQHandler
                0x00000000080012bc                OTG_HS_EP1_IN_IRQHandler
                0x00000000080012bc                DMA1_Stream0_IRQHandler
                0x00000000080012bc                CAN1_TX_IRQHandler
                0x00000000080012bc                EXTI4_IRQHandler
                0x00000000080012bc                FSMC_IRQHandler
                0x00000000080012bc                ETH_IRQHandler
                0x00000000080012bc                OTG_HS_EP1_OUT_IRQHandler
                0x00000000080012bc                WWDG_IRQHandler
                0x00000000080012bc                TIM2_IRQHandler
                0x00000000080012bc                OTG_FS_WKUP_IRQHandler
                0x00000000080012bc                TIM1_TRG_COM_TIM11_IRQHandler
                0x00000000080012bc                OTG_HS_IRQHandler
                0x00000000080012bc                EXTI1_IRQHandler
                0x00000000080012bc                USART2_IRQHandler
                0x00000000080012bc                I2C2_ER_IRQHandler
                0x00000000080012bc                DMA2_Stream1_IRQHandler
                0x00000000080012bc                CAN1_SCE_IRQHandler
                0x00000000080012bc                FLASH_IRQHandler
                0x00000000080012bc                DMA2_Stream4_IRQHandler
                0x00000000080012bc                USART1_IRQHandler
                0x00000000080012bc                SPI3_IRQHandler
                0x00000000080012bc                DMA1_Stream4_IRQHandler
                0x00000000080012bc                I2C1_ER_IRQHandler
                0x00000000080012bc                DMA2_Stream6_IRQHandler
                0x00000000080012bc                DMA1_Stream3_IRQHandler
 *fill*         0x00000000080012be        0x2 
 .text.HAL_Init
                0x00000000080012c0       0x44 ./Drivers/STM32F4xx_HAL_Driver/Src/stm32f4xx_hal.o
                0x00000000080012c0                HAL_Init
 .text.HAL_InitTick
                0x0000000008001304       0x60 ./Drivers/STM32F4xx_HAL_Driver/Src/stm32f4xx_hal.o
                0x0000000008001304                HAL_InitTick
 .text.HAL_IncTick
                0x0000000008001364       0x28 ./Drivers/STM32F4xx_HAL_Driver/Src/stm32f4xx_hal.o
                0x0000000008001364                HAL_IncTick
 .text.HAL_GetTick
                0x000000000800138c       0x18 ./Drivers/STM32F4xx_HAL_Driver/Src/stm32f4xx_hal.o
                0x000000000800138c                HAL_GetTick
 .text.HAL_Delay
                0x00000000080013a4       0x48 ./Drivers/STM32F4xx_HAL_Driver/Src/stm32f4xx_hal.o
                0x00000000080013a4                HAL_Delay
 .text.__NVIC_SetPriorityGrouping
                0x00000000080013ec       0x48 ./Drivers/STM32F4xx_HAL_Driver/Src/stm32f4xx_hal_cortex.o
 .text.__NVIC_GetPriorityGrouping
                0x0000000008001434       0x1c ./Drivers/STM32F4xx_HAL_Driver/Src/stm32f4xx_hal_cortex.o
 .text.__NVIC_EnableIRQ
                0x0000000008001450       0x3c ./Drivers/STM32F4xx_HAL_Driver/Src/stm32f4xx_hal_cortex.o
 .text.__NVIC_SetPriority
                0x000000000800148c       0x54 ./Drivers/STM32F4xx_HAL_Driver/Src/stm32f4xx_hal_cortex.o
 .text.NVIC_EncodePriority
                0x00000000080014e0       0x66 ./Drivers/STM32F4xx_HAL_Driver/Src/stm32f4xx_hal_cortex.o
 *fill*         0x0000000008001546        0x2 
 .text.SysTick_Config
                0x0000000008001548       0x44 ./Drivers/STM32F4xx_HAL_Driver/Src/stm32f4xx_hal_cortex.o
 .text.HAL_NVIC_SetPriorityGrouping
                0x000000000800158c       0x16 ./Drivers/STM32F4xx_HAL_Driver/Src/stm32f4xx_hal_cortex.o
                0x000000000800158c                HAL_NVIC_SetPriorityGrouping
 .text.HAL_NVIC_SetPriority
                0x00000000080015a2       0x38 ./Drivers/STM32F4xx_HAL_Driver/Src/stm32f4xx_hal_cortex.o
                0x00000000080015a2                HAL_NVIC_SetPriority
 .text.HAL_NVIC_EnableIRQ
                0x00000000080015da       0x1c ./Drivers/STM32F4xx_HAL_Driver/Src/stm32f4xx_hal_cortex.o
                0x00000000080015da                HAL_NVIC_EnableIRQ
 .text.HAL_SYSTICK_Config
                0x00000000080015f6       0x18 ./Drivers/STM32F4xx_HAL_Driver/Src/stm32f4xx_hal_cortex.o
                0x00000000080015f6                HAL_SYSTICK_Config
 *fill*         0x000000000800160e        0x2 
 .text.HAL_GPIO_Init
                0x0000000008001610      0x338 ./Drivers/STM32F4xx_HAL_Driver/Src/stm32f4xx_hal_gpio.o
                0x0000000008001610                HAL_GPIO_Init
 .text.HAL_GPIO_WritePin
                0x0000000008001948       0x32 ./Drivers/STM32F4xx_HAL_Driver/Src/stm32f4xx_hal_gpio.o
                0x0000000008001948                HAL_GPIO_WritePin
 *fill*         0x000000000800197a        0x2 
 .text.HAL_GPIO_EXTI_IRQHandler
                0x000000000800197c       0x30 ./Drivers/STM32F4xx_HAL_Driver/Src/stm32f4xx_hal_gpio.o
                0x000000000800197c                HAL_GPIO_EXTI_IRQHandler
 .text.HAL_GPIO_EXTI_Callback
                0x00000000080019ac       0x16 ./Drivers/STM32F4xx_HAL_Driver/Src/stm32f4xx_hal_gpio.o
                0x00000000080019ac                HAL_GPIO_EXTI_Callback
 *fill*         0x00000000080019c2        0x2 
 .text.HAL_I2C_Init
                0x00000000080019c4      0x288 ./Drivers/STM32F4xx_HAL_Driver/Src/stm32f4xx_hal_i2c.o
                0x00000000080019c4                HAL_I2C_Init
 .text.HAL_I2C_Master_Transmit
                0x0000000008001c4c      0x1fc ./Drivers/STM32F4xx_HAL_Driver/Src/stm32f4xx_hal_i2c.o
                0x0000000008001c4c                HAL_I2C_Master_Transmit
 .text.HAL_I2C_Master_Receive
                0x0000000008001e48      0x44c ./Drivers/STM32F4xx_HAL_Driver/Src/stm32f4xx_hal_i2c.o
                0x0000000008001e48                HAL_I2C_Master_Receive
 .text.I2C_MasterRequestWrite
                0x0000000008002294      0x104 ./Drivers/STM32F4xx_HAL_Driver/Src/stm32f4xx_hal_i2c.o
 .text.I2C_MasterRequestRead
                0x0000000008002398      0x19c ./Drivers/STM32F4xx_HAL_Driver/Src/stm32f4xx_hal_i2c.o
 .text.I2C_WaitOnFlagUntilTimeout
                0x0000000008002534       0xae ./Drivers/STM32F4xx_HAL_Driver/Src/stm32f4xx_hal_i2c.o
 .text.I2C_WaitOnMasterAddressFlagUntilTimeout
                0x00000000080025e2       0xfe ./Drivers/STM32F4xx_HAL_Driver/Src/stm32f4xx_hal_i2c.o
 .text.I2C_WaitOnTXEFlagUntilTimeout
                0x00000000080026e0       0x82 ./Drivers/STM32F4xx_HAL_Driver/Src/stm32f4xx_hal_i2c.o
 .text.I2C_WaitOnBTFFlagUntilTimeout
                0x0000000008002762       0x82 ./Drivers/STM32F4xx_HAL_Driver/Src/stm32f4xx_hal_i2c.o
 .text.I2C_WaitOnRXNEFlagUntilTimeout
                0x00000000080027e4       0xac ./Drivers/STM32F4xx_HAL_Driver/Src/stm32f4xx_hal_i2c.o
 .text.I2C_IsAcknowledgeFailed
                0x0000000008002890       0x5e ./Drivers/STM32F4xx_HAL_Driver/Src/stm32f4xx_hal_i2c.o
 .text.HAL_PCD_Init
                0x00000000080028ee      0x23a ./Drivers/STM32F4xx_HAL_Driver/Src/stm32f4xx_hal_pcd.o
                0x00000000080028ee                HAL_PCD_Init
 .text.HAL_PCD_Start
                0x0000000008002b28       0x66 ./Drivers/STM32F4xx_HAL_Driver/Src/stm32f4xx_hal_pcd.o
                0x0000000008002b28                HAL_PCD_Start
 .text.HAL_PCD_IRQHandler
                0x0000000008002b8e      0x764 ./Drivers/STM32F4xx_HAL_Driver/Src/stm32f4xx_hal_pcd.o
                0x0000000008002b8e                HAL_PCD_IRQHandler
 .text.HAL_PCD_SetAddress
                0x00000000080032f2       0x4a ./Drivers/STM32F4xx_HAL_Driver/Src/stm32f4xx_hal_pcd.o
                0x00000000080032f2                HAL_PCD_SetAddress
 .text.HAL_PCD_EP_Open
                0x000000000800333c       0xd0 ./Drivers/STM32F4xx_HAL_Driver/Src/stm32f4xx_hal_pcd.o
                0x000000000800333c                HAL_PCD_EP_Open
 .text.HAL_PCD_EP_Close
                0x000000000800340c       0x94 ./Drivers/STM32F4xx_HAL_Driver/Src/stm32f4xx_hal_pcd.o
                0x000000000800340c                HAL_PCD_EP_Close
 .text.HAL_PCD_EP_Receive
                0x00000000080034a0       0x96 ./Drivers/STM32F4xx_HAL_Driver/Src/stm32f4xx_hal_pcd.o
                0x00000000080034a0                HAL_PCD_EP_Receive
 .text.HAL_PCD_EP_GetRxCount
                0x0000000008003536       0x30 ./Drivers/STM32F4xx_HAL_Driver/Src/stm32f4xx_hal_pcd.o
                0x0000000008003536                HAL_PCD_EP_GetRxCount
 .text.HAL_PCD_EP_Transmit
                0x0000000008003566       0x94 ./Drivers/STM32F4xx_HAL_Driver/Src/stm32f4xx_hal_pcd.o
                0x0000000008003566                HAL_PCD_EP_Transmit
 .text.HAL_PCD_EP_SetStall
                0x00000000080035fa       0xc8 ./Drivers/STM32F4xx_HAL_Driver/Src/stm32f4xx_hal_pcd.o
                0x00000000080035fa                HAL_PCD_EP_SetStall
 .text.HAL_PCD_EP_ClrStall
                0x00000000080036c2       0xac ./Drivers/STM32F4xx_HAL_Driver/Src/stm32f4xx_hal_pcd.o
                0x00000000080036c2                HAL_PCD_EP_ClrStall
 .text.PCD_WriteEmptyTxFifo
                0x000000000800376e      0x11a ./Drivers/STM32F4xx_HAL_Driver/Src/stm32f4xx_hal_pcd.o
 .text.PCD_EP_OutXfrComplete_int
                0x0000000008003888      0x218 ./Drivers/STM32F4xx_HAL_Driver/Src/stm32f4xx_hal_pcd.o
 .text.PCD_EP_OutSetupPacket_int
                0x0000000008003aa0       0x8c ./Drivers/STM32F4xx_HAL_Driver/Src/stm32f4xx_hal_pcd.o
 .text.HAL_PCDEx_SetTxFiFo
                0x0000000008003b2c       0x8e ./Drivers/STM32F4xx_HAL_Driver/Src/stm32f4xx_hal_pcd_ex.o
                0x0000000008003b2c                HAL_PCDEx_SetTxFiFo
 .text.HAL_PCDEx_SetRxFiFo
                0x0000000008003bba       0x22 ./Drivers/STM32F4xx_HAL_Driver/Src/stm32f4xx_hal_pcd_ex.o
                0x0000000008003bba                HAL_PCDEx_SetRxFiFo
 .text.HAL_PCDEx_LPM_Callback
                0x0000000008003bdc       0x18 ./Drivers/STM32F4xx_HAL_Driver/Src/stm32f4xx_hal_pcd_ex.o
                0x0000000008003bdc                HAL_PCDEx_LPM_Callback
 .text.HAL_RCC_OscConfig
                0x0000000008003bf4      0x4f0 ./Drivers/STM32F4xx_HAL_Driver/Src/stm32f4xx_hal_rcc.o
                0x0000000008003bf4                HAL_RCC_OscConfig
 .text.HAL_RCC_ClockConfig
                0x00000000080040e4      0x1cc ./Drivers/STM32F4xx_HAL_Driver/Src/stm32f4xx_hal_rcc.o
                0x00000000080040e4                HAL_RCC_ClockConfig
 .text.HAL_RCC_GetSysClockFreq
                0x00000000080042b0      0x1c4 ./Drivers/STM32F4xx_HAL_Driver/Src/stm32f4xx_hal_rcc.o
                0x00000000080042b0                HAL_RCC_GetSysClockFreq
 .text.HAL_RCC_GetHCLKFreq
                0x0000000008004474       0x18 ./Drivers/STM32F4xx_HAL_Driver/Src/stm32f4xx_hal_rcc.o
                0x0000000008004474                HAL_RCC_GetHCLKFreq
 .text.HAL_RCC_GetPCLK1Freq
                0x000000000800448c       0x28 ./Drivers/STM32F4xx_HAL_Driver/Src/stm32f4xx_hal_rcc.o
                0x000000000800448c                HAL_RCC_GetPCLK1Freq
 .text.USB_CoreInit
                0x00000000080044b4       0xc2 ./Drivers/STM32F4xx_HAL_Driver/Src/stm32f4xx_ll_usb.o
                0x00000000080044b4                USB_CoreInit
 *fill*         0x0000000008004576        0x2 
 .text.USB_SetTurnaroundTime
                0x0000000008004578      0x144 ./Drivers/STM32F4xx_HAL_Driver/Src/stm32f4xx_ll_usb.o
                0x0000000008004578                USB_SetTurnaroundTime
 .text.USB_EnableGlobalInt
                0x00000000080046bc       0x22 ./Drivers/STM32F4xx_HAL_Driver/Src/stm32f4xx_ll_usb.o
                0x00000000080046bc                USB_EnableGlobalInt
 .text.USB_DisableGlobalInt
                0x00000000080046de       0x22 ./Drivers/STM32F4xx_HAL_Driver/Src/stm32f4xx_ll_usb.o
                0x00000000080046de                USB_DisableGlobalInt
 .text.USB_SetCurrentMode
                0x0000000008004700       0x98 ./Drivers/STM32F4xx_HAL_Driver/Src/stm32f4xx_ll_usb.o
                0x0000000008004700                USB_SetCurrentMode
 .text.USB_DevInit
                0x0000000008004798      0x2c8 ./Drivers/STM32F4xx_HAL_Driver/Src/stm32f4xx_ll_usb.o
                0x0000000008004798                USB_DevInit
 .text.USB_FlushTxFifo
                0x0000000008004a60       0x48 ./Drivers/STM32F4xx_HAL_Driver/Src/stm32f4xx_ll_usb.o
                0x0000000008004a60                USB_FlushTxFifo
 .text.USB_FlushRxFifo
                0x0000000008004aa8       0x40 ./Drivers/STM32F4xx_HAL_Driver/Src/stm32f4xx_ll_usb.o
                0x0000000008004aa8                USB_FlushRxFifo
 .text.USB_SetDevSpeed
                0x0000000008004ae8       0x32 ./Drivers/STM32F4xx_HAL_Driver/Src/stm32f4xx_ll_usb.o
                0x0000000008004ae8                USB_SetDevSpeed
 .text.USB_GetDevSpeed
                0x0000000008004b1a       0x4a ./Drivers/STM32F4xx_HAL_Driver/Src/stm32f4xx_ll_usb.o
                0x0000000008004b1a                USB_GetDevSpeed
 .text.USB_ActivateEndpoint
                0x0000000008004b64      0x10e ./Drivers/STM32F4xx_HAL_Driver/Src/stm32f4xx_ll_usb.o
                0x0000000008004b64                USB_ActivateEndpoint
 *fill*         0x0000000008004c72        0x2 
 .text.USB_DeactivateEndpoint
                0x0000000008004c74      0x1b8 ./Drivers/STM32F4xx_HAL_Driver/Src/stm32f4xx_ll_usb.o
                0x0000000008004c74                USB_DeactivateEndpoint
 .text.USB_EPStartXfer
                0x0000000008004e2c      0x488 ./Drivers/STM32F4xx_HAL_Driver/Src/stm32f4xx_ll_usb.o
                0x0000000008004e2c                USB_EPStartXfer
 .text.USB_EP0StartXfer
                0x00000000080052b4      0x2a6 ./Drivers/STM32F4xx_HAL_Driver/Src/stm32f4xx_ll_usb.o
                0x00000000080052b4                USB_EP0StartXfer
 .text.USB_WritePacket
                0x000000000800555a       0x7c ./Drivers/STM32F4xx_HAL_Driver/Src/stm32f4xx_ll_usb.o
                0x000000000800555a                USB_WritePacket
 .text.USB_ReadPacket
                0x00000000080055d6       0xb0 ./Drivers/STM32F4xx_HAL_Driver/Src/stm32f4xx_ll_usb.o
                0x00000000080055d6                USB_ReadPacket
 .text.USB_EPSetStall
                0x0000000008005686       0xdc ./Drivers/STM32F4xx_HAL_Driver/Src/stm32f4xx_ll_usb.o
                0x0000000008005686                USB_EPSetStall
 .text.USB_EPClearStall
                0x0000000008005762       0xcc ./Drivers/STM32F4xx_HAL_Driver/Src/stm32f4xx_ll_usb.o
                0x0000000008005762                USB_EPClearStall
 .text.USB_SetDevAddress
                0x000000000800582e       0x4c ./Drivers/STM32F4xx_HAL_Driver/Src/stm32f4xx_ll_usb.o
                0x000000000800582e                USB_SetDevAddress
 .text.USB_DevConnect
                0x000000000800587a       0x42 ./Drivers/STM32F4xx_HAL_Driver/Src/stm32f4xx_ll_usb.o
                0x000000000800587a                USB_DevConnect
 .text.USB_DevDisconnect
                0x00000000080058bc       0x42 ./Drivers/STM32F4xx_HAL_Driver/Src/stm32f4xx_ll_usb.o
                0x00000000080058bc                USB_DevDisconnect
 .text.USB_ReadInterrupts
                0x00000000080058fe       0x26 ./Drivers/STM32F4xx_HAL_Driver/Src/stm32f4xx_ll_usb.o
                0x00000000080058fe                USB_ReadInterrupts
 .text.USB_ReadDevAllOutEpInterrupt
                0x0000000008005924       0x34 ./Drivers/STM32F4xx_HAL_Driver/Src/stm32f4xx_ll_usb.o
                0x0000000008005924                USB_ReadDevAllOutEpInterrupt
 .text.USB_ReadDevAllInEpInterrupt
                0x0000000008005958       0x34 ./Drivers/STM32F4xx_HAL_Driver/Src/stm32f4xx_ll_usb.o
                0x0000000008005958                USB_ReadDevAllInEpInterrupt
 .text.USB_ReadDevOutEPInterrupt
                0x000000000800598c       0x3c ./Drivers/STM32F4xx_HAL_Driver/Src/stm32f4xx_ll_usb.o
                0x000000000800598c                USB_ReadDevOutEPInterrupt
 .text.USB_ReadDevInEPInterrupt
                0x00000000080059c8       0x5c ./Drivers/STM32F4xx_HAL_Driver/Src/stm32f4xx_ll_usb.o
                0x00000000080059c8                USB_ReadDevInEPInterrupt
 .text.USB_GetMode
                0x0000000008005a24       0x1c ./Drivers/STM32F4xx_HAL_Driver/Src/stm32f4xx_ll_usb.o
                0x0000000008005a24                USB_GetMode
 .text.USB_ActivateSetup
                0x0000000008005a40       0x46 ./Drivers/STM32F4xx_HAL_Driver/Src/stm32f4xx_ll_usb.o
                0x0000000008005a40                USB_ActivateSetup
 *fill*         0x0000000008005a86        0x2 
 .text.USB_EP0_OutStart
                0x0000000008005a88       0xbc ./Drivers/STM32F4xx_HAL_Driver/Src/stm32f4xx_ll_usb.o
                0x0000000008005a88                USB_EP0_OutStart
 .text.USB_CoreReset
                0x0000000008005b44       0x64 ./Drivers/STM32F4xx_HAL_Driver/Src/stm32f4xx_ll_usb.o
 .text.USBD_CDC_Init
                0x0000000008005ba8       0xfe ./Middlewares/ST/STM32_USB_Device_Library/Class/CDC/Src/usbd_cdc.o
 .text.USBD_CDC_DeInit
                0x0000000008005ca6       0x74 ./Middlewares/ST/STM32_USB_Device_Library/Class/CDC/Src/usbd_cdc.o
 *fill*         0x0000000008005d1a        0x2 
 .text.USBD_CDC_Setup
                0x0000000008005d1c      0x190 ./Middlewares/ST/STM32_USB_Device_Library/Class/CDC/Src/usbd_cdc.o
 .text.USBD_CDC_DataIn
                0x0000000008005eac       0xca ./Middlewares/ST/STM32_USB_Device_Library/Class/CDC/Src/usbd_cdc.o
 .text.USBD_CDC_DataOut
                0x0000000008005f76       0x56 ./Middlewares/ST/STM32_USB_Device_Library/Class/CDC/Src/usbd_cdc.o
 .text.USBD_CDC_EP0_RxReady
                0x0000000008005fcc       0x5a ./Middlewares/ST/STM32_USB_Device_Library/Class/CDC/Src/usbd_cdc.o
 *fill*         0x0000000008006026        0x2 
 .text.USBD_CDC_GetFSCfgDesc
                0x0000000008006028       0x20 ./Middlewares/ST/STM32_USB_Device_Library/Class/CDC/Src/usbd_cdc.o
 .text.USBD_CDC_GetHSCfgDesc
                0x0000000008006048       0x20 ./Middlewares/ST/STM32_USB_Device_Library/Class/CDC/Src/usbd_cdc.o
 .text.USBD_CDC_GetOtherSpeedCfgDesc
                0x0000000008006068       0x20 ./Middlewares/ST/STM32_USB_Device_Library/Class/CDC/Src/usbd_cdc.o
 .text.USBD_CDC_GetDeviceQualifierDescriptor
                0x0000000008006088       0x20 ./Middlewares/ST/STM32_USB_Device_Library/Class/CDC/Src/usbd_cdc.o
                0x0000000008006088                USBD_CDC_GetDeviceQualifierDescriptor
 .text.USBD_CDC_RegisterInterface
                0x00000000080060a8       0x2a ./Middlewares/ST/STM32_USB_Device_Library/Class/CDC/Src/usbd_cdc.o
                0x00000000080060a8                USBD_CDC_RegisterInterface
 .text.USBD_CDC_SetTxBuffer
                0x00000000080060d2       0x3c ./Middlewares/ST/STM32_USB_Device_Library/Class/CDC/Src/usbd_cdc.o
                0x00000000080060d2                USBD_CDC_SetTxBuffer
 .text.USBD_CDC_SetRxBuffer
                0x000000000800610e       0x32 ./Middlewares/ST/STM32_USB_Device_Library/Class/CDC/Src/usbd_cdc.o
                0x000000000800610e                USBD_CDC_SetRxBuffer
 .text.USBD_CDC_TransmitPacket
                0x0000000008006140       0x60 ./Middlewares/ST/STM32_USB_Device_Library/Class/CDC/Src/usbd_cdc.o
                0x0000000008006140                USBD_CDC_TransmitPacket
 .text.USBD_CDC_ReceivePacket
                0x00000000080061a0       0x54 ./Middlewares/ST/STM32_USB_Device_Library/Class/CDC/Src/usbd_cdc.o
                0x00000000080061a0                USBD_CDC_ReceivePacket
 .text.USBD_Init
                0x00000000080061f4       0x60 ./Middlewares/ST/STM32_USB_Device_Library/Core/Src/usbd_core.o
                0x00000000080061f4                USBD_Init
 .text.USBD_RegisterClass
                0x0000000008006254       0x4e ./Middlewares/ST/STM32_USB_Device_Library/Core/Src/usbd_core.o
                0x0000000008006254                USBD_RegisterClass
 .text.USBD_Start
                0x00000000080062a2       0x18 ./Middlewares/ST/STM32_USB_Device_Library/Core/Src/usbd_core.o
                0x00000000080062a2                USBD_Start
 .text.USBD_RunTestMode
                0x00000000080062ba       0x16 ./Middlewares/ST/STM32_USB_Device_Library/Core/Src/usbd_core.o
                0x00000000080062ba                USBD_RunTestMode
 .text.USBD_SetClassConfig
                0x00000000080062d0       0x38 ./Middlewares/ST/STM32_USB_Device_Library/Core/Src/usbd_core.o
                0x00000000080062d0                USBD_SetClassConfig
 .text.USBD_ClrClassConfig
                0x0000000008006308       0x30 ./Middlewares/ST/STM32_USB_Device_Library/Core/Src/usbd_core.o
                0x0000000008006308                USBD_ClrClassConfig
 .text.USBD_LL_SetupStage
                0x0000000008006338       0xaa ./Middlewares/ST/STM32_USB_Device_Library/Core/Src/usbd_core.o
                0x0000000008006338                USBD_LL_SetupStage
 .text.USBD_LL_DataOutStage
                0x00000000080063e2       0xc6 ./Middlewares/ST/STM32_USB_Device_Library/Core/Src/usbd_core.o
                0x00000000080063e2                USBD_LL_DataOutStage
 .text.USBD_LL_DataInStage
                0x00000000080064a8      0x12c ./Middlewares/ST/STM32_USB_Device_Library/Core/Src/usbd_core.o
                0x00000000080064a8                USBD_LL_DataInStage
 .text.USBD_LL_Reset
                0x00000000080065d4       0x9c ./Middlewares/ST/STM32_USB_Device_Library/Core/Src/usbd_core.o
                0x00000000080065d4                USBD_LL_Reset
 .text.USBD_LL_SetSpeed
                0x0000000008006670       0x20 ./Middlewares/ST/STM32_USB_Device_Library/Core/Src/usbd_core.o
                0x0000000008006670                USBD_LL_SetSpeed
 .text.USBD_LL_Suspend
                0x0000000008006690       0x2c ./Middlewares/ST/STM32_USB_Device_Library/Core/Src/usbd_core.o
                0x0000000008006690                USBD_LL_Suspend
 .text.USBD_LL_Resume
                0x00000000080066bc       0x30 ./Middlewares/ST/STM32_USB_Device_Library/Core/Src/usbd_core.o
                0x00000000080066bc                USBD_LL_Resume
 .text.USBD_LL_SOF
                0x00000000080066ec       0x44 ./Middlewares/ST/STM32_USB_Device_Library/Core/Src/usbd_core.o
                0x00000000080066ec                USBD_LL_SOF
 .text.USBD_LL_IsoINIncomplete
                0x0000000008006730       0x4c ./Middlewares/ST/STM32_USB_Device_Library/Core/Src/usbd_core.o
                0x0000000008006730                USBD_LL_IsoINIncomplete
 .text.USBD_LL_IsoOUTIncomplete
                0x000000000800677c       0x4c ./Middlewares/ST/STM32_USB_Device_Library/Core/Src/usbd_core.o
                0x000000000800677c                USBD_LL_IsoOUTIncomplete
 .text.USBD_LL_DevConnected
                0x00000000080067c8       0x16 ./Middlewares/ST/STM32_USB_Device_Library/Core/Src/usbd_core.o
                0x00000000080067c8                USBD_LL_DevConnected
 .text.USBD_LL_DevDisconnected
                0x00000000080067de       0x38 ./Middlewares/ST/STM32_USB_Device_Library/Core/Src/usbd_core.o
                0x00000000080067de                USBD_LL_DevDisconnected
 .text.SWAPBYTE
                0x0000000008006816       0x3c ./Middlewares/ST/STM32_USB_Device_Library/Core/Src/usbd_ctlreq.o
 *fill*         0x0000000008006852        0x2 
 .text.USBD_StdDevReq
                0x0000000008006854       0xdc ./Middlewares/ST/STM32_USB_Device_Library/Core/Src/usbd_ctlreq.o
                0x0000000008006854                USBD_StdDevReq
 .text.USBD_StdItfReq
                0x0000000008006930       0x92 ./Middlewares/ST/STM32_USB_Device_Library/Core/Src/usbd_ctlreq.o
                0x0000000008006930                USBD_StdItfReq
 .text.USBD_StdEPReq
                0x00000000080069c2      0x2c4 ./Middlewares/ST/STM32_USB_Device_Library/Core/Src/usbd_ctlreq.o
                0x00000000080069c2                USBD_StdEPReq
 *fill*         0x0000000008006c86        0x2 
 .text.USBD_GetDescriptor
                0x0000000008006c88      0x2d4 ./Middlewares/ST/STM32_USB_Device_Library/Core/Src/usbd_ctlreq.o
 .text.USBD_SetAddress
                0x0000000008006f5c       0x88 ./Middlewares/ST/STM32_USB_Device_Library/Core/Src/usbd_ctlreq.o
 .text.USBD_SetConfig
                0x0000000008006fe4      0x14c ./Middlewares/ST/STM32_USB_Device_Library/Core/Src/usbd_ctlreq.o
 .text.USBD_GetConfig
                0x0000000008007130       0x6c ./Middlewares/ST/STM32_USB_Device_Library/Core/Src/usbd_ctlreq.o
 .text.USBD_GetStatus
                0x000000000800719c       0x68 ./Middlewares/ST/STM32_USB_Device_Library/Core/Src/usbd_ctlreq.o
 .text.USBD_SetFeature
                0x0000000008007204       0x28 ./Middlewares/ST/STM32_USB_Device_Library/Core/Src/usbd_ctlreq.o
 .text.USBD_ClrFeature
                0x000000000800722c       0x44 ./Middlewares/ST/STM32_USB_Device_Library/Core/Src/usbd_ctlreq.o
 .text.USBD_ParseSetupRequest
                0x0000000008007270       0x74 ./Middlewares/ST/STM32_USB_Device_Library/Core/Src/usbd_ctlreq.o
                0x0000000008007270                USBD_ParseSetupRequest
 .text.USBD_CtlError
                0x00000000080072e4       0x22 ./Middlewares/ST/STM32_USB_Device_Library/Core/Src/usbd_ctlreq.o
                0x00000000080072e4                USBD_CtlError
 .text.USBD_GetString
                0x0000000008007306       0x8c ./Middlewares/ST/STM32_USB_Device_Library/Core/Src/usbd_ctlreq.o
                0x0000000008007306                USBD_GetString
 .text.USBD_GetLen
                0x0000000008007392       0x34 ./Middlewares/ST/STM32_USB_Device_Library/Core/Src/usbd_ctlreq.o
 .text.USBD_CtlSendData
                0x00000000080073c6       0x36 ./Middlewares/ST/STM32_USB_Device_Library/Core/Src/usbd_ioreq.o
                0x00000000080073c6                USBD_CtlSendData
 .text.USBD_CtlContinueSendData
                0x00000000080073fc       0x22 ./Middlewares/ST/STM32_USB_Device_Library/Core/Src/usbd_ioreq.o
                0x00000000080073fc                USBD_CtlContinueSendData
 .text.USBD_CtlPrepareRx
                0x000000000800741e       0x3a ./Middlewares/ST/STM32_USB_Device_Library/Core/Src/usbd_ioreq.o
                0x000000000800741e                USBD_CtlPrepareRx
 .text.USBD_CtlContinueRx
                0x0000000008007458       0x22 ./Middlewares/ST/STM32_USB_Device_Library/Core/Src/usbd_ioreq.o
                0x0000000008007458                USBD_CtlContinueRx
 .text.USBD_CtlSendStatus
                0x000000000800747a       0x26 ./Middlewares/ST/STM32_USB_Device_Library/Core/Src/usbd_ioreq.o
                0x000000000800747a                USBD_CtlSendStatus
 .text.USBD_CtlReceiveStatus
                0x00000000080074a0       0x26 ./Middlewares/ST/STM32_USB_Device_Library/Core/Src/usbd_ioreq.o
                0x00000000080074a0                USBD_CtlReceiveStatus
 *fill*         0x00000000080074c6        0x2 
 .text.MX_USB_DEVICE_Init
                0x00000000080074c8       0x60 ./USB_DEVICE/App/usb_device.o
                0x00000000080074c8                MX_USB_DEVICE_Init
 .text.CDC_Init_FS
                0x0000000008007528       0x28 ./USB_DEVICE/App/usbd_cdc_if.o
 .text.CDC_DeInit_FS
                0x0000000008007550       0x10 ./USB_DEVICE/App/usbd_cdc_if.o
 .text.CDC_Control_FS
                0x0000000008007560       0xbc ./USB_DEVICE/App/usbd_cdc_if.o
 .text.CDC_Receive_FS
                0x000000000800761c       0x28 ./USB_DEVICE/App/usbd_cdc_if.o
 .text.CDC_Transmit_FS
                0x0000000008007644       0x4c ./USB_DEVICE/App/usbd_cdc_if.o
                0x0000000008007644                CDC_Transmit_FS
 .text.CDC_TransmitCplt_FS
                0x0000000008007690       0x22 ./USB_DEVICE/App/usbd_cdc_if.o
 *fill*         0x00000000080076b2        0x2 
 .text.USBD_FS_DeviceDescriptor
                0x00000000080076b4       0x24 ./USB_DEVICE/App/usbd_desc.o
                0x00000000080076b4                USBD_FS_DeviceDescriptor
 .text.USBD_FS_LangIDStrDescriptor
                0x00000000080076d8       0x24 ./USB_DEVICE/App/usbd_desc.o
                0x00000000080076d8                USBD_FS_LangIDStrDescriptor
 .text.USBD_FS_ProductStrDescriptor
                0x00000000080076fc       0x3c ./USB_DEVICE/App/usbd_desc.o
                0x00000000080076fc                USBD_FS_ProductStrDescriptor
 .text.USBD_FS_ManufacturerStrDescriptor
                0x0000000008007738       0x28 ./USB_DEVICE/App/usbd_desc.o
                0x0000000008007738                USBD_FS_ManufacturerStrDescriptor
 .text.USBD_FS_SerialStrDescriptor
                0x0000000008007760       0x24 ./USB_DEVICE/App/usbd_desc.o
                0x0000000008007760                USBD_FS_SerialStrDescriptor
 .text.USBD_FS_ConfigStrDescriptor
                0x0000000008007784       0x3c ./USB_DEVICE/App/usbd_desc.o
                0x0000000008007784                USBD_FS_ConfigStrDescriptor
 .text.USBD_FS_InterfaceStrDescriptor
                0x00000000080077c0       0x3c ./USB_DEVICE/App/usbd_desc.o
                0x00000000080077c0                USBD_FS_InterfaceStrDescriptor
 .text.Get_SerialNum
                0x00000000080077fc       0x58 ./USB_DEVICE/App/usbd_desc.o
 .text.IntToUnicode
                0x0000000008007854       0x7e ./USB_DEVICE/App/usbd_desc.o
 *fill*         0x00000000080078d2        0x2 
 .text.HAL_PCD_MspInit
                0x00000000080078d4       0xc4 ./USB_DEVICE/Target/usbd_conf.o
                0x00000000080078d4                HAL_PCD_MspInit
 .text.HAL_PCD_SetupStageCallback
                0x0000000008007998       0x24 ./USB_DEVICE/Target/usbd_conf.o
                0x0000000008007998                HAL_PCD_SetupStageCallback
 .text.HAL_PCD_DataOutStageCallback
                0x00000000080079bc       0x36 ./USB_DEVICE/Target/usbd_conf.o
                0x00000000080079bc                HAL_PCD_DataOutStageCallback
 .text.HAL_PCD_DataInStageCallback
                0x00000000080079f2       0x34 ./USB_DEVICE/Target/usbd_conf.o
                0x00000000080079f2                HAL_PCD_DataInStageCallback
 .text.HAL_PCD_SOFCallback
                0x0000000008007a26       0x1c ./USB_DEVICE/Target/usbd_conf.o
                0x0000000008007a26                HAL_PCD_SOFCallback
 .text.HAL_PCD_ResetCallback
                0x0000000008007a42       0x50 ./USB_DEVICE/Target/usbd_conf.o
                0x0000000008007a42                HAL_PCD_ResetCallback
 *fill*         0x0000000008007a92        0x2 
 .text.HAL_PCD_SuspendCallback
                0x0000000008007a94       0x4c ./USB_DEVICE/Target/usbd_conf.o
                0x0000000008007a94                HAL_PCD_SuspendCallback
 .text.HAL_PCD_ResumeCallback
                0x0000000008007ae0       0x1c ./USB_DEVICE/Target/usbd_conf.o
                0x0000000008007ae0                HAL_PCD_ResumeCallback
 .text.HAL_PCD_ISOOUTIncompleteCallback
                0x0000000008007afc       0x24 ./USB_DEVICE/Target/usbd_conf.o
                0x0000000008007afc                HAL_PCD_ISOOUTIncompleteCallback
 .text.HAL_PCD_ISOINIncompleteCallback
                0x0000000008007b20       0x24 ./USB_DEVICE/Target/usbd_conf.o
                0x0000000008007b20                HAL_PCD_ISOINIncompleteCallback
 .text.HAL_PCD_ConnectCallback
                0x0000000008007b44       0x1c ./USB_DEVICE/Target/usbd_conf.o
                0x0000000008007b44                HAL_PCD_ConnectCallback
 .text.HAL_PCD_DisconnectCallback
                0x0000000008007b60       0x1c ./USB_DEVICE/Target/usbd_conf.o
                0x0000000008007b60                HAL_PCD_DisconnectCallback
 .text.USBD_LL_Init
                0x0000000008007b7c       0x98 ./USB_DEVICE/Target/usbd_conf.o
                0x0000000008007b7c                USBD_LL_Init
 .text.USBD_LL_Start
                0x0000000008007c14       0x36 ./USB_DEVICE/Target/usbd_conf.o
                0x0000000008007c14                USBD_LL_Start
 .text.USBD_LL_OpenEP
                0x0000000008007c4a       0x4c ./USB_DEVICE/Target/usbd_conf.o
                0x0000000008007c4a                USBD_LL_OpenEP
 .text.USBD_LL_CloseEP
                0x0000000008007c96       0x3e ./USB_DEVICE/Target/usbd_conf.o
                0x0000000008007c96                USBD_LL_CloseEP
 .text.USBD_LL_StallEP
                0x0000000008007cd4       0x3e ./USB_DEVICE/Target/usbd_conf.o
                0x0000000008007cd4                USBD_LL_StallEP
 .text.USBD_LL_ClearStallEP
                0x0000000008007d12       0x3e ./USB_DEVICE/Target/usbd_conf.o
                0x0000000008007d12                USBD_LL_ClearStallEP
 .text.USBD_LL_IsStallEP
                0x0000000008007d50       0x58 ./USB_DEVICE/Target/usbd_conf.o
                0x0000000008007d50                USBD_LL_IsStallEP
 .text.USBD_LL_SetUSBAddress
                0x0000000008007da8       0x3e ./USB_DEVICE/Target/usbd_conf.o
                0x0000000008007da8                USBD_LL_SetUSBAddress
 .text.USBD_LL_Transmit
                0x0000000008007de6       0x42 ./USB_DEVICE/Target/usbd_conf.o
                0x0000000008007de6                USBD_LL_Transmit
 .text.USBD_LL_PrepareReceive
                0x0000000008007e28       0x42 ./USB_DEVICE/Target/usbd_conf.o
                0x0000000008007e28                USBD_LL_PrepareReceive
 .text.USBD_LL_GetRxDataSize
                0x0000000008007e6a       0x26 ./USB_DEVICE/Target/usbd_conf.o
                0x0000000008007e6a                USBD_LL_GetRxDataSize
 .text.USBD_static_malloc
                0x0000000008007e90       0x1c ./USB_DEVICE/Target/usbd_conf.o
                0x0000000008007e90                USBD_static_malloc
 .text.USBD_static_free
                0x0000000008007eac       0x14 ./USB_DEVICE/Target/usbd_conf.o
                0x0000000008007eac                USBD_static_free
 .text.USBD_Get_USB_Status
                0x0000000008007ec0       0x58 ./USB_DEVICE/Target/usbd_conf.o
                0x0000000008007ec0                USBD_Get_USB_Status
 .text.__libc_init_array
                0x0000000008007f18       0x48 c:/st/stm32cubeide_1.7.0/stm32cubeide/plugins/com.st.stm32cube.ide.mcu.externaltools.gnu-tools-for-stm32.9-2020-q2-update.win32_2.0.0.202105311346/tools/bin/../lib/gcc/arm-none-eabi/9.3.1/../../../../arm-none-eabi/lib/thumb/v7e-m+fp/hard\libc_nano.a(lib_a-init.o)
                0x0000000008007f18                __libc_init_array
 .text.memset   0x0000000008007f60       0x10 c:/st/stm32cubeide_1.7.0/stm32cubeide/plugins/com.st.stm32cube.ide.mcu.externaltools.gnu-tools-for-stm32.9-2020-q2-update.win32_2.0.0.202105311346/tools/bin/../lib/gcc/arm-none-eabi/9.3.1/../../../../arm-none-eabi/lib/thumb/v7e-m+fp/hard\libc_nano.a(lib_a-memset.o)
                0x0000000008007f60                memset
 *(.glue_7)
 .glue_7        0x0000000008007f70        0x0 linker stubs
 *(.glue_7t)
 .glue_7t       0x0000000008007f70        0x0 linker stubs
 *(.eh_frame)
 .eh_frame      0x0000000008007f70        0x0 c:/st/stm32cubeide_1.7.0/stm32cubeide/plugins/com.st.stm32cube.ide.mcu.externaltools.gnu-tools-for-stm32.9-2020-q2-update.win32_2.0.0.202105311346/tools/bin/../lib/gcc/arm-none-eabi/9.3.1/thumb/v7e-m+fp/hard/crtbegin.o
 *(.init)
 .init          0x0000000008007f70        0x4 c:/st/stm32cubeide_1.7.0/stm32cubeide/plugins/com.st.stm32cube.ide.mcu.externaltools.gnu-tools-for-stm32.9-2020-q2-update.win32_2.0.0.202105311346/tools/bin/../lib/gcc/arm-none-eabi/9.3.1/thumb/v7e-m+fp/hard/crti.o
                0x0000000008007f70                _init
 .init          0x0000000008007f74        0x8 c:/st/stm32cubeide_1.7.0/stm32cubeide/plugins/com.st.stm32cube.ide.mcu.externaltools.gnu-tools-for-stm32.9-2020-q2-update.win32_2.0.0.202105311346/tools/bin/../lib/gcc/arm-none-eabi/9.3.1/thumb/v7e-m+fp/hard/crtn.o
 *(.fini)
 .fini          0x0000000008007f7c        0x4 c:/st/stm32cubeide_1.7.0/stm32cubeide/plugins/com.st.stm32cube.ide.mcu.externaltools.gnu-tools-for-stm32.9-2020-q2-update.win32_2.0.0.202105311346/tools/bin/../lib/gcc/arm-none-eabi/9.3.1/thumb/v7e-m+fp/hard/crti.o
                0x0000000008007f7c                _fini
 .fini          0x0000000008007f80        0x8 c:/st/stm32cubeide_1.7.0/stm32cubeide/plugins/com.st.stm32cube.ide.mcu.externaltools.gnu-tools-for-stm32.9-2020-q2-update.win32_2.0.0.202105311346/tools/bin/../lib/gcc/arm-none-eabi/9.3.1/thumb/v7e-m+fp/hard/crtn.o
                0x0000000008007f88                . = ALIGN (0x4)
                0x0000000008007f88                _etext = .

.vfp11_veneer   0x0000000008007f88        0x0
 .vfp11_veneer  0x0000000008007f88        0x0 linker stubs

.v4_bx          0x0000000008007f88        0x0
 .v4_bx         0x0000000008007f88        0x0 linker stubs

.iplt           0x0000000008007f88        0x0
 .iplt          0x0000000008007f88        0x0 c:/st/stm32cubeide_1.7.0/stm32cubeide/plugins/com.st.stm32cube.ide.mcu.externaltools.gnu-tools-for-stm32.9-2020-q2-update.win32_2.0.0.202105311346/tools/bin/../lib/gcc/arm-none-eabi/9.3.1/thumb/v7e-m+fp/hard/crtbegin.o

.rodata         0x0000000008007f88       0x60
                0x0000000008007f88                . = ALIGN (0x4)
 *(.rodata)
 .rodata        0x0000000008007f88       0x46 ./USB_DEVICE/App/usbd_desc.o
 *(.rodata*)
 *fill*         0x0000000008007fce        0x2 
 .rodata.AHBPrescTable
                0x0000000008007fd0       0x10 ./Core/Src/system_stm32f4xx.o
                0x0000000008007fd0                AHBPrescTable
 .rodata.APBPrescTable
                0x0000000008007fe0        0x8 ./Core/Src/system_stm32f4xx.o
                0x0000000008007fe0                APBPrescTable
                0x0000000008007fe8                . = ALIGN (0x4)

.ARM.extab      0x0000000008007fe8        0x0
                0x0000000008007fe8                . = ALIGN (0x4)
 *(.ARM.extab* .gnu.linkonce.armextab.*)
                0x0000000008007fe8                . = ALIGN (0x4)

.ARM            0x0000000008007fe8        0x8
                0x0000000008007fe8                . = ALIGN (0x4)
                0x0000000008007fe8                __exidx_start = .
 *(.ARM.exidx*)
 .ARM.exidx     0x0000000008007fe8        0x8 c:/st/stm32cubeide_1.7.0/stm32cubeide/plugins/com.st.stm32cube.ide.mcu.externaltools.gnu-tools-for-stm32.9-2020-q2-update.win32_2.0.0.202105311346/tools/bin/../lib/gcc/arm-none-eabi/9.3.1/thumb/v7e-m+fp/hard\libgcc.a(_udivmoddi4.o)
                0x0000000008007ff0                __exidx_end = .
                0x0000000008007ff0                . = ALIGN (0x4)

.rel.dyn        0x0000000008007ff0        0x0
 .rel.iplt      0x0000000008007ff0        0x0 c:/st/stm32cubeide_1.7.0/stm32cubeide/plugins/com.st.stm32cube.ide.mcu.externaltools.gnu-tools-for-stm32.9-2020-q2-update.win32_2.0.0.202105311346/tools/bin/../lib/gcc/arm-none-eabi/9.3.1/thumb/v7e-m+fp/hard/crtbegin.o

.preinit_array  0x0000000008007ff0        0x0
                0x0000000008007ff0                . = ALIGN (0x4)
                0x0000000008007ff0                PROVIDE (__preinit_array_start = .)
 *(.preinit_array*)
                0x0000000008007ff0                PROVIDE (__preinit_array_end = .)
                0x0000000008007ff0                . = ALIGN (0x4)

.init_array     0x0000000008007ff0        0x4
                0x0000000008007ff0                . = ALIGN (0x4)
                0x0000000008007ff0                PROVIDE (__init_array_start = .)
 *(SORT_BY_NAME(.init_array.*))
 *(.init_array*)
 .init_array    0x0000000008007ff0        0x4 c:/st/stm32cubeide_1.7.0/stm32cubeide/plugins/com.st.stm32cube.ide.mcu.externaltools.gnu-tools-for-stm32.9-2020-q2-update.win32_2.0.0.202105311346/tools/bin/../lib/gcc/arm-none-eabi/9.3.1/thumb/v7e-m+fp/hard/crtbegin.o
                0x0000000008007ff4                PROVIDE (__init_array_end = .)
                0x0000000008007ff4                . = ALIGN (0x4)

.fini_array     0x0000000008007ff4        0x4
                0x0000000008007ff4                . = ALIGN (0x4)
                [!provide]                        PROVIDE (__fini_array_start = .)
 *(SORT_BY_NAME(.fini_array.*))
 *(.fini_array*)
 .fini_array    0x0000000008007ff4        0x4 c:/st/stm32cubeide_1.7.0/stm32cubeide/plugins/com.st.stm32cube.ide.mcu.externaltools.gnu-tools-for-stm32.9-2020-q2-update.win32_2.0.0.202105311346/tools/bin/../lib/gcc/arm-none-eabi/9.3.1/thumb/v7e-m+fp/hard/crtbegin.o
                [!provide]                        PROVIDE (__fini_array_end = .)
                0x0000000008007ff8                . = ALIGN (0x4)
                0x0000000008007ff8                _sidata = LOADADDR (.data)

.data           0x0000000020000000      0x180 load address 0x0000000008007ff8
                0x0000000020000000                . = ALIGN (0x4)
                0x0000000020000000                _sdata = .
 *(.data)
 *(.data*)
 .data.SystemCoreClock
                0x0000000020000000        0x4 ./Core/Src/system_stm32f4xx.o
                0x0000000020000000                SystemCoreClock
 .data.uwTickPrio
                0x0000000020000004        0x4 ./Drivers/STM32F4xx_HAL_Driver/Src/stm32f4xx_hal.o
                0x0000000020000004                uwTickPrio
 .data.uwTickFreq
                0x0000000020000008        0x1 ./Drivers/STM32F4xx_HAL_Driver/Src/stm32f4xx_hal.o
                0x0000000020000008                uwTickFreq
 *fill*         0x0000000020000009        0x3 
 .data.USBD_CDC_DeviceQualifierDesc
                0x000000002000000c        0xa ./Middlewares/ST/STM32_USB_Device_Library/Class/CDC/Src/usbd_cdc.o
 *fill*         0x0000000020000016        0x2 
 .data.USBD_CDC
                0x0000000020000018       0x38 ./Middlewares/ST/STM32_USB_Device_Library/Class/CDC/Src/usbd_cdc.o
                0x0000000020000018                USBD_CDC
 .data.USBD_CDC_CfgHSDesc
                0x0000000020000050       0x43 ./Middlewares/ST/STM32_USB_Device_Library/Class/CDC/Src/usbd_cdc.o
 *fill*         0x0000000020000093        0x1 
 .data.USBD_CDC_CfgFSDesc
                0x0000000020000094       0x43 ./Middlewares/ST/STM32_USB_Device_Library/Class/CDC/Src/usbd_cdc.o
 *fill*         0x00000000200000d7        0x1 
 .data.USBD_CDC_OtherSpeedCfgDesc
                0x00000000200000d8       0x43 ./Middlewares/ST/STM32_USB_Device_Library/Class/CDC/Src/usbd_cdc.o
 *fill*         0x000000002000011b        0x1 
 .data.USBD_Interface_fops_FS
                0x000000002000011c       0x14 ./USB_DEVICE/App/usbd_cdc_if.o
                0x000000002000011c                USBD_Interface_fops_FS
 .data.FS_Desc  0x0000000020000130       0x1c ./USB_DEVICE/App/usbd_desc.o
                0x0000000020000130                FS_Desc
 .data.USBD_FS_DeviceDesc
                0x000000002000014c       0x12 ./USB_DEVICE/App/usbd_desc.o
                0x000000002000014c                USBD_FS_DeviceDesc
 *fill*         0x000000002000015e        0x2 
 .data.USBD_LangIDDesc
                0x0000000020000160        0x4 ./USB_DEVICE/App/usbd_desc.o
                0x0000000020000160                USBD_LangIDDesc
 .data.USBD_StringSerial
                0x0000000020000164       0x1a ./USB_DEVICE/App/usbd_desc.o
                0x0000000020000164                USBD_StringSerial
 *(.RamFunc)
 *(.RamFunc*)
                0x0000000020000180                . = ALIGN (0x4)
 *fill*         0x000000002000017e        0x2 
                0x0000000020000180                _edata = .
                0x0000000008008178                _siccmram = LOADADDR (.ccmram)

.igot.plt       0x0000000020000180        0x0 load address 0x0000000008008178
 .igot.plt      0x0000000020000180        0x0 c:/st/stm32cubeide_1.7.0/stm32cubeide/plugins/com.st.stm32cube.ide.mcu.externaltools.gnu-tools-for-stm32.9-2020-q2-update.win32_2.0.0.202105311346/tools/bin/../lib/gcc/arm-none-eabi/9.3.1/thumb/v7e-m+fp/hard/crtbegin.o

.ccmram         0x0000000010000000        0x0 load address 0x0000000008008178
                0x0000000010000000                . = ALIGN (0x4)
                0x0000000010000000                _sccmram = .
 *(.ccmram)
 *(.ccmram*)
                0x0000000010000000                . = ALIGN (0x4)
                0x0000000010000000                _eccmram = .
                0x0000000010000000                . = ALIGN (0x4)

.bss            0x0000000020000180     0x1b7c
                0x0000000020000180                _sbss = .
                0x0000000020000180                __bss_start__ = _sbss
 *(.bss)
 .bss           0x0000000020000180       0x1c c:/st/stm32cubeide_1.7.0/stm32cubeide/plugins/com.st.stm32cube.ide.mcu.externaltools.gnu-tools-for-stm32.9-2020-q2-update.win32_2.0.0.202105311346/tools/bin/../lib/gcc/arm-none-eabi/9.3.1/thumb/v7e-m+fp/hard/crtbegin.o
 *(.bss*)
 .bss.cfgidx.10164
                0x000000002000019c        0x1 ./Middlewares/ST/STM32_USB_Device_Library/Core/Src/usbd_ctlreq.o
 *fill*         0x000000002000019d        0x3 
 .bss.mem.10233
                0x00000000200001a0      0x220 ./USB_DEVICE/Target/usbd_conf.o
 *(COMMON)
 COMMON         0x00000000200003c0        0xc ./Core/Src/MAX86916/MAX86916.o
                0x00000000200003c0                ppg_config
 COMMON         0x00000000200003cc       0x54 ./Core/Src/main.o
                0x00000000200003cc                hi2c3
 COMMON         0x0000000020000420        0x4 ./Drivers/STM32F4xx_HAL_Driver/Src/stm32f4xx_hal.o
                0x0000000020000420                uwTick
 COMMON         0x0000000020000424      0x2d0 ./USB_DEVICE/App/usb_device.o
                0x0000000020000424                hUsbDeviceFS
 COMMON         0x00000000200006f4     0x1000 ./USB_DEVICE/App/usbd_cdc_if.o
                0x00000000200006f4                UserRxBufferFS
                0x0000000020000ef4                UserTxBufferFS
 COMMON         0x00000000200016f4      0x200 ./USB_DEVICE/App/usbd_desc.o
                0x00000000200016f4                USBD_StrDesc
 COMMON         0x00000000200018f4      0x408 ./USB_DEVICE/Target/usbd_conf.o
                0x00000000200018f4                hpcd_USB_OTG_FS
                0x0000000020001cfc                . = ALIGN (0x4)
                0x0000000020001cfc                _ebss = .
                0x0000000020001cfc                __bss_end__ = _ebss

._user_heap_stack
                0x0000000020001cfc      0x604
                0x0000000020001d00                . = ALIGN (0x8)
 *fill*         0x0000000020001cfc        0x4 
                [!provide]                        PROVIDE (end = .)
                0x0000000020001d00                PROVIDE (_end = .)
                0x0000000020001f00                . = (. + _Min_Heap_Size)
 *fill*         0x0000000020001d00      0x200 
                0x0000000020002300                . = (. + _Min_Stack_Size)
 *fill*         0x0000000020001f00      0x400 
                0x0000000020002300                . = ALIGN (0x8)

/DISCARD/
 libc.a(*)
 libm.a(*)
 libgcc.a(*)

.ARM.attributes
                0x0000000000000000       0x30
 *(.ARM.attributes)
 .ARM.attributes
                0x0000000000000000       0x1e c:/st/stm32cubeide_1.7.0/stm32cubeide/plugins/com.st.stm32cube.ide.mcu.externaltools.gnu-tools-for-stm32.9-2020-q2-update.win32_2.0.0.202105311346/tools/bin/../lib/gcc/arm-none-eabi/9.3.1/thumb/v7e-m+fp/hard/crti.o
 .ARM.attributes
                0x000000000000001e       0x34 c:/st/stm32cubeide_1.7.0/stm32cubeide/plugins/com.st.stm32cube.ide.mcu.externaltools.gnu-tools-for-stm32.9-2020-q2-update.win32_2.0.0.202105311346/tools/bin/../lib/gcc/arm-none-eabi/9.3.1/thumb/v7e-m+fp/hard/crtbegin.o
 .ARM.attributes
                0x0000000000000052       0x34 ./Core/Src/MAX86916/MAX86916.o
 .ARM.attributes
                0x0000000000000086       0x34 ./Core/Src/main.o
 .ARM.attributes
                0x00000000000000ba       0x34 ./Core/Src/stm32f4xx_hal_msp.o
 .ARM.attributes
                0x00000000000000ee       0x34 ./Core/Src/stm32f4xx_it.o
 .ARM.attributes
                0x0000000000000122       0x34 ./Core/Src/system_stm32f4xx.o
 .ARM.attributes
                0x0000000000000156       0x21 ./Core/Startup/startup_stm32f407vgtx.o
 .ARM.attributes
                0x0000000000000177       0x34 ./Drivers/STM32F4xx_HAL_Driver/Src/stm32f4xx_hal.o
 .ARM.attributes
                0x00000000000001ab       0x34 ./Drivers/STM32F4xx_HAL_Driver/Src/stm32f4xx_hal_cortex.o
 .ARM.attributes
                0x00000000000001df       0x34 ./Drivers/STM32F4xx_HAL_Driver/Src/stm32f4xx_hal_gpio.o
 .ARM.attributes
                0x0000000000000213       0x34 ./Drivers/STM32F4xx_HAL_Driver/Src/stm32f4xx_hal_i2c.o
 .ARM.attributes
                0x0000000000000247       0x34 ./Drivers/STM32F4xx_HAL_Driver/Src/stm32f4xx_hal_pcd.o
 .ARM.attributes
                0x000000000000027b       0x34 ./Drivers/STM32F4xx_HAL_Driver/Src/stm32f4xx_hal_pcd_ex.o
 .ARM.attributes
                0x00000000000002af       0x34 ./Drivers/STM32F4xx_HAL_Driver/Src/stm32f4xx_hal_rcc.o
 .ARM.attributes
                0x00000000000002e3       0x34 ./Drivers/STM32F4xx_HAL_Driver/Src/stm32f4xx_ll_usb.o
 .ARM.attributes
                0x0000000000000317       0x34 ./Middlewares/ST/STM32_USB_Device_Library/Class/CDC/Src/usbd_cdc.o
 .ARM.attributes
                0x000000000000034b       0x34 ./Middlewares/ST/STM32_USB_Device_Library/Core/Src/usbd_core.o
 .ARM.attributes
                0x000000000000037f       0x34 ./Middlewares/ST/STM32_USB_Device_Library/Core/Src/usbd_ctlreq.o
 .ARM.attributes
                0x00000000000003b3       0x34 ./Middlewares/ST/STM32_USB_Device_Library/Core/Src/usbd_ioreq.o
 .ARM.attributes
                0x00000000000003e7       0x34 ./USB_DEVICE/App/usb_device.o
 .ARM.attributes
                0x000000000000041b       0x34 ./USB_DEVICE/App/usbd_cdc_if.o
 .ARM.attributes
                0x000000000000044f       0x34 ./USB_DEVICE/App/usbd_desc.o
 .ARM.attributes
                0x0000000000000483       0x34 ./USB_DEVICE/Target/usbd_conf.o
 .ARM.attributes
                0x00000000000004b7       0x34 c:/st/stm32cubeide_1.7.0/stm32cubeide/plugins/com.st.stm32cube.ide.mcu.externaltools.gnu-tools-for-stm32.9-2020-q2-update.win32_2.0.0.202105311346/tools/bin/../lib/gcc/arm-none-eabi/9.3.1/../../../../arm-none-eabi/lib/thumb/v7e-m+fp/hard\libc_nano.a(lib_a-init.o)
 .ARM.attributes
                0x00000000000004eb       0x34 c:/st/stm32cubeide_1.7.0/stm32cubeide/plugins/com.st.stm32cube.ide.mcu.externaltools.gnu-tools-for-stm32.9-2020-q2-update.win32_2.0.0.202105311346/tools/bin/../lib/gcc/arm-none-eabi/9.3.1/../../../../arm-none-eabi/lib/thumb/v7e-m+fp/hard\libc_nano.a(lib_a-memset.o)
 .ARM.attributes
                0x000000000000051f       0x1e c:/st/stm32cubeide_1.7.0/stm32cubeide/plugins/com.st.stm32cube.ide.mcu.externaltools.gnu-tools-for-stm32.9-2020-q2-update.win32_2.0.0.202105311346/tools/bin/../lib/gcc/arm-none-eabi/9.3.1/thumb/v7e-m+fp/hard\libgcc.a(_aeabi_uldivmod.o)
 .ARM.attributes
                0x000000000000053d       0x34 c:/st/stm32cubeide_1.7.0/stm32cubeide/plugins/com.st.stm32cube.ide.mcu.externaltools.gnu-tools-for-stm32.9-2020-q2-update.win32_2.0.0.202105311346/tools/bin/../lib/gcc/arm-none-eabi/9.3.1/thumb/v7e-m+fp/hard\libgcc.a(_udivmoddi4.o)
 .ARM.attributes
                0x0000000000000571       0x1e c:/st/stm32cubeide_1.7.0/stm32cubeide/plugins/com.st.stm32cube.ide.mcu.externaltools.gnu-tools-for-stm32.9-2020-q2-update.win32_2.0.0.202105311346/tools/bin/../lib/gcc/arm-none-eabi/9.3.1/thumb/v7e-m+fp/hard\libgcc.a(_dvmd_tls.o)
 .ARM.attributes
                0x000000000000058f       0x1e c:/st/stm32cubeide_1.7.0/stm32cubeide/plugins/com.st.stm32cube.ide.mcu.externaltools.gnu-tools-for-stm32.9-2020-q2-update.win32_2.0.0.202105311346/tools/bin/../lib/gcc/arm-none-eabi/9.3.1/thumb/v7e-m+fp/hard/crtn.o
OUTPUT(Firmware_MAX86916.elf elf32-littlearm)
LOAD linker stubs
LOAD c:/st/stm32cubeide_1.7.0/stm32cubeide/plugins/com.st.stm32cube.ide.mcu.externaltools.gnu-tools-for-stm32.9-2020-q2-update.win32_2.0.0.202105311346/tools/bin/../lib/gcc/arm-none-eabi/9.3.1/../../../../arm-none-eabi/lib/thumb/v7e-m+fp/hard\libc.a
LOAD c:/st/stm32cubeide_1.7.0/stm32cubeide/plugins/com.st.stm32cube.ide.mcu.externaltools.gnu-tools-for-stm32.9-2020-q2-update.win32_2.0.0.202105311346/tools/bin/../lib/gcc/arm-none-eabi/9.3.1/../../../../arm-none-eabi/lib/thumb/v7e-m+fp/hard\libm.a
LOAD c:/st/stm32cubeide_1.7.0/stm32cubeide/plugins/com.st.stm32cube.ide.mcu.externaltools.gnu-tools-for-stm32.9-2020-q2-update.win32_2.0.0.202105311346/tools/bin/../lib/gcc/arm-none-eabi/9.3.1/thumb/v7e-m+fp/hard\libgcc.a

.debug_info     0x0000000000000000    0x173f2
 .debug_info    0x0000000000000000     0x17eb ./Core/Src/MAX86916/MAX86916.o
 .debug_info    0x00000000000017eb     0x1ac2 ./Core/Src/main.o
 .debug_info    0x00000000000032ad      0xa90 ./Core/Src/stm32f4xx_hal_msp.o
 .debug_info    0x0000000000003d3d      0x6ed ./Core/Src/stm32f4xx_it.o
 .debug_info    0x000000000000442a      0x5a4 ./Core/Src/system_stm32f4xx.o
 .debug_info    0x00000000000049ce       0x22 ./Core/Startup/startup_stm32f407vgtx.o
 .debug_info    0x00000000000049f0      0x9b2 ./Drivers/STM32F4xx_HAL_Driver/Src/stm32f4xx_hal.o
 .debug_info    0x00000000000053a2      0xed7 ./Drivers/STM32F4xx_HAL_Driver/Src/stm32f4xx_hal_cortex.o
 .debug_info    0x0000000000006279      0x83e ./Drivers/STM32F4xx_HAL_Driver/Src/stm32f4xx_hal_gpio.o
 .debug_info    0x0000000000006ab7     0x264d ./Drivers/STM32F4xx_HAL_Driver/Src/stm32f4xx_hal_i2c.o
 .debug_info    0x0000000000009104     0x12dd ./Drivers/STM32F4xx_HAL_Driver/Src/stm32f4xx_hal_pcd.o
 .debug_info    0x000000000000a3e1      0x7c3 ./Drivers/STM32F4xx_HAL_Driver/Src/stm32f4xx_hal_pcd_ex.o
 .debug_info    0x000000000000aba4      0x996 ./Drivers/STM32F4xx_HAL_Driver/Src/stm32f4xx_hal_rcc.o
 .debug_info    0x000000000000b53a     0x1ab4 ./Drivers/STM32F4xx_HAL_Driver/Src/stm32f4xx_ll_usb.o
 .debug_info    0x000000000000cfee     0x198b ./Middlewares/ST/STM32_USB_Device_Library/Class/CDC/Src/usbd_cdc.o
 .debug_info    0x000000000000e979     0x13a7 ./Middlewares/ST/STM32_USB_Device_Library/Core/Src/usbd_core.o
 .debug_info    0x000000000000fd20     0x1373 ./Middlewares/ST/STM32_USB_Device_Library/Core/Src/usbd_ctlreq.o
 .debug_info    0x0000000000011093     0x1095 ./Middlewares/ST/STM32_USB_Device_Library/Core/Src/usbd_ioreq.o
 .debug_info    0x0000000000012128      0xffe ./USB_DEVICE/App/usb_device.o
 .debug_info    0x0000000000013126     0x122f ./USB_DEVICE/App/usbd_cdc_if.o
 .debug_info    0x0000000000014355      0xdfa ./USB_DEVICE/App/usbd_desc.o
 .debug_info    0x000000000001514f     0x22a3 ./USB_DEVICE/Target/usbd_conf.o

.debug_abbrev   0x0000000000000000     0x3343
 .debug_abbrev  0x0000000000000000      0x2cc ./Core/Src/MAX86916/MAX86916.o
 .debug_abbrev  0x00000000000002cc      0x2de ./Core/Src/main.o
 .debug_abbrev  0x00000000000005aa      0x1ac ./Core/Src/stm32f4xx_hal_msp.o
 .debug_abbrev  0x0000000000000756      0x184 ./Core/Src/stm32f4xx_it.o
 .debug_abbrev  0x00000000000008da      0x145 ./Core/Src/system_stm32f4xx.o
 .debug_abbrev  0x0000000000000a1f       0x12 ./Core/Startup/startup_stm32f407vgtx.o
 .debug_abbrev  0x0000000000000a31      0x1ed ./Drivers/STM32F4xx_HAL_Driver/Src/stm32f4xx_hal.o
 .debug_abbrev  0x0000000000000c1e      0x33c ./Drivers/STM32F4xx_HAL_Driver/Src/stm32f4xx_hal_cortex.o
 .debug_abbrev  0x0000000000000f5a      0x1f1 ./Drivers/STM32F4xx_HAL_Driver/Src/stm32f4xx_hal_gpio.o
 .debug_abbrev  0x000000000000114b      0x282 ./Drivers/STM32F4xx_HAL_Driver/Src/stm32f4xx_hal_i2c.o
 .debug_abbrev  0x00000000000013cd      0x2a0 ./Drivers/STM32F4xx_HAL_Driver/Src/stm32f4xx_hal_pcd.o
 .debug_abbrev  0x000000000000166d      0x1fb ./Drivers/STM32F4xx_HAL_Driver/Src/stm32f4xx_hal_pcd_ex.o
 .debug_abbrev  0x0000000000001868      0x275 ./Drivers/STM32F4xx_HAL_Driver/Src/stm32f4xx_hal_rcc.o
 .debug_abbrev  0x0000000000001add      0x2a7 ./Drivers/STM32F4xx_HAL_Driver/Src/stm32f4xx_ll_usb.o
 .debug_abbrev  0x0000000000001d84      0x2fc ./Middlewares/ST/STM32_USB_Device_Library/Class/CDC/Src/usbd_cdc.o
 .debug_abbrev  0x0000000000002080      0x2b7 ./Middlewares/ST/STM32_USB_Device_Library/Core/Src/usbd_core.o
 .debug_abbrev  0x0000000000002337      0x2fc ./Middlewares/ST/STM32_USB_Device_Library/Core/Src/usbd_ctlreq.o
 .debug_abbrev  0x0000000000002633      0x22a ./Middlewares/ST/STM32_USB_Device_Library/Core/Src/usbd_ioreq.o
 .debug_abbrev  0x000000000000285d      0x204 ./USB_DEVICE/App/usb_device.o
 .debug_abbrev  0x0000000000002a61      0x30c ./USB_DEVICE/App/usbd_cdc_if.o
 .debug_abbrev  0x0000000000002d6d      0x2aa ./USB_DEVICE/App/usbd_desc.o
 .debug_abbrev  0x0000000000003017      0x32c ./USB_DEVICE/Target/usbd_conf.o

.debug_aranges  0x0000000000000000      0xe78
 .debug_aranges
                0x0000000000000000       0xb0 ./Core/Src/MAX86916/MAX86916.o
 .debug_aranges
                0x00000000000000b0       0x48 ./Core/Src/main.o
 .debug_aranges
                0x00000000000000f8       0x30 ./Core/Src/stm32f4xx_hal_msp.o
 .debug_aranges
                0x0000000000000128       0x70 ./Core/Src/stm32f4xx_it.o
 .debug_aranges
                0x0000000000000198       0x28 ./Core/Src/system_stm32f4xx.o
 .debug_aranges
                0x00000000000001c0       0x28 ./Core/Startup/startup_stm32f407vgtx.o
 .debug_aranges
                0x00000000000001e8       0xf0 ./Drivers/STM32F4xx_HAL_Driver/Src/stm32f4xx_hal.o
 .debug_aranges
                0x00000000000002d8      0x118 ./Drivers/STM32F4xx_HAL_Driver/Src/stm32f4xx_hal_cortex.o
 .debug_aranges
                0x00000000000003f0       0x58 ./Drivers/STM32F4xx_HAL_Driver/Src/stm32f4xx_hal_gpio.o
 .debug_aranges
                0x0000000000000448      0x2a0 ./Drivers/STM32F4xx_HAL_Driver/Src/stm32f4xx_hal_i2c.o
 .debug_aranges
                0x00000000000006e8      0x138 ./Drivers/STM32F4xx_HAL_Driver/Src/stm32f4xx_hal_pcd.o
 .debug_aranges
                0x0000000000000820       0x38 ./Drivers/STM32F4xx_HAL_Driver/Src/stm32f4xx_hal_pcd_ex.o
 .debug_aranges
                0x0000000000000858       0x88 ./Drivers/STM32F4xx_HAL_Driver/Src/stm32f4xx_hal_rcc.o
 .debug_aranges
                0x00000000000008e0      0x198 ./Drivers/STM32F4xx_HAL_Driver/Src/stm32f4xx_ll_usb.o
 .debug_aranges
                0x0000000000000a78       0x90 ./Middlewares/ST/STM32_USB_Device_Library/Class/CDC/Src/usbd_cdc.o
 .debug_aranges
                0x0000000000000b08       0xb8 ./Middlewares/ST/STM32_USB_Device_Library/Core/Src/usbd_core.o
 .debug_aranges
                0x0000000000000bc0       0x90 ./Middlewares/ST/STM32_USB_Device_Library/Core/Src/usbd_ctlreq.o
 .debug_aranges
                0x0000000000000c50       0x50 ./Middlewares/ST/STM32_USB_Device_Library/Core/Src/usbd_ioreq.o
 .debug_aranges
                0x0000000000000ca0       0x20 ./USB_DEVICE/App/usb_device.o
 .debug_aranges
                0x0000000000000cc0       0x48 ./USB_DEVICE/App/usbd_cdc_if.o
 .debug_aranges
                0x0000000000000d08       0x60 ./USB_DEVICE/App/usbd_desc.o
 .debug_aranges
                0x0000000000000d68      0x110 ./USB_DEVICE/Target/usbd_conf.o

.debug_ranges   0x0000000000000000      0xd48
 .debug_ranges  0x0000000000000000       0xa0 ./Core/Src/MAX86916/MAX86916.o
 .debug_ranges  0x00000000000000a0       0x38 ./Core/Src/main.o
 .debug_ranges  0x00000000000000d8       0x20 ./Core/Src/stm32f4xx_hal_msp.o
 .debug_ranges  0x00000000000000f8       0x60 ./Core/Src/stm32f4xx_it.o
 .debug_ranges  0x0000000000000158       0x18 ./Core/Src/system_stm32f4xx.o
 .debug_ranges  0x0000000000000170       0x20 ./Core/Startup/startup_stm32f407vgtx.o
 .debug_ranges  0x0000000000000190       0xe0 ./Drivers/STM32F4xx_HAL_Driver/Src/stm32f4xx_hal.o
 .debug_ranges  0x0000000000000270      0x108 ./Drivers/STM32F4xx_HAL_Driver/Src/stm32f4xx_hal_cortex.o
 .debug_ranges  0x0000000000000378       0x48 ./Drivers/STM32F4xx_HAL_Driver/Src/stm32f4xx_hal_gpio.o
 .debug_ranges  0x00000000000003c0      0x2b8 ./Drivers/STM32F4xx_HAL_Driver/Src/stm32f4xx_hal_i2c.o
 .debug_ranges  0x0000000000000678      0x128 ./Drivers/STM32F4xx_HAL_Driver/Src/stm32f4xx_hal_pcd.o
 .debug_ranges  0x00000000000007a0       0x28 ./Drivers/STM32F4xx_HAL_Driver/Src/stm32f4xx_hal_pcd_ex.o
 .debug_ranges  0x00000000000007c8       0x78 ./Drivers/STM32F4xx_HAL_Driver/Src/stm32f4xx_hal_rcc.o
 .debug_ranges  0x0000000000000840      0x188 ./Drivers/STM32F4xx_HAL_Driver/Src/stm32f4xx_ll_usb.o
 .debug_ranges  0x00000000000009c8       0x80 ./Middlewares/ST/STM32_USB_Device_Library/Class/CDC/Src/usbd_cdc.o
 .debug_ranges  0x0000000000000a48       0xa8 ./Middlewares/ST/STM32_USB_Device_Library/Core/Src/usbd_core.o
 .debug_ranges  0x0000000000000af0       0x80 ./Middlewares/ST/STM32_USB_Device_Library/Core/Src/usbd_ctlreq.o
 .debug_ranges  0x0000000000000b70       0x40 ./Middlewares/ST/STM32_USB_Device_Library/Core/Src/usbd_ioreq.o
 .debug_ranges  0x0000000000000bb0       0x10 ./USB_DEVICE/App/usb_device.o
 .debug_ranges  0x0000000000000bc0       0x38 ./USB_DEVICE/App/usbd_cdc_if.o
 .debug_ranges  0x0000000000000bf8       0x50 ./USB_DEVICE/App/usbd_desc.o
 .debug_ranges  0x0000000000000c48      0x100 ./USB_DEVICE/Target/usbd_conf.o

.debug_macro    0x0000000000000000    0x2399c
 .debug_macro   0x0000000000000000      0x2e3 ./Core/Src/MAX86916/MAX86916.o
 .debug_macro   0x00000000000002e3      0xaa8 ./Core/Src/MAX86916/MAX86916.o
 .debug_macro   0x0000000000000d8b       0x22 ./Core/Src/MAX86916/MAX86916.o
 .debug_macro   0x0000000000000dad       0x8e ./Core/Src/MAX86916/MAX86916.o
 .debug_macro   0x0000000000000e3b       0x51 ./Core/Src/MAX86916/MAX86916.o
 .debug_macro   0x0000000000000e8c      0x103 ./Core/Src/MAX86916/MAX86916.o
 .debug_macro   0x0000000000000f8f       0x6a ./Core/Src/MAX86916/MAX86916.o
 .debug_macro   0x0000000000000ff9      0x1df ./Core/Src/MAX86916/MAX86916.o
 .debug_macro   0x00000000000011d8       0x22 ./Core/Src/MAX86916/MAX86916.o
 .debug_macro   0x00000000000011fa       0xd3 ./Core/Src/MAX86916/MAX86916.o
 .debug_macro   0x00000000000012cd      0x29b ./Core/Src/MAX86916/MAX86916.o
 .debug_macro   0x0000000000001568       0x2e ./Core/Src/MAX86916/MAX86916.o
 .debug_macro   0x0000000000001596       0x2f ./Core/Src/MAX86916/MAX86916.o
 .debug_macro   0x00000000000015c5       0x1c ./Core/Src/MAX86916/MAX86916.o
 .debug_macro   0x00000000000015e1       0x22 ./Core/Src/MAX86916/MAX86916.o
 .debug_macro   0x0000000000001603       0xdf ./Core/Src/MAX86916/MAX86916.o
 .debug_macro   0x00000000000016e2     0x102d ./Core/Src/MAX86916/MAX86916.o
 .debug_macro   0x000000000000270f      0x11f ./Core/Src/MAX86916/MAX86916.o
 .debug_macro   0x000000000000282e    0x15e58 ./Core/Src/MAX86916/MAX86916.o
 .debug_macro   0x0000000000018686       0x6d ./Core/Src/MAX86916/MAX86916.o
 .debug_macro   0x00000000000186f3     0x3666 ./Core/Src/MAX86916/MAX86916.o
 .debug_macro   0x000000000001bd59      0x174 ./Core/Src/MAX86916/MAX86916.o
 .debug_macro   0x000000000001becd       0x5c ./Core/Src/MAX86916/MAX86916.o
 .debug_macro   0x000000000001bf29      0x96b ./Core/Src/MAX86916/MAX86916.o
 .debug_macro   0x000000000001c894      0x9fe ./Core/Src/MAX86916/MAX86916.o
 .debug_macro   0x000000000001d292      0x116 ./Core/Src/MAX86916/MAX86916.o
 .debug_macro   0x000000000001d3a8      0x13e ./Core/Src/MAX86916/MAX86916.o
 .debug_macro   0x000000000001d4e6       0xa5 ./Core/Src/MAX86916/MAX86916.o
 .debug_macro   0x000000000001d58b      0x174 ./Core/Src/MAX86916/MAX86916.o
 .debug_macro   0x000000000001d6ff      0x287 ./Core/Src/MAX86916/MAX86916.o
 .debug_macro   0x000000000001d986       0x5f ./Core/Src/MAX86916/MAX86916.o
 .debug_macro   0x000000000001d9e5      0x236 ./Core/Src/MAX86916/MAX86916.o
 .debug_macro   0x000000000001dc1b      0x12c ./Core/Src/MAX86916/MAX86916.o
 .debug_macro   0x000000000001dd47      0x21e ./Core/Src/MAX86916/MAX86916.o
 .debug_macro   0x000000000001df65       0x2e ./Core/Src/MAX86916/MAX86916.o
 .debug_macro   0x000000000001df93      0x1b5 ./Core/Src/MAX86916/MAX86916.o
 .debug_macro   0x000000000001e148       0xd6 ./Core/Src/MAX86916/MAX86916.o
 .debug_macro   0x000000000001e21e      0x11a ./Core/Src/MAX86916/MAX86916.o
 .debug_macro   0x000000000001e338       0x7e ./Core/Src/MAX86916/MAX86916.o
 .debug_macro   0x000000000001e3b6       0x89 ./Core/Src/MAX86916/MAX86916.o
 .debug_macro   0x000000000001e43f      0x21e ./Core/Src/MAX86916/MAX86916.o
 .debug_macro   0x000000000001e65d       0xba ./Core/Src/MAX86916/MAX86916.o
 .debug_macro   0x000000000001e717      0x12d ./Core/Src/MAX86916/MAX86916.o
 .debug_macro   0x000000000001e844      0x196 ./Core/Src/MAX86916/MAX86916.o
 .debug_macro   0x000000000001e9da       0x52 ./Core/Src/MAX86916/MAX86916.o
 .debug_macro   0x000000000001ea2c       0x18 ./Core/Src/MAX86916/MAX86916.o
 .debug_macro   0x000000000001ea44       0x3c ./Core/Src/MAX86916/MAX86916.o
 .debug_macro   0x000000000001ea80       0x34 ./Core/Src/MAX86916/MAX86916.o
 .debug_macro   0x000000000001eab4       0x16 ./Core/Src/MAX86916/MAX86916.o
 .debug_macro   0x000000000001eaca       0x43 ./Core/Src/MAX86916/MAX86916.o
 .debug_macro   0x000000000001eb0d       0x34 ./Core/Src/MAX86916/MAX86916.o
 .debug_macro   0x000000000001eb41       0x10 ./Core/Src/MAX86916/MAX86916.o
 .debug_macro   0x000000000001eb51       0x58 ./Core/Src/MAX86916/MAX86916.o
 .debug_macro   0x000000000001eba9       0x71 ./Core/Src/MAX86916/MAX86916.o
 .debug_macro   0x000000000001ec1a       0x1c ./Core/Src/MAX86916/MAX86916.o
 .debug_macro   0x000000000001ec36      0x12a ./Core/Src/MAX86916/MAX86916.o
 .debug_macro   0x000000000001ed60      0x333 ./Core/Src/MAX86916/MAX86916.o
 .debug_macro   0x000000000001f093       0x10 ./Core/Src/MAX86916/MAX86916.o
 .debug_macro   0x000000000001f0a3       0x35 ./Core/Src/MAX86916/MAX86916.o
 .debug_macro   0x000000000001f0d8       0x20 ./Core/Src/MAX86916/MAX86916.o
 .debug_macro   0x000000000001f0f8      0x404 ./Core/Src/main.o
 .debug_macro   0x000000000001f4fc       0x16 ./Core/Src/main.o
 .debug_macro   0x000000000001f512       0x10 ./Core/Src/main.o
 .debug_macro   0x000000000001f522       0x10 ./Core/Src/main.o
 .debug_macro   0x000000000001f532       0x1c ./Core/Src/main.o
 .debug_macro   0x000000000001f54e       0x52 ./Core/Src/main.o
 .debug_macro   0x000000000001f5a0       0x22 ./Core/Src/main.o
 .debug_macro   0x000000000001f5c2       0x10 ./Core/Src/main.o
 .debug_macro   0x000000000001f5d2       0x40 ./Core/Src/main.o
 .debug_macro   0x000000000001f612       0xd5 ./Core/Src/main.o
 .debug_macro   0x000000000001f6e7       0x1c ./Core/Src/main.o
 .debug_macro   0x000000000001f703       0x3d ./Core/Src/main.o
 .debug_macro   0x000000000001f740       0x16 ./Core/Src/main.o
 .debug_macro   0x000000000001f756      0x145 ./Core/Src/main.o
 .debug_macro   0x000000000001f89b       0x16 ./Core/Src/main.o
 .debug_macro   0x000000000001f8b1       0x16 ./Core/Src/main.o
 .debug_macro   0x000000000001f8c7       0x29 ./Core/Src/main.o
 .debug_macro   0x000000000001f8f0       0x16 ./Core/Src/main.o
 .debug_macro   0x000000000001f906       0x65 ./Core/Src/main.o
 .debug_macro   0x000000000001f96b      0x1ef ./Core/Src/main.o
 .debug_macro   0x000000000001fb5a      0x1fd ./Core/Src/stm32f4xx_hal_msp.o
 .debug_macro   0x000000000001fd57      0x207 ./Core/Src/stm32f4xx_it.o
 .debug_macro   0x000000000001ff5e      0x1ee ./Core/Src/system_stm32f4xx.o
 .debug_macro   0x000000000002014c      0x24e ./Drivers/STM32F4xx_HAL_Driver/Src/stm32f4xx_hal.o
 .debug_macro   0x000000000002039a      0x1ee ./Drivers/STM32F4xx_HAL_Driver/Src/stm32f4xx_hal_cortex.o
 .debug_macro   0x0000000000020588      0x1f4 ./Drivers/STM32F4xx_HAL_Driver/Src/stm32f4xx_hal_gpio.o
 .debug_macro   0x000000000002077c      0x235 ./Drivers/STM32F4xx_HAL_Driver/Src/stm32f4xx_hal_i2c.o
 .debug_macro   0x00000000000209b1      0x1fa ./Drivers/STM32F4xx_HAL_Driver/Src/stm32f4xx_hal_pcd.o
 .debug_macro   0x0000000000020bab      0x1ee ./Drivers/STM32F4xx_HAL_Driver/Src/stm32f4xx_hal_pcd_ex.o
 .debug_macro   0x0000000000020d99      0x212 ./Drivers/STM32F4xx_HAL_Driver/Src/stm32f4xx_hal_rcc.o
 .debug_macro   0x0000000000020fab      0x1ee ./Drivers/STM32F4xx_HAL_Driver/Src/stm32f4xx_ll_usb.o
 .debug_macro   0x0000000000021199      0x413 ./Middlewares/ST/STM32_USB_Device_Library/Class/CDC/Src/usbd_cdc.o
 .debug_macro   0x00000000000215ac       0x97 ./Middlewares/ST/STM32_USB_Device_Library/Class/CDC/Src/usbd_cdc.o
 .debug_macro   0x0000000000021643       0xfd ./Middlewares/ST/STM32_USB_Device_Library/Class/CDC/Src/usbd_cdc.o
 .debug_macro   0x0000000000021740       0xd9 ./Middlewares/ST/STM32_USB_Device_Library/Class/CDC/Src/usbd_cdc.o
 .debug_macro   0x0000000000021819       0x56 ./Middlewares/ST/STM32_USB_Device_Library/Class/CDC/Src/usbd_cdc.o
 .debug_macro   0x000000000002186f       0x95 ./Middlewares/ST/STM32_USB_Device_Library/Class/CDC/Src/usbd_cdc.o
 .debug_macro   0x0000000000021904      0x3fa ./Middlewares/ST/STM32_USB_Device_Library/Core/Src/usbd_core.o
 .debug_macro   0x0000000000021cfe      0x1f5 ./Middlewares/ST/STM32_USB_Device_Library/Core/Src/usbd_core.o
 .debug_macro   0x0000000000021ef3      0x404 ./Middlewares/ST/STM32_USB_Device_Library/Core/Src/usbd_ctlreq.o
 .debug_macro   0x00000000000222f7      0x400 ./Middlewares/ST/STM32_USB_Device_Library/Core/Src/usbd_ioreq.o
 .debug_macro   0x00000000000226f7      0x433 ./USB_DEVICE/App/usb_device.o
 .debug_macro   0x0000000000022b2a      0x19c ./USB_DEVICE/App/usb_device.o
 .debug_macro   0x0000000000022cc6       0x22 ./USB_DEVICE/App/usb_device.o
 .debug_macro   0x0000000000022ce8       0x16 ./USB_DEVICE/App/usb_device.o
 .debug_macro   0x0000000000022cfe      0x41e ./USB_DEVICE/App/usbd_cdc_if.o
 .debug_macro   0x000000000002311c       0x10 ./USB_DEVICE/App/usbd_cdc_if.o
 .debug_macro   0x000000000002312c      0x43d ./USB_DEVICE/App/usbd_desc.o
 .debug_macro   0x0000000000023569       0x1c ./USB_DEVICE/App/usbd_desc.o
 .debug_macro   0x0000000000023585      0x417 ./USB_DEVICE/Target/usbd_conf.o

.debug_line     0x0000000000000000    0x13575
 .debug_line    0x0000000000000000      0xf44 ./Core/Src/MAX86916/MAX86916.o
 .debug_line    0x0000000000000f44      0xc14 ./Core/Src/main.o
 .debug_line    0x0000000000001b58      0x756 ./Core/Src/stm32f4xx_hal_msp.o
 .debug_line    0x00000000000022ae      0x7e8 ./Core/Src/stm32f4xx_it.o
 .debug_line    0x0000000000002a96      0x777 ./Core/Src/system_stm32f4xx.o
 .debug_line    0x000000000000320d       0x88 ./Core/Startup/startup_stm32f407vgtx.o
 .debug_line    0x0000000000003295      0x9dd ./Drivers/STM32F4xx_HAL_Driver/Src/stm32f4xx_hal.o
 .debug_line    0x0000000000003c72      0xc8c ./Drivers/STM32F4xx_HAL_Driver/Src/stm32f4xx_hal_cortex.o
 .debug_line    0x00000000000048fe      0xb53 ./Drivers/STM32F4xx_HAL_Driver/Src/stm32f4xx_hal_gpio.o
 .debug_line    0x0000000000005451     0x3989 ./Drivers/STM32F4xx_HAL_Driver/Src/stm32f4xx_hal_i2c.o
 .debug_line    0x0000000000008dda     0x132a ./Drivers/STM32F4xx_HAL_Driver/Src/stm32f4xx_hal_pcd.o
 .debug_line    0x000000000000a104      0x7c0 ./Drivers/STM32F4xx_HAL_Driver/Src/stm32f4xx_hal_pcd_ex.o
 .debug_line    0x000000000000a8c4      0xd59 ./Drivers/STM32F4xx_HAL_Driver/Src/stm32f4xx_hal_rcc.o
 .debug_line    0x000000000000b61d     0x196c ./Drivers/STM32F4xx_HAL_Driver/Src/stm32f4xx_ll_usb.o
 .debug_line    0x000000000000cf89      0xdc3 ./Middlewares/ST/STM32_USB_Device_Library/Class/CDC/Src/usbd_cdc.o
 .debug_line    0x000000000000dd4c      0xe46 ./Middlewares/ST/STM32_USB_Device_Library/Core/Src/usbd_core.o
 .debug_line    0x000000000000eb92     0x10c6 ./Middlewares/ST/STM32_USB_Device_Library/Core/Src/usbd_ctlreq.o
 .debug_line    0x000000000000fc58      0xa9d ./Middlewares/ST/STM32_USB_Device_Library/Core/Src/usbd_ioreq.o
 .debug_line    0x00000000000106f5      0xa59 ./USB_DEVICE/App/usb_device.o
 .debug_line    0x000000000001114e      0xabc ./USB_DEVICE/App/usbd_cdc_if.o
 .debug_line    0x0000000000011c0a      0xb22 ./USB_DEVICE/App/usbd_desc.o
 .debug_line    0x000000000001272c      0xe49 ./USB_DEVICE/Target/usbd_conf.o

.debug_str      0x0000000000000000    0xc7736
 .debug_str     0x0000000000000000    0xc18d9 ./Core/Src/MAX86916/MAX86916.o
                                      0xc1c4e (size before relaxing)
 .debug_str     0x00000000000c18d9     0x2209 ./Core/Src/main.o
                                      0xc3c03 (size before relaxing)
 .debug_str     0x00000000000c3ae2       0x53 ./Core/Src/stm32f4xx_hal_msp.o
                                      0xbe16f (size before relaxing)
 .debug_str     0x00000000000c3b35      0x40d ./Core/Src/stm32f4xx_it.o
                                      0xbdf55 (size before relaxing)
 .debug_str     0x00000000000c3f42       0xaf ./Core/Src/system_stm32f4xx.o
                                      0xbd5db (size before relaxing)
 .debug_str     0x00000000000c3ff1       0x7b ./Core/Startup/startup_stm32f407vgtx.o
 .debug_str     0x00000000000c406c      0x583 ./Drivers/STM32F4xx_HAL_Driver/Src/stm32f4xx_hal.o
                                      0xbe0bd (size before relaxing)
 .debug_str     0x00000000000c45ef      0x38f ./Drivers/STM32F4xx_HAL_Driver/Src/stm32f4xx_hal_cortex.o
                                      0xbdeac (size before relaxing)
 .debug_str     0x00000000000c497e      0x15a ./Drivers/STM32F4xx_HAL_Driver/Src/stm32f4xx_hal_gpio.o
                                      0xbd782 (size before relaxing)
 .debug_str     0x00000000000c4ad8      0xaa6 ./Drivers/STM32F4xx_HAL_Driver/Src/stm32f4xx_hal_i2c.o
                                      0xbe55d (size before relaxing)
 .debug_str     0x00000000000c557e      0x564 ./Drivers/STM32F4xx_HAL_Driver/Src/stm32f4xx_hal_pcd.o
                                      0xbddc5 (size before relaxing)
 .debug_str     0x00000000000c5ae2      0x13f ./Drivers/STM32F4xx_HAL_Driver/Src/stm32f4xx_hal_pcd_ex.o
                                      0xbd990 (size before relaxing)
 .debug_str     0x00000000000c5c21      0x24e ./Drivers/STM32F4xx_HAL_Driver/Src/stm32f4xx_hal_rcc.o
                                      0xbd9dd (size before relaxing)
 .debug_str     0x00000000000c5e6f      0x6a3 ./Drivers/STM32F4xx_HAL_Driver/Src/stm32f4xx_ll_usb.o
                                      0xbdefc (size before relaxing)
 .debug_str     0x00000000000c6512      0x903 ./Middlewares/ST/STM32_USB_Device_Library/Class/CDC/Src/usbd_cdc.o
                                      0xc3448 (size before relaxing)
 .debug_str     0x00000000000c6e15      0x1a2 ./Middlewares/ST/STM32_USB_Device_Library/Core/Src/usbd_core.o
                                      0xc2cd4 (size before relaxing)
 .debug_str     0x00000000000c6fb7      0x152 ./Middlewares/ST/STM32_USB_Device_Library/Core/Src/usbd_ctlreq.o
                                      0xc2c92 (size before relaxing)
 .debug_str     0x00000000000c7109       0xc9 ./Middlewares/ST/STM32_USB_Device_Library/Core/Src/usbd_ioreq.o
                                      0xc2be2 (size before relaxing)
 .debug_str     0x00000000000c71d2      0x118 ./USB_DEVICE/App/usb_device.o
                                      0xc2f71 (size before relaxing)
 .debug_str     0x00000000000c72ea       0x8a ./USB_DEVICE/App/usbd_cdc_if.o
                                      0xc2fc3 (size before relaxing)
 .debug_str     0x00000000000c7374      0x26e ./USB_DEVICE/App/usbd_desc.o
                                      0xc2b34 (size before relaxing)
 .debug_str     0x00000000000c75e2      0x154 ./USB_DEVICE/Target/usbd_conf.o
                                      0xc3b72 (size before relaxing)

.comment        0x0000000000000000       0x53
 .comment       0x0000000000000000       0x53 ./Core/Src/MAX86916/MAX86916.o
                                         0x54 (size before relaxing)
 .comment       0x0000000000000053       0x54 ./Core/Src/main.o
 .comment       0x0000000000000053       0x54 ./Core/Src/stm32f4xx_hal_msp.o
 .comment       0x0000000000000053       0x54 ./Core/Src/stm32f4xx_it.o
 .comment       0x0000000000000053       0x54 ./Core/Src/system_stm32f4xx.o
 .comment       0x0000000000000053       0x54 ./Drivers/STM32F4xx_HAL_Driver/Src/stm32f4xx_hal.o
 .comment       0x0000000000000053       0x54 ./Drivers/STM32F4xx_HAL_Driver/Src/stm32f4xx_hal_cortex.o
 .comment       0x0000000000000053       0x54 ./Drivers/STM32F4xx_HAL_Driver/Src/stm32f4xx_hal_gpio.o
 .comment       0x0000000000000053       0x54 ./Drivers/STM32F4xx_HAL_Driver/Src/stm32f4xx_hal_i2c.o
 .comment       0x0000000000000053       0x54 ./Drivers/STM32F4xx_HAL_Driver/Src/stm32f4xx_hal_pcd.o
 .comment       0x0000000000000053       0x54 ./Drivers/STM32F4xx_HAL_Driver/Src/stm32f4xx_hal_pcd_ex.o
 .comment       0x0000000000000053       0x54 ./Drivers/STM32F4xx_HAL_Driver/Src/stm32f4xx_hal_rcc.o
 .comment       0x0000000000000053       0x54 ./Drivers/STM32F4xx_HAL_Driver/Src/stm32f4xx_ll_usb.o
 .comment       0x0000000000000053       0x54 ./Middlewares/ST/STM32_USB_Device_Library/Class/CDC/Src/usbd_cdc.o
 .comment       0x0000000000000053       0x54 ./Middlewares/ST/STM32_USB_Device_Library/Core/Src/usbd_core.o
 .comment       0x0000000000000053       0x54 ./Middlewares/ST/STM32_USB_Device_Library/Core/Src/usbd_ctlreq.o
 .comment       0x0000000000000053       0x54 ./Middlewares/ST/STM32_USB_Device_Library/Core/Src/usbd_ioreq.o
 .comment       0x0000000000000053       0x54 ./USB_DEVICE/App/usb_device.o
 .comment       0x0000000000000053       0x54 ./USB_DEVICE/App/usbd_cdc_if.o
 .comment       0x0000000000000053       0x54 ./USB_DEVICE/App/usbd_desc.o
 .comment       0x0000000000000053       0x54 ./USB_DEVICE/Target/usbd_conf.o

.debug_frame    0x0000000000000000     0x3b2c
 .debug_frame   0x0000000000000000      0x2cc ./Core/Src/MAX86916/MAX86916.o
 .debug_frame   0x00000000000002cc       0xd4 ./Core/Src/main.o
 .debug_frame   0x00000000000003a0       0x7c ./Core/Src/stm32f4xx_hal_msp.o
 .debug_frame   0x000000000000041c      0x13c ./Core/Src/stm32f4xx_it.o
 .debug_frame   0x0000000000000558       0x58 ./Core/Src/system_stm32f4xx.o
 .debug_frame   0x00000000000005b0      0x374 ./Drivers/STM32F4xx_HAL_Driver/Src/stm32f4xx_hal.o
 .debug_frame   0x0000000000000924      0x498 ./Drivers/STM32F4xx_HAL_Driver/Src/stm32f4xx_hal_cortex.o
 .debug_frame   0x0000000000000dbc      0x14c ./Drivers/STM32F4xx_HAL_Driver/Src/stm32f4xx_hal_gpio.o